Component: ARM Compiler 5.06 update 5 (build 528) Tool: armlink [4d35e2]

==============================================================================

Section Cross References

    startup_stm32f407xx.o(STACK) refers (Special) to heapauxi.o(.text) for __use_two_region_memory
    startup_stm32f407xx.o(HEAP) refers (Special) to heapauxi.o(.text) for __use_two_region_memory
    startup_stm32f407xx.o(RESET) refers (Special) to heapauxi.o(.text) for __use_two_region_memory
    startup_stm32f407xx.o(RESET) refers to startup_stm32f407xx.o(STACK) for __initial_sp
    startup_stm32f407xx.o(RESET) refers to startup_stm32f407xx.o(.text) for Reset_Handler
    startup_stm32f407xx.o(RESET) refers to stm32f4xx_it.o(i.NMI_Handler) for NMI_Handler
    startup_stm32f407xx.o(RESET) refers to stm32f4xx_it.o(i.HardFault_Handler) for HardFault_Handler
    startup_stm32f407xx.o(RESET) refers to stm32f4xx_it.o(i.MemManage_Handler) for MemManage_Handler
    startup_stm32f407xx.o(RESET) refers to stm32f4xx_it.o(i.BusFault_Handler) for BusFault_Handler
    startup_stm32f407xx.o(RESET) refers to stm32f4xx_it.o(i.UsageFault_Handler) for UsageFault_Handler
    startup_stm32f407xx.o(RESET) refers to port.o(.emb_text) for SVC_Handler
    startup_stm32f407xx.o(RESET) refers to stm32f4xx_it.o(i.DebugMon_Handler) for DebugMon_Handler
    startup_stm32f407xx.o(RESET) refers to stm32f4xx_it.o(i.SysTick_Handler) for SysTick_Handler
    startup_stm32f407xx.o(RESET) refers to stm32f4xx_it.o(i.EXTI0_IRQHandler) for EXTI0_IRQHandler
    startup_stm32f407xx.o(RESET) refers to stm32f4xx_it.o(i.EXTI3_IRQHandler) for EXTI3_IRQHandler
    startup_stm32f407xx.o(RESET) refers to stm32f4xx_it.o(i.EXTI4_IRQHandler) for EXTI4_IRQHandler
    startup_stm32f407xx.o(RESET) refers to stm32f4xx_it.o(i.CAN1_RX0_IRQHandler) for CAN1_RX0_IRQHandler
    startup_stm32f407xx.o(RESET) refers to stm32f4xx_it.o(i.EXTI9_5_IRQHandler) for EXTI9_5_IRQHandler
    startup_stm32f407xx.o(RESET) refers to nuccommu.o(i.USART1_IRQHandler) for USART1_IRQHandler
    startup_stm32f407xx.o(RESET) refers to remote_control.o(i.USART3_IRQHandler) for USART3_IRQHandler
    startup_stm32f407xx.o(RESET) refers to bsp_i2c.o(i.DMA1_Stream7_IRQHandler) for DMA1_Stream7_IRQHandler
    startup_stm32f407xx.o(RESET) refers to stm32f4xx_it.o(i.DMA2_Stream1_IRQHandler) for DMA2_Stream1_IRQHandler
    startup_stm32f407xx.o(RESET) refers to stm32f4xx_it.o(i.CAN2_RX0_IRQHandler) for CAN2_RX0_IRQHandler
    startup_stm32f407xx.o(RESET) refers to stm32f4xx_it.o(i.OTG_FS_IRQHandler) for OTG_FS_IRQHandler
    startup_stm32f407xx.o(RESET) refers to stm32f4xx_it.o(i.DMA2_Stream5_IRQHandler) for DMA2_Stream5_IRQHandler
    startup_stm32f407xx.o(RESET) refers to stm32f4xx_it.o(i.DMA2_Stream6_IRQHandler) for DMA2_Stream6_IRQHandler
    startup_stm32f407xx.o(RESET) refers to stm32f4xx_it.o(i.DMA2_Stream7_IRQHandler) for DMA2_Stream7_IRQHandler
    startup_stm32f407xx.o(RESET) refers to referee_usart_task.o(i.USART6_IRQHandler) for USART6_IRQHandler
    startup_stm32f407xx.o(.text) refers (Special) to heapauxi.o(.text) for __use_two_region_memory
    startup_stm32f407xx.o(.text) refers to system_stm32f4xx.o(i.SystemInit) for SystemInit
    startup_stm32f407xx.o(.text) refers to __main.o(!!!main) for __main
    startup_stm32f407xx.o(.text) refers to startup_stm32f407xx.o(HEAP) for Heap_Mem
    startup_stm32f407xx.o(.text) refers to startup_stm32f407xx.o(STACK) for Stack_Mem
    main.o(i.SystemClock_Config) refers to rt_memclr_w.o(.text) for __aeabi_memclr4
    main.o(i.SystemClock_Config) refers to stm32f4xx_hal_rcc.o(i.HAL_RCC_OscConfig) for HAL_RCC_OscConfig
    main.o(i.SystemClock_Config) refers to stm32f4xx_hal_rcc.o(i.HAL_RCC_ClockConfig) for HAL_RCC_ClockConfig
    main.o(i.SystemClock_Config) refers to stm32f4xx_hal_rcc_ex.o(i.HAL_RCCEx_PeriphCLKConfig) for HAL_RCCEx_PeriphCLKConfig
    main.o(i.main) refers to stm32f4xx_hal.o(i.HAL_Init) for HAL_Init
    main.o(i.main) refers to main.o(i.SystemClock_Config) for SystemClock_Config
    main.o(i.main) refers to gpio.o(i.MX_GPIO_Init) for MX_GPIO_Init
    main.o(i.main) refers to dma.o(i.MX_DMA_Init) for MX_DMA_Init
    main.o(i.main) refers to adc.o(i.MX_ADC1_Init) for MX_ADC1_Init
    main.o(i.main) refers to adc.o(i.MX_ADC3_Init) for MX_ADC3_Init
    main.o(i.main) refers to can.o(i.MX_CAN1_Init) for MX_CAN1_Init
    main.o(i.main) refers to can.o(i.MX_CAN2_Init) for MX_CAN2_Init
    main.o(i.main) refers to i2c.o(i.MX_I2C1_Init) for MX_I2C1_Init
    main.o(i.main) refers to spi.o(i.MX_SPI1_Init) for MX_SPI1_Init
    main.o(i.main) refers to tim.o(i.MX_TIM4_Init) for MX_TIM4_Init
    main.o(i.main) refers to tim.o(i.MX_TIM5_Init) for MX_TIM5_Init
    main.o(i.main) refers to usart.o(i.MX_USART3_UART_Init) for MX_USART3_UART_Init
    main.o(i.main) refers to tim.o(i.MX_TIM8_Init) for MX_TIM8_Init
    main.o(i.main) refers to crc.o(i.MX_CRC_Init) for MX_CRC_Init
    main.o(i.main) refers to rng.o(i.MX_RNG_Init) for MX_RNG_Init
[...]
    0x080002cc   0x080002cc   0x00000002   Code   RO        12837    .ARM.Collect$$libinit$$00000000  c_w.l(libinit.o)
    0x080002ce   0x080002ce   0x00000004   Code   RO        12567    .ARM.Collect$$libinit$$00000001  c_w.l(libinit2.o)
    0x080002d2   0x080002d2   0x00000000   Code   RO        12570    .ARM.Collect$$libinit$$00000004  c_w.l(libinit2.o)
    0x080002d2   0x080002d2   0x00000008   Code   RO        12571    .ARM.Collect$$libinit$$00000005  c_w.l(libinit2.o)
    0x080002da   0x080002da   0x00000000   Code   RO        12573    .ARM.Collect$$libinit$$0000000A  c_w.l(libinit2.o)
    0x080002da   0x080002da   0x00000000   Code   RO        12575    .ARM.Collect$$libinit$$0000000C  c_w.l(libinit2.o)
    0x080002da   0x080002da   0x00000000   Code   RO        12577    .ARM.Collect$$libinit$$0000000E  c_w.l(libinit2.o)
    0x080002da   0x080002da   0x00000006   Code   RO        12578    .ARM.Collect$$libinit$$0000000F  c_w.l(libinit2.o)
    0x080002e0   0x080002e0   0x00000000   Code   RO        12580    .ARM.Collect$$libinit$$00000011  c_w.l(libinit2.o)
    0x080002e0   0x080002e0   0x0000000c   Code   RO        12581    .ARM.Collect$$libinit$$00000012  c_w.l(libinit2.o)
    0x080002ec   0x080002ec   0x00000000   Code   RO        12582    .ARM.Collect$$libinit$$00000013  c_w.l(libinit2.o)
    0x080002ec   0x080002ec   0x00000000   Code   RO        12584    .ARM.Collect$$libinit$$00000015  c_w.l(libinit2.o)
    0x080002ec   0x080002ec   0x0000000a   Code   RO        12585    .ARM.Collect$$libinit$$00000016  c_w.l(libinit2.o)
    0x080002f6   0x080002f6   0x00000000   Code   RO        12586    .ARM.Collect$$libinit$$00000017  c_w.l(libinit2.o)
    0x080002f6   0x080002f6   0x00000000   Code   RO        12588    .ARM.Collect$$libinit$$00000019  c_w.l(libinit2.o)
    0x080002f6   0x080002f6   0x00000000   Code   RO        12590    .ARM.Collect$$libinit$$0000001B  c_w.l(libinit2.o)
    0x080002f6   0x080002f6   0x00000000   Code   RO        12592    .ARM.Collect$$libinit$$0000001D  c_w.l(libinit2.o)
    0x080002f6   0x080002f6   0x00000000   Code   RO        12594    .ARM.Collect$$libinit$$0000001F  c_w.l(libinit2.o)
    0x080002f6   0x080002f6   0x00000000   Code   RO        12596    .ARM.Collect$$libinit$$00000021  c_w.l(libinit2.o)
    0x080002f6   0x080002f6   0x00000000   Code   RO        12598    .ARM.Collect$$libinit$$00000023  c_w.l(libinit2.o)
    0x080002f6   0x080002f6   0x00000000   Code   RO        12600    .ARM.Collect$$libinit$$00000025  c_w.l(libinit2.o)
    0x080002f6   0x080002f6   0x00000000   Code   RO        12604    .ARM.Collect$$libinit$$0000002C  c_w.l(libinit2.o)
    0x080002f6   0x080002f6   0x00000000   Code   RO        12606    .ARM.Collect$$libinit$$0000002E  c_w.l(libinit2.o)
    0x080002f6   0x080002f6   0x00000000   Code   RO        12608    .ARM.Collect$$libinit$$00000030  c_w.l(libinit2.o)
    0x080002f6   0x080002f6   0x00000000   Code   RO        12610    .ARM.Collect$$libinit$$00000032  c_w.l(libinit2.o)
    0x080002f6   0x080002f6   0x00000002   Code   RO        12611    .ARM.Collect$$libinit$$00000033  c_w.l(libinit2.o)
    0x080002f8   0x080002f8   0x00000002   Code   RO        12900    .ARM.Collect$$libshutdown$$00000000  c_w.l(libshutdown.o)
    0x080002fa   0x080002fa   0x00000000   Code   RO        12858    .ARM.Collect$$libshutdown$$00000002  c_w.l(libshutdown2.o)
    0x080002fa   0x080002fa   0x00000000   Code   RO        12860    .ARM.Collect$$libshutdown$$00000004  c_w.l(libshutdown2.o)
    0x080002fa   0x080002fa   0x00000000   Code   RO        12863    .ARM.Collect$$libshutdown$$00000007  c_w.l(libshutdown2.o)
    0x080002fa   0x080002fa   0x00000000   Code   RO        12866    .ARM.Collect$$libshutdown$$0000000A  c_w.l(libshutdown2.o)
    0x080002fa   0x080002fa   0x00000000   Code   RO        12868    .ARM.Collect$$libshutdown$$0000000C  c_w.l(libshutdown2.o)
    0x080002fa   0x080002fa   0x00000000   Code   RO        12871    .ARM.Collect$$libshutdown$$0000000F  c_w.l(libshutdown2.o)
    0x080002fa   0x080002fa   0x00000002   Code   RO        12872    .ARM.Collect$$libshutdown$$00000010  c_w.l(libshutdown2.o)
    0x080002fc   0x080002fc   0x00000000   Code   RO        12442    .ARM.Collect$$rtentry$$00000000  c_w.l(__rtentry.o)
    0x080002fc   0x080002fc   0x00000000   Code   RO        12702    .ARM.Collect$$rtentry$$00000002  c_w.l(__rtentry2.o)
    0x080002fc   0x080002fc   0x00000006   Code   RO        12714    .ARM.Collect$$rtentry$$00000004  c_w.l(__rtentry4.o)
    0x08000302   0x08000302   0x00000000   Code   RO        12704    .ARM.Collect$$rtentry$$00000009  c_w.l(__rtentry2.o)
    0x08000302   0x08000302   0x00000004   Code   RO        12705    .ARM.Collect$$rtentry$$0000000A  c_w.l(__rtentry2.o)
    0x08000306   0x08000306   0x00000000   Code   RO        12707    .ARM.Collect$$rtentry$$0000000C  c_w.l(__rtentry2.o)
    0x08000306   0x08000306   0x00000008   Code   RO        12708    .ARM.Collect$$rtentry$$0000000D  c_w.l(__rtentry2.o)
    0x0800030e   0x0800030e   0x00000002   Code   RO        12840    .ARM.Collect$$rtexit$$00000000  c_w.l(rtexit.o)
    0x08000310   0x08000310   0x00000000   Code   RO        12876    .ARM.Collect$$rtexit$$00000002  c_w.l(rtexit2.o)
    0x08000310   0x08000310   0x00000004   Code   RO        12877    .ARM.Collect$$rtexit$$00000003  c_w.l(rtexit2.o)
    0x08000314   0x08000314   0x00000006   Code   RO        12878    .ARM.Collect$$rtexit$$00000004  c_w.l(rtexit2.o)
    0x0800031a   0x0800031a   0x00000002   PAD
    0x0800031c   0x0800031c   0x000000be   Code   RO        11458    .emb_text           port.o
    0x080003da   0x080003da   0x00000002   PAD
    0x080003dc   0x080003dc   0x00000000   Code   RO        12725    .emb_text           c_w.l(maybetermalloc1.o)
    0x080003dc   0x080003dc   0x00000040   Code   RO            4    .text               startup_stm32f407xx.o
    0x0800041c   0x0800041c   0x00000078   Code   RO        11907    .text               arm_cortexM4lf_math.lib(arm_cos_f32.o)
    0x08000494   0x08000494   0x00000074   Code   RO        11960    .text               arm_cortexM4lf_math.lib(arm_sin_f32.o)
    0x08000508   0x08000508   0x00000108   Code   RO        11984    .text               arm_cortexM4lf_math.lib(arm_mat_add_f32.o)
    0x08000610   0x08000610   0x00000008   Code   RO        12008    .text               arm_cortexM4lf_math.lib(arm_mat_init_f32.o)
    0x08000618   0x08000618   0x00000530   Code   RO        12032    .text               arm_cortexM4lf_math.lib(arm_mat_inverse_f32.o)
    0x08000b48   0x08000b48   0x0000013c   Code   RO        12056    .text               arm_cortexM4lf_math.lib(arm_mat_mult_f32.o)
    0x08000c84   0x08000c84   0x00000108   Code   RO        12080    .text               arm_cortexM4lf_math.lib(arm_mat_sub_f32.o)
    0x08000d8c   0x08000d8c   0x00000114   Code   RO        12104    .text               arm_cortexM4lf_math.lib(arm_mat_trans_f32.o)
    0x08000ea0   0x08000ea0   0x0000005e   Code   RO        12213    .text               c_w.l(h1_alloc.o)
    0x08000efe   0x08000efe   0x0000004e   Code   RO        12215    .text               c_w.l(h1_free.o)
    0x08000f4c   0x08000f4c   0x000000ee   Code   RO        12271    .text               c_w.l(lludivv7m.o)
    0x0800103a   0x0800103a   0x00000002   PAD
    0x0800103c   0x0800103c   0x00000024   Code   RO        12273    .text               c_w.l(vsprintf.o)
    0x08001060   0x08001060   0x0000008a   Code   RO        12282    .text               c_w.l(rt_memcpy_v6.o)
    0x080010ea   0x080010ea   0x00000064   Code   RO        12284    .text               c_w.l(rt_memcpy_w.o)
    0x0800114e   0x0800114e   0x00000010   Code   RO        12288    .text               c_w.l(aeabi_memset.o)
    0x0800115e   0x0800115e   0x00000044   Code   RO        12290    .text               c_w.l(rt_memclr.o)
    0x080011a2   0x080011a2   0x0000004e   Code   RO        12292    .text               c_w.l(rt_memclr_w.o)
    0x080011f0   0x080011f0   0x00000006   Code   RO        12294    .text               c_w.l(heapauxi.o)
    0x080011f6   0x080011f6   0x00000002   PAD
    0x080011f8   0x080011f8   0x00000008   Code   RO        12450    .text               c_w.l(rt_heap_descriptor_intlibspace.o)
    0x08001200   0x08001200   0x00000004   Code   RO        12452    .text               c_w.l(hguard.o)
    0x08001204   0x08001204   0x0000008a   Code   RO        12454    .text               c_w.l(init_alloc.o)
    0x0800128e   0x0800128e   0x0000000e   Code   RO        12458    .text               c_w.l(h1_init.o)
    0x0800129c   0x0800129c   0x00000016   Code   RO        12472    .text               c_w.l(_rserrno.o)
    0x080012b2   0x080012b2   0x0000004e   Code   RO        12476    .text               c_w.l(_printf_pad.o)
    0x08001300   0x08001300   0x00000024   Code   RO        12478    .text               c_w.l(_printf_truncate.o)
    0x08001324   0x08001324   0x00000052   Code   RO        12480    .text               c_w.l(_printf_str.o)
    0x08001376   0x08001376   0x00000002   PAD
    0x08001378   0x08001378   0x00000078   Code   RO        12482    .text               c_w.l(_printf_dec.o)
    0x080013f0   0x080013f0   0x00000028   Code   RO        12484    .text               c_w.l(_printf_charcount.o)
    0x08001418   0x08001418   0x00000030   Code   RO        12486    .text               c_w.l(_printf_char_common.o)
    0x08001448   0x08001448   0x0000000a   Code   RO        12488    .text               c_w.l(_sputc.o)
    0x08001452   0x08001452   0x00000002   PAD
    0x08001454   0x08001454   0x000000bc   Code   RO        12490    .text               c_w.l(_printf_wctomb.o)
    0x08001510   0x08001510   0x0000007c   Code   RO        12493    .text               c_w.l(_printf_longlong_dec.o)
    0x0800158c   0x0800158c   0x00000070   Code   RO        12499    .text               c_w.l(_printf_oct_int_ll.o)
    0x080015fc   0x080015fc   0x00000094   Code   RO        12519    .text               c_w.l(_printf_hex_int_ll_ptr.o)
    0x08001690   0x08001690   0x00000188   Code   RO        12539    .text               c_w.l(__printf_flags_ss_wp.o)
    0x08001818   0x08001818   0x00000008   Code   RO        12698    .text               c_w.l(libspace.o)
    0x08001820   0x08001820   0x00000008   Code   RO        12721    .text               c_w.l(rt_errno_addr_intlibspace.o)
    0x08001828   0x08001828   0x00000034   Code   RO        12727    .text               c_w.l(h1_extend.o)
    0x0800185c   0x0800185c   0x0000008a   Code   RO        12731    .text               c_w.l(lludiv10.o)
    0x080018e6   0x080018e6   0x00000002   PAD
    0x080018e8   0x080018e8   0x00000030   Code   RO        12733    .text               c_w.l(_fptrap.o)
    0x08001918   0x08001918   0x000000b2   Code   RO        12735    .text               c_w.l(_printf_intcommon.o)
    0x080019ca   0x080019ca   0x0000041e   Code   RO        12737    .text               c_w.l(_printf_fp_dec.o)
    0x08001de8   0x08001de8   0x000002fc   Code   RO        12739    .text               c_w.l(_printf_fp_hex.o)
    0x080020e4   0x080020e4   0x0000002c   Code   RO        12744    .text               c_w.l(_printf_char.o)
    0x08002110   0x08002110   0x0000002c   Code   RO        12746    .text               c_w.l(_printf_wchar.o)
    0x0800213c   0x0800213c   0x00000040   Code   RO        12749    .text               c_w.l(_wcrtomb.o)
    0x0800217c   0x0800217c   0x0000000e   Code   RO        12751    .text               c_w.l(defsig_rtmem_outer.o)
    0x0800218a   0x0800218a   0x00000002   Code   RO        12772    .text               c_w.l(use_no_semi.o)
    0x0800218c   0x0800218c   0x00000000   Code   RO        12774    .text               c_w.l(indicate_semi.o)
    0x0800218c   0x0800218c   0x0000004a   Code   RO        12775    .text               c_w.l(sys_stackheap_outer.o)
    0x080021d6   0x080021d6   0x00000002   PAD
    0x080021d8   0x080021d8   0x00000010   Code   RO        12777    .text               c_w.l(rt_ctype_table.o)
    0x080021e8   0x080021e8   0x00000008   Code   RO        12784    .text               c_w.l(rt_locale_intlibspace.o)
    0x080021f0   0x080021f0   0x00000080   Code   RO        12788    .text               c_w.l(_printf_fp_infnan.o)
    0x08002270   0x08002270   0x000000e4   Code   RO        12790    .text               c_w.l(bigflt0.o)
    0x08002354   0x08002354   0x00000012   Code   RO        12818    .text               c_w.l(exit.o)
    0x08002366   0x08002366   0x0000000a   Code   RO        12820    .text               c_w.l(defsig_exit.o)
    0x08002370   0x08002370   0x0000000e   Code   RO        12822    .text               c_w.l(defsig_fpe_outer.o)
    0x0800237e   0x0800237e   0x00000002   PAD
    0x08002380   0x08002380   0x00000050   Code   RO        12826    .text               c_w.l(defsig_rtmem_inner.o)
    0x080023d0   0x080023d0   0x0000000c   Code   RO        12838    .text               c_w.l(sys_exit.o)
    0x080023dc   0x080023dc   0x00000032   Code   RO        12851    .text               c_w.l(defsig_general.o)
    0x0800240e   0x0800240e   0x00000002   PAD
    0x08002410   0x08002410   0x000000ac   Code   RO        12853    .text               c_w.l(defsig_fpe_inner.o)
    0x080024bc   0x080024bc   0x00000080   Code   RO        12855    .text               c_w.l(strcmpv7m.o)
    0x0800253c   0x0800253c   0x0000000e   Code   RO        12873    .text               c_w.l(sys_wrch.o)
    0x0800254a   0x0800254a   0x0000003e   Code   RO        12793    CL$$btod_d2e        c_w.l(btod.o)
    0x08002588   0x08002588   0x00000046   Code   RO        12795    CL$$btod_d2e_denorm_low  c_w.l(btod.o)
    0x080025ce   0x080025ce   0x00000060   Code   RO        12794    CL$$btod_d2e_norm_op1  c_w.l(btod.o)
    0x0800262e   0x0800262e   0x00000338   Code   RO        12803    CL$$btod_div_common  c_w.l(btod.o)
    0x08002966   0x08002966   0x000000dc   Code   RO        12800    CL$$btod_e2e        c_w.l(btod.o)
    0x08002a42   0x08002a42   0x0000002a   Code   RO        12797    CL$$btod_ediv       c_w.l(btod.o)
    0x08002a6c   0x08002a6c   0x0000002a   Code   RO        12796    CL$$btod_emul       c_w.l(btod.o)
    0x08002a96   0x08002a96   0x00000244   Code   RO        12802    CL$$btod_mult_common  c_w.l(btod.o)
    0x08002cda   0x08002cda   0x00000002   PAD
    0x08002cdc   0x08002cdc   0x00000128   Code   RO         7044    i.ADC_Init          stm32f4xx_hal_adc.o
    0x08002e04   0x08002e04   0x00000010   Code   RO         4516    i.BMI088_ACCEL_NS_H  bmi088middleware.o
    0x08002e14   0x08002e14   0x00000010   Code   RO         4517    i.BMI088_ACCEL_NS_L  bmi088middleware.o
    0x08002e24   0x08002e24   0x00000010   Code   RO         4518    i.BMI088_GYRO_NS_H  bmi088middleware.o
    0x08002e34   0x08002e34   0x00000010   Code   RO         4519    i.BMI088_GYRO_NS_L  bmi088middleware.o
    0x08002e44   0x08002e44   0x000001ac   Code   RO         4435    i.BMI088_Read       bmi088driver.o
    0x08002ff0   0x08002ff0   0x00000080   Code   RO         4436    i.BMI088_init       bmi088driver.o
    0x08003070   0x08003070   0x00000024   Code   RO         4437    i.BMI088_read_muli_reg  bmi088driver.o
    0x08003094   0x08003094   0x00000016   Code   RO         4438    i.BMI088_read_single_reg  bmi088driver.o
    0x080030aa   0x080030aa   0x00000002   PAD
    0x080030ac   0x080030ac   0x00000024   Code   RO         4520    i.BMI088_read_write_byte  bmi088middleware.o
    0x080030d0   0x080030d0   0x00000012   Code   RO         4439    i.BMI088_write_single_reg  bmi088driver.o
    0x080030e2   0x080030e2   0x000000ea   Code   RO         2848    i.BodyFrameToEarthFrame  ins_task.o
    0x080031cc   0x080031cc   0x00000002   Code   RO         1493    i.BusFault_Handler  stm32f4xx_it.o
    0x080031ce   0x080031ce   0x00000002   PAD
    0x080031d0   0x080031d0   0x0000000c   Code   RO         1494    i.CAN1_RX0_IRQHandler  stm32f4xx_it.o
    0x080031dc   0x080031dc   0x000000f4   Code   RO         3982    i.CAN1_send_channel  can_receive.o
    0x080032d0   0x080032d0   0x0000000c   Code   RO         1495    i.CAN2_RX0_IRQHandler  stm32f4xx_it.o
    0x080032dc   0x080032dc   0x00000048   Code   RO         3988    i.CAN_cmd_gimbal    can_receive.o
    0x08003324   0x08003324   0x00000044   Code   RO         3989    i.CAN_cmd_shoot     can_receive.o
    0x08003368   0x08003368   0x00000404   Code   RO         4440    i.Calibrate_MPU_Offset  bmi088driver.o
    0x0800376c   0x0800376c   0x00000058   Code   RO         2148    i.DMA1_Stream7_IRQHandler  bsp_i2c.o
    0x080037c4   0x080037c4   0x0000000c   Code   RO         1496    i.DMA2_Stream1_IRQHandler  stm32f4xx_it.o
    0x080037d0   0x080037d0   0x0000000c   Code   RO         1497    i.DMA2_Stream5_IRQHandler  stm32f4xx_it.o
    0x080037dc   0x080037dc   0x0000000c   Code   RO         1498    i.DMA2_Stream6_IRQHandler  stm32f4xx_it.o
    0x080037e8   0x080037e8   0x0000000c   Code   RO         1499    i.DMA2_Stream7_IRQHandler  stm32f4xx_it.o
    0x080037f4   0x080037f4   0x00000028   Code   RO         6371    i.DMA_CalcBaseAndBitshift  stm32f4xx_hal_dma.o
    0x0800381c   0x0800381c   0x00000054   Code   RO         6372    i.DMA_CheckFifoParam  stm32f4xx_hal_dma.o
    0x08003870   0x08003870   0x00000028   Code   RO         2493    i.DWT_CNT_Update    bsp_dwt.o
    0x08003898   0x08003898   0x00000034   Code   RO         2494    i.DWT_Delay         bsp_dwt.o
    0x080038cc   0x080038cc   0x00000044   Code   RO         2495    i.DWT_GetDeltaT     bsp_dwt.o
    0x08003910   0x08003910   0x00000044   Code   RO         2498    i.DWT_GetTimeline_s  bsp_dwt.o
    0x08003954   0x08003954   0x00000048   Code   RO         2500    i.DWT_Init          bsp_dwt.o
    0x0800399c   0x0800399c   0x00000094   Code   RO         2501    i.DWT_SysTimeUpdate  bsp_dwt.o
    0x08003a30   0x08003a30   0x00000002   Code   RO         1500    i.DebugMon_Handler  stm32f4xx_it.o
    0x08003a32   0x08003a32   0x00000002   PAD
    0x08003a34   0x08003a34   0x00000022   Code   RO         3446    i.ECDFormat         naive_gimbal_task.o
    0x08003a56   0x08003a56   0x00000002   PAD
    0x08003a58   0x08003a58   0x00000022   Code   RO         3844    i.ECDFormat         naive_shoot_task.o
    0x08003a7a   0x08003a7a   0x00000006   Code   RO         1501    i.EXTI0_IRQHandler  stm32f4xx_it.o
    0x08003a80   0x08003a80   0x00000006   Code   RO         1502    i.EXTI3_IRQHandler  stm32f4xx_it.o
    0x08003a86   0x08003a86   0x00000006   Code   RO         1503    i.EXTI4_IRQHandler  stm32f4xx_it.o
    0x08003a8c   0x08003a8c   0x00000006   Code   RO         1504    i.EXTI9_5_IRQHandler  stm32f4xx_it.o
    0x08003a92   0x08003a92   0x000000ea   Code   RO         2849    i.EarthFrameToBodyFrame  ins_task.o
    0x08003b7c   0x08003b7c   0x0000002e   Code   RO         3749    i.Encode1           nuccommu.o
    0x08003baa   0x08003baa   0x00000020   Code   RO         3750    i.Encode2           nuccommu.o
    0x08003bca   0x08003bca   0x00000002   Code   RO           13    i.Error_Handler     main.o
    0x08003bcc   0x08003bcc   0x0000014c   Code   RO         7046    i.HAL_ADC_ConfigChannel  stm32f4xx_hal_adc.o
    0x08003d18   0x08003d18   0x00000054   Code   RO         7055    i.HAL_ADC_Init      stm32f4xx_hal_adc.o
    0x08003d6c   0x08003d6c   0x0000007c   Code   RO          617    i.HAL_ADC_MspInit   adc.o
    0x08003de8   0x08003de8   0x00000024   Code   RO         7317    i.HAL_CAN_ActivateNotification  stm32f4xx_hal_can.o
    0x08003e0c   0x08003e0c   0x000000c8   Code   RO         7318    i.HAL_CAN_AddTxMessage  stm32f4xx_hal_can.o
    0x08003ed4   0x08003ed4   0x0000010c   Code   RO         7319    i.HAL_CAN_ConfigFilter  stm32f4xx_hal_can.o
    0x08003fe0   0x08003fe0   0x00000002   Code   RO         7322    i.HAL_CAN_ErrorCallback  stm32f4xx_hal_can.o
    0x08003fe2   0x08003fe2   0x000000e8   Code   RO         7325    i.HAL_CAN_GetRxMessage  stm32f4xx_hal_can.o
    0x080040ca   0x080040ca   0x000001fc   Code   RO         7329    i.HAL_CAN_IRQHandler  stm32f4xx_hal_can.o
    0x080042c6   0x080042c6   0x0000011a   Code   RO         7330    i.HAL_CAN_Init      stm32f4xx_hal_can.o
    0x080043e0   0x080043e0   0x000000fc   Code   RO          665    i.HAL_CAN_MspInit   can.o
    0x080044dc   0x080044dc   0x00000002   Code   RO         7337    i.HAL_CAN_RxFifo0FullCallback  stm32f4xx_hal_can.o
    0x080044de   0x080044de   0x00000002   PAD
    0x080044e0   0x080044e0   0x000000e8   Code   RO         3992    i.HAL_CAN_RxFifo0MsgPendingCallback  can_receive.o
    0x080045c8   0x080045c8   0x00000002   Code   RO         7339    i.HAL_CAN_RxFifo1FullCallback  stm32f4xx_hal_can.o
    0x080045ca   0x080045ca   0x00000002   Code   RO         7340    i.HAL_CAN_RxFifo1MsgPendingCallback  stm32f4xx_hal_can.o
    0x080045cc   0x080045cc   0x00000002   Code   RO         7341    i.HAL_CAN_SleepCallback  stm32f4xx_hal_can.o
    0x080045ce   0x080045ce   0x00000002   PAD
    0x080045d0   0x080045d0   0x00000058   Code   RO         7342    i.HAL_CAN_Start     stm32f4xx_hal_can.o
    0x08004628   0x08004628   0x00000002   Code   RO         7344    i.HAL_CAN_TxMailbox0AbortCallback  stm32f4xx_hal_can.o
    0x0800462a   0x0800462a   0x00000002   Code   RO         7345    i.HAL_CAN_TxMailbox0CompleteCallback  stm32f4xx_hal_can.o
    0x0800462c   0x0800462c   0x00000002   Code   RO         7346    i.HAL_CAN_TxMailbox1AbortCallback  stm32f4xx_hal_can.o
    0x0800462e   0x0800462e   0x00000002   Code   RO         7347    i.HAL_CAN_TxMailbox1CompleteCallback  stm32f4xx_hal_can.o
    0x08004630   0x08004630   0x00000002   Code   RO         7348    i.HAL_CAN_TxMailbox2AbortCallback  stm32f4xx_hal_can.o
    0x08004632   0x08004632   0x00000002   Code   RO         7349    i.HAL_CAN_TxMailbox2CompleteCallback  stm32f4xx_hal_can.o
    0x08004634   0x08004634   0x00000002   Code   RO         7351    i.HAL_CAN_WakeUpFromRxMsgCallback  stm32f4xx_hal_can.o
    0x08004636   0x08004636   0x00000026   Code   RO         7554    i.HAL_CRC_Init      stm32f4xx_hal_crc.o
    0x0800465c   0x0800465c   0x00000028   Code   RO          714    i.HAL_CRC_MspInit   crc.o
    0x08004684   0x08004684   0x000001a0   Code   RO         6379    i.HAL_DMA_IRQHandler  stm32f4xx_hal_dma.o
    0x08004824   0x08004824   0x000000d4   Code   RO         6380    i.HAL_DMA_Init      stm32f4xx_hal_dma.o
    0x080048f8   0x080048f8   0x00000024   Code   RO         6793    i.HAL_Delay         stm32f4xx_hal.o
    0x0800491c   0x0800491c   0x00000002   Code   RO         6265    i.HAL_GPIO_EXTI_Callback  stm32f4xx_hal_gpio.o
    0x0800491e   0x0800491e   0x00000002   PAD
    0x08004920   0x08004920   0x00000018   Code   RO         6266    i.HAL_GPIO_EXTI_IRQHandler  stm32f4xx_hal_gpio.o
    0x08004938   0x08004938   0x000001b0   Code   RO         6267    i.HAL_GPIO_Init     stm32f4xx_hal_gpio.o
    0x08004ae8   0x08004ae8   0x0000000a   Code   RO         6271    i.HAL_GPIO_WritePin  stm32f4xx_hal_gpio.o
    0x08004af2   0x08004af2   0x00000002   PAD
    0x08004af4   0x08004af4   0x0000000c   Code   RO         6799    i.HAL_GetTick       stm32f4xx_hal.o
    0x08004b00   0x08004b00   0x00000174   Code   RO         7621    i.HAL_I2C_Init      stm32f4xx_hal_i2c.o
    0x08004c74   0x08004c74   0x0000012c   Code   RO         7634    i.HAL_I2C_Master_Transmit  stm32f4xx_hal_i2c.o
    0x08004da0   0x08004da0   0x00000164   Code   RO          783    i.HAL_I2C_MspInit   i2c.o
    0x08004f04   0x08004f04   0x00000010   Code   RO         6805    i.HAL_IncTick       stm32f4xx_hal.o
    0x08004f14   0x08004f14   0x00000034   Code   RO         6806    i.HAL_Init          stm32f4xx_hal.o
    0x08004f48   0x08004f48   0x00000040   Code   RO         6807    i.HAL_InitTick      stm32f4xx_hal.o
    0x08004f88   0x08004f88   0x00000038   Code   RO         1671    i.HAL_MspInit       stm32f4xx_hal_msp.o
    0x08004fc0   0x08004fc0   0x0000001a   Code   RO         6656    i.HAL_NVIC_EnableIRQ  stm32f4xx_hal_cortex.o
    0x08004fda   0x08004fda   0x00000002   PAD
    0x08004fdc   0x08004fdc   0x00000040   Code   RO         6662    i.HAL_NVIC_SetPriority  stm32f4xx_hal_cortex.o
    0x0800501c   0x0800501c   0x00000024   Code   RO         6663    i.HAL_NVIC_SetPriorityGrouping  stm32f4xx_hal_cortex.o
    0x08005040   0x08005040   0x00000024   Code   RO         6664    i.HAL_NVIC_SystemReset  stm32f4xx_hal_cortex.o
    0x08005064   0x08005064   0x00000002   Code   RO         5571    i.HAL_PCDEx_LPM_Callback  stm32f4xx_hal_pcd_ex.o
    0x08005066   0x08005066   0x00000008   Code   RO         1161    i.HAL_PCD_ConnectCallback  usbd_conf.o
    0x0800506e   0x0800506e   0x00000012   Code   RO         1162    i.HAL_PCD_DataInStageCallback  usbd_conf.o
    0x08005080   0x08005080   0x00000014   Code   RO         1163    i.HAL_PCD_DataOutStageCallback  usbd_conf.o
    0x08005094   0x08005094   0x00000008   Code   RO         1164    i.HAL_PCD_DisconnectCallback  usbd_conf.o
    0x0800509c   0x0800509c   0x0000005c   Code   RO         5360    i.HAL_PCD_EP_ClrStall  stm32f4xx_hal_pcd.o
    0x080050f8   0x080050f8   0x00000060   Code   RO         5363    i.HAL_PCD_EP_Open   stm32f4xx_hal_pcd.o
    0x08005158   0x08005158   0x00000048   Code   RO         5364    i.HAL_PCD_EP_Receive  stm32f4xx_hal_pcd.o
    0x080051a0   0x080051a0   0x00000074   Code   RO         5365    i.HAL_PCD_EP_SetStall  stm32f4xx_hal_pcd.o
    0x08005214   0x08005214   0x00000040   Code   RO         5366    i.HAL_PCD_EP_Transmit  stm32f4xx_hal_pcd.o
    0x08005254   0x08005254   0x00000464   Code   RO         5368    i.HAL_PCD_IRQHandler  stm32f4xx_hal_pcd.o
    0x080056b8   0x080056b8   0x00000008   Code   RO         1165    i.HAL_PCD_ISOINIncompleteCallback  usbd_conf.o
    0x080056c0   0x080056c0   0x00000008   Code   RO         1166    i.HAL_PCD_ISOOUTIncompleteCallback  usbd_conf.o
    0x080056c8   0x080056c8   0x0000002c   Code   RO         1169    i.HAL_PCD_ResetCallback  usbd_conf.o
    0x080056f4   0x080056f4   0x00000008   Code   RO         1170    i.HAL_PCD_ResumeCallback  usbd_conf.o
    0x080056fc   0x080056fc   0x00000008   Code   RO         1171    i.HAL_PCD_SOFCallback  usbd_conf.o
    0x08005704   0x08005704   0x00000028   Code   RO         5377    i.HAL_PCD_SetAddress  stm32f4xx_hal_pcd.o
    0x0800572c   0x0800572c   0x0000000e   Code   RO         1172    i.HAL_PCD_SetupStageCallback  usbd_conf.o
    0x0800573a   0x0800573a   0x00000002   PAD
    0x0800573c   0x0800573c   0x00000030   Code   RO         1173    i.HAL_PCD_SuspendCallback  usbd_conf.o
    0x0800576c   0x0800576c   0x0000013c   Code   RO         6018    i.HAL_RCCEx_PeriphCLKConfig  stm32f4xx_hal_rcc_ex.o
    0x080058a8   0x080058a8   0x00000130   Code   RO         5913    i.HAL_RCC_ClockConfig  stm32f4xx_hal_rcc.o
    0x080059d8   0x080059d8   0x0000000c   Code   RO         5918    i.HAL_RCC_GetHCLKFreq  stm32f4xx_hal_rcc.o
    0x080059e4   0x080059e4   0x00000020   Code   RO         5920    i.HAL_RCC_GetPCLK1Freq  stm32f4xx_hal_rcc.o
    0x08005a04   0x08005a04   0x00000020   Code   RO         5921    i.HAL_RCC_GetPCLK2Freq  stm32f4xx_hal_rcc.o
    0x08005a24   0x08005a24   0x00000064   Code   RO         5922    i.HAL_RCC_GetSysClockFreq  stm32f4xx_hal_rcc.o
    0x08005a88   0x08005a88   0x0000031c   Code   RO         5925    i.HAL_RCC_OscConfig  stm32f4xx_hal_rcc.o
    0x08005da4   0x08005da4   0x00000032   Code   RO         8059    i.HAL_RNG_Init      stm32f4xx_hal_rng.o
    0x08005dd6   0x08005dd6   0x00000002   PAD
    0x08005dd8   0x08005dd8   0x00000028   Code   RO          837    i.HAL_RNG_MspInit   rng.o
    0x08005e00   0x08005e00   0x000000ac   Code   RO         8160    i.HAL_RTC_Init      stm32f4xx_hal_rtc.o
    0x08005eac   0x08005eac   0x00000018   Code   RO          879    i.HAL_RTC_MspInit   rtc.o
    0x08005ec4   0x08005ec4   0x00000036   Code   RO         8168    i.HAL_RTC_WaitForSynchro  stm32f4xx_hal_rtc.o
    0x08005efa   0x08005efa   0x00000080   Code   RO         8528    i.HAL_SPI_Init      stm32f4xx_hal_spi.o
    0x08005f7a   0x08005f7a   0x00000002   PAD
    0x08005f7c   0x08005f7c   0x00000148   Code   RO          921    i.HAL_SPI_MspInit   spi.o
    0x080060c4   0x080060c4   0x000001e2   Code   RO         8537    i.HAL_SPI_TransmitReceive  stm32f4xx_hal_spi.o
    0x080062a6   0x080062a6   0x00000028   Code   RO         6667    i.HAL_SYSTICK_Config  stm32f4xx_hal_cortex.o
    0x080062ce   0x080062ce   0x00000054   Code   RO         9519    i.HAL_TIMEx_ConfigBreakDeadTime  stm32f4xx_hal_tim_ex.o
    0x08006322   0x08006322   0x00000042   Code   RO         9534    i.HAL_TIMEx_MasterConfigSynchronization  stm32f4xx_hal_tim_ex.o
    0x08006364   0x08006364   0x00000036   Code   RO         8841    i.HAL_TIM_Base_Init  stm32f4xx_hal_tim.o
    0x0800639a   0x0800639a   0x00000002   PAD
    0x0800639c   0x0800639c   0x000000ac   Code   RO          969    i.HAL_TIM_Base_MspInit  tim.o
    0x08006448   0x08006448   0x00000024   Code   RO         8844    i.HAL_TIM_Base_Start  stm32f4xx_hal_tim.o
    0x0800646c   0x0800646c   0x000000d6   Code   RO         8850    i.HAL_TIM_ConfigClockSource  stm32f4xx_hal_tim.o
    0x08006542   0x08006542   0x00000002   PAD
    0x08006544   0x08006544   0x00000204   Code   RO          970    i.HAL_TIM_MspPostInit  tim.o
    0x08006748   0x08006748   0x000000d0   Code   RO         8908    i.HAL_TIM_PWM_ConfigChannel  stm32f4xx_hal_tim.o
    0x08006818   0x08006818   0x00000036   Code   RO         8911    i.HAL_TIM_PWM_Init  stm32f4xx_hal_tim.o
    0x0800684e   0x0800684e   0x00000002   Code   RO         8913    i.HAL_TIM_PWM_MspInit  stm32f4xx_hal_tim.o
    0x08006850   0x08006850   0x00000044   Code   RO         8916    i.HAL_TIM_PWM_Start  stm32f4xx_hal_tim.o
    0x08006894   0x08006894   0x00000062   Code   RO         9792    i.HAL_UART_Init     stm32f4xx_hal_uart.o
    0x080068f6   0x080068f6   0x00000002   PAD
    0x080068f8   0x080068f8   0x00000268   Code   RO         1047    i.HAL_UART_MspInit  usart.o
    0x08006b60   0x08006b60   0x000000ba   Code   RO         9800    i.HAL_UART_Transmit  stm32f4xx_hal_uart.o
    0x08006c1a   0x08006c1a   0x00000002   PAD
    0x08006c1c   0x08006c1c   0x000000fc   Code   RO         4727    i.H_K_R_Adjustment  kalman_filter.o
    0x08006d18   0x08006d18   0x00000004   Code   RO         1505    i.HardFault_Handler  stm32f4xx_it.o
    0x08006d1c   0x08006d1c   0x00000024   Code   RO         2149    i.I2C2_DMA_transmit  bsp_i2c.o
    0x08006d40   0x08006d40   0x00000070   Code   RO         2150    i.I2C2_tx_DMA_enable  bsp_i2c.o
    0x08006db0   0x08006db0   0x0000002e   Code   RO         7663    i.I2C_IsAcknowledgeFailed  stm32f4xx_hal_i2c.o
    0x08006dde   0x08006dde   0x00000002   PAD
    0x08006de0   0x08006de0   0x00000088   Code   RO         7667    i.I2C_MasterRequestWrite  stm32f4xx_hal_i2c.o
    0x08006e68   0x08006e68   0x000000a8   Code   RO         2152    i.I2C_TX_DMA_START  bsp_i2c.o
    0x08006f10   0x08006f10   0x0000004c   Code   RO         7676    i.I2C_WaitOnBTFFlagUntilTimeout  stm32f4xx_hal_i2c.o
    0x08006f5c   0x08006f5c   0x00000068   Code   RO         7677    i.I2C_WaitOnFlagUntilTimeout  stm32f4xx_hal_i2c.o
    0x08006fc4   0x08006fc4   0x00000096   Code   RO         7678    i.I2C_WaitOnMasterAddressFlagUntilTimeout  stm32f4xx_hal_i2c.o
    0x0800705a   0x0800705a   0x0000004c   Code   RO         7680    i.I2C_WaitOnTXEFlagUntilTimeout  stm32f4xx_hal_i2c.o
    0x080070a6   0x080070a6   0x00000002   PAD
    0x080070a8   0x080070a8   0x00000244   Code   RO         2851    i.IMU_Param_Correction  ins_task.o
    0x080072ec   0x080072ec   0x00000158   Code   RO         4810    i.IMU_QuaternionEKF_F_Linearization_P_Fading  quaternionekf.o
    0x08007444   0x08007444   0x000000dc   Code   RO         4811    i.IMU_QuaternionEKF_Init  quaternionekf.o
    0x08007520   0x08007520   0x00000034   Code   RO         4812    i.IMU_QuaternionEKF_Observe  quaternionekf.o
    0x08007554   0x08007554   0x000000c4   Code   RO         4813    i.IMU_QuaternionEKF_SetH  quaternionekf.o
    0x08007618   0x08007618   0x00000418   Code   RO         4814    i.IMU_QuaternionEKF_Update  quaternionekf.o
    0x08007a30   0x08007a30   0x000003b8   Code   RO         4815    i.IMU_QuaternionEKF_xhatUpdate  quaternionekf.o
    0x08007de8   0x08007de8   0x00000060   Code   RO         2852    i.IMU_Temperature_Ctrl  ins_task.o
    0x08007e48   0x08007e48   0x000000b8   Code   RO         2853    i.INS_Init          ins_task.o
    0x08007f00   0x08007f00   0x000001f0   Code   RO         2854    i.INS_Task          ins_task.o
    0x080080f0   0x080080f0   0x000003e8   Code   RO         4728    i.Kalman_Filter_Init  kalman_filter.o
    0x080084d8   0x080084d8   0x00000048   Code   RO         4729    i.Kalman_Filter_Measure  kalman_filter.o
    0x08008520   0x08008520   0x0000006a   Code   RO         4730    i.Kalman_Filter_P_Update  kalman_filter.o
    0x0800858a   0x0800858a   0x0000006c   Code   RO         4731    i.Kalman_Filter_PminusUpdate  kalman_filter.o
    0x080085f6   0x080085f6   0x000000cc   Code   RO         4732    i.Kalman_Filter_SetK  kalman_filter.o
    0x080086c2   0x080086c2   0x00000002   PAD
    0x080086c4   0x080086c4   0x000000e8   Code   RO         4733    i.Kalman_Filter_Update  kalman_filter.o
    0x080087ac   0x080087ac   0x00000074   Code   RO         4734    i.Kalman_Filter_xhatMinusUpdate  kalman_filter.o
    0x08008820   0x08008820   0x00000084   Code   RO         4735    i.Kalman_Filter_xhatUpdate  kalman_filter.o
    0x080088a4   0x080088a4   0x00000064   Code   RO          618    i.MX_ADC1_Init      adc.o
    0x08008908   0x08008908   0x00000064   Code   RO          619    i.MX_ADC3_Init      adc.o
    0x0800896c   0x0800896c   0x00000044   Code   RO          666    i.MX_CAN1_Init      can.o
    0x080089b0   0x080089b0   0x00000044   Code   RO          667    i.MX_CAN2_Init      can.o
    0x080089f4   0x080089f4   0x00000024   Code   RO          715    i.MX_CRC_Init       crc.o
    0x08008a18   0x08008a18   0x000000ac   Code   RO          755    i.MX_DMA_Init       dma.o
    0x08008ac4   0x08008ac4   0x000000d8   Code   RO          541    i.MX_FREERTOS_Init  freertos.o
    0x08008b9c   0x08008b9c   0x000001cc   Code   RO          386    i.MX_GPIO_Init      gpio.o
    0x08008d68   0x08008d68   0x00000040   Code   RO          784    i.MX_I2C1_Init      i2c.o
    0x08008da8   0x08008da8   0x00000040   Code   RO          785    i.MX_I2C2_Init      i2c.o
    0x08008de8   0x08008de8   0x00000040   Code   RO          786    i.MX_I2C3_Init      i2c.o
    0x08008e28   0x08008e28   0x00000024   Code   RO          838    i.MX_RNG_Init       rng.o
    0x08008e4c   0x08008e4c   0x00000038   Code   RO          880    i.MX_RTC_Init       rtc.o
    0x08008e84   0x08008e84   0x00000048   Code   RO          922    i.MX_SPI1_Init      spi.o
    0x08008ecc   0x08008ecc   0x00000048   Code   RO          923    i.MX_SPI2_Init      spi.o
    0x08008f14   0x08008f14   0x00000064   Code   RO          971    i.MX_TIM10_Init     tim.o
    0x08008f78   0x08008f78   0x000000fc   Code   RO          972    i.MX_TIM1_Init      tim.o
    0x08009074   0x08009074   0x00000098   Code   RO          973    i.MX_TIM3_Init      tim.o
    0x0800910c   0x0800910c   0x00000098   Code   RO          974    i.MX_TIM4_Init      tim.o
    0x080091a4   0x080091a4   0x000000b8   Code   RO          975    i.MX_TIM5_Init      tim.o
    0x0800925c   0x0800925c   0x000000dc   Code   RO          976    i.MX_TIM8_Init      tim.o
    0x08009338   0x08009338   0x00000038   Code   RO         1048    i.MX_USART1_UART_Init  usart.o
    0x08009370   0x08009370   0x00000040   Code   RO         1049    i.MX_USART3_UART_Init  usart.o
    0x080093b0   0x080093b0   0x00000038   Code   RO         1050    i.MX_USART6_UART_Init  usart.o
    0x080093e8   0x080093e8   0x00000002   Code   RO         1506    i.MemManage_Handler  stm32f4xx_it.o
    0x080093ea   0x080093ea   0x00000002   Code   RO         1507    i.NMI_Handler       stm32f4xx_it.o
    0x080093ec   0x080093ec   0x00000060   Code   RO         2465    i.NUC_com_init      bsp_nuccom.o
    0x0800944c   0x0800944c   0x00000024   Code   RO         4125    i.OLED_com_reset    oled.o
    0x08009470   0x08009470   0x0000003c   Code   RO         4129    i.OLED_draw_point   oled.o
    0x080094ac   0x080094ac   0x00000038   Code   RO         4132    i.OLED_printf       oled.o
    0x080094e4   0x080094e4   0x00000024   Code   RO         4133    i.OLED_refresh_gram  oled.o
    0x08009508   0x08009508   0x0000003e   Code   RO         4134    i.OLED_set_pos      oled.o
    0x08009546   0x08009546   0x00000002   PAD
    0x08009548   0x08009548   0x00000068   Code   RO         4135    i.OLED_show_char    oled.o
    0x080095b0   0x080095b0   0x0000002e   Code   RO         4137    i.OLED_show_string  oled.o
    0x080095de   0x080095de   0x00000002   PAD
    0x080095e0   0x080095e0   0x000001f4   Code   RO         4572    i.OLS_Derivative    user_lib.o
    0x080097d4   0x080097d4   0x00000042   Code   RO         4573    i.OLS_Init          user_lib.o
    0x08009816   0x08009816   0x00000002   PAD
    0x08009818   0x08009818   0x0000000c   Code   RO         1508    i.OTG_FS_IRQHandler  stm32f4xx_it.o
    0x08009824   0x08009824   0x000000dc   Code   RO         5382    i.PCD_EP_OutXfrComplete_int  stm32f4xx_hal_pcd.o
    0x08009900   0x08009900   0x000000a2   Code   RO         5383    i.PCD_WriteEmptyTxFifo  stm32f4xx_hal_pcd.o
    0x080099a2   0x080099a2   0x00000002   PAD
    0x080099a4   0x080099a4   0x00000148   Code   RO         5206    i.PID_calc          pid.o
    0x08009aec   0x08009aec   0x00000040   Code   RO         5207    i.PID_clear         pid.o
    0x08009b2c   0x08009b2c   0x0000005c   Code   RO         5208    i.PID_init          pid.o
    0x08009b88   0x08009b88   0x0000044c   Code   RO         5251    i.PID_plus_Calculate  controller.o
    0x08009fd4   0x08009fd4   0x0000006e   Code   RO         5252    i.PID_plus_Init     controller.o
    0x0800a042   0x0800a042   0x00000002   PAD
    0x0800a044   0x0800a044   0x00000060   Code   RO         2281    i.RC_Init           bsp_rc.o
    0x0800a0a4   0x0800a0a4   0x0000003a   Code   RO         8171    i.RTC_EnterInitMode  stm32f4xx_hal_rtc.o
    0x0800a0de   0x0800a0de   0x00000002   PAD
    0x0800a0e0   0x0800a0e0   0x00000058   Code   RO         8566    i.SPI_EndRxTxTransaction  stm32f4xx_hal_spi.o
    0x0800a138   0x0800a138   0x00000094   Code   RO         8571    i.SPI_WaitFlagStateUntilTimeout  stm32f4xx_hal_spi.o
    0x0800a1cc   0x0800a1cc   0x00000018   Code   RO         1509    i.SysTick_Handler   stm32f4xx_it.o
    0x0800a1e4   0x0800a1e4   0x0000009c   Code   RO           14    i.SystemClock_Config  main.o
    0x0800a280   0x0800a280   0x00000054   Code   RO         1696    i.SystemInit        system_stm32f4xx.o
    0x0800a2d4   0x0800a2d4   0x000000c8   Code   RO         8929    i.TIM_Base_SetConfig  stm32f4xx_hal_tim.o
    0x0800a39c   0x0800a39c   0x0000001a   Code   RO         8930    i.TIM_CCxChannelCmd  stm32f4xx_hal_tim.o
    0x0800a3b6   0x0800a3b6   0x00000014   Code   RO         8940    i.TIM_ETR_SetConfig  stm32f4xx_hal_tim.o
    0x0800a3ca   0x0800a3ca   0x00000010   Code   RO         8941    i.TIM_ITRx_SetConfig  stm32f4xx_hal_tim.o
    0x0800a3da   0x0800a3da   0x00000002   PAD
    0x0800a3dc   0x0800a3dc   0x00000060   Code   RO         8942    i.TIM_OC1_SetConfig  stm32f4xx_hal_tim.o
    0x0800a43c   0x0800a43c   0x0000006c   Code   RO         8943    i.TIM_OC2_SetConfig  stm32f4xx_hal_tim.o
    0x0800a4a8   0x0800a4a8   0x00000068   Code   RO         8944    i.TIM_OC3_SetConfig  stm32f4xx_hal_tim.o
    0x0800a510   0x0800a510   0x00000050   Code   RO         8945    i.TIM_OC4_SetConfig  stm32f4xx_hal_tim.o
    0x0800a560   0x0800a560   0x0000002a   Code   RO         2570    i.TIM_Set_PWM       bsp_pwm.o
    0x0800a58a   0x0800a58a   0x00000022   Code   RO         8947    i.TIM_TI1_ConfigInputStage  stm32f4xx_hal_tim.o
    0x0800a5ac   0x0800a5ac   0x00000024   Code   RO         8949    i.TIM_TI2_ConfigInputStage  stm32f4xx_hal_tim.o
    0x0800a5d0   0x0800a5d0   0x000002ac   Code   RO         9818    i.UART_SetConfig    stm32f4xx_hal_uart.o
    0x0800a87c   0x0800a87c   0x00000064   Code   RO         9820    i.UART_WaitOnFlagUntilTimeout  stm32f4xx_hal_uart.o
    0x0800a8e0   0x0800a8e0   0x000000b4   Code   RO         3752    i.USART1_IRQHandler  nuccommu.o
    0x0800a994   0x0800a994   0x000000bc   Code   RO         3094    i.USART3_IRQHandler  remote_control.o
    0x0800aa50   0x0800aa50   0x00000098   Code   RO         3037    i.USART6_IRQHandler  referee_usart_task.o
    0x0800aae8   0x0800aae8   0x0000000e   Code   RO        11538    i.USBD_ClrClassConfig  usbd_core.o
    0x0800aaf6   0x0800aaf6   0x00000010   Code   RO        11741    i.USBD_CtlContinueRx  usbd_ioreq.o
    0x0800ab06   0x0800ab06   0x00000010   Code   RO        11742    i.USBD_CtlContinueSendData  usbd_ioreq.o
    0x0800ab16   0x0800ab16   0x00000016   Code   RO        11676    i.USBD_CtlError     usbd_ctlreq.o
    0x0800ab2c   0x0800ab2c   0x00000016   Code   RO        11744    i.USBD_CtlReceiveStatus  usbd_ioreq.o
    0x0800ab42   0x0800ab42   0x0000001a   Code   RO        11745    i.USBD_CtlSendData  usbd_ioreq.o
    0x0800ab5c   0x0800ab5c   0x00000016   Code   RO        11746    i.USBD_CtlSendStatus  usbd_ioreq.o
    0x0800ab72   0x0800ab72   0x000000e8   Code   RO        11677    i.USBD_GetDescriptor  usbd_ctlreq.o
    0x0800ac5a   0x0800ac5a   0x00000018   Code   RO         1174    i.USBD_Get_USB_Status  usbd_conf.o
    0x0800ac72   0x0800ac72   0x00000012   Code   RO         1175    i.USBD_LL_ClearStallEP  usbd_conf.o
    0x0800ac84   0x0800ac84   0x000000c6   Code   RO        11541    i.USBD_LL_DataInStage  usbd_core.o
    0x0800ad4a   0x0800ad4a   0x00000082   Code   RO        11542    i.USBD_LL_DataOutStage  usbd_core.o
    0x0800adcc   0x0800adcc   0x00000004   Code   RO        11543    i.USBD_LL_DevConnected  usbd_core.o
    0x0800add0   0x0800add0   0x00000016   Code   RO        11544    i.USBD_LL_DevDisconnected  usbd_core.o
    0x0800ade6   0x0800ade6   0x00000020   Code   RO         1182    i.USBD_LL_IsStallEP  usbd_conf.o
    0x0800ae06   0x0800ae06   0x00000004   Code   RO        11545    i.USBD_LL_IsoINIncomplete  usbd_core.o
    0x0800ae0a   0x0800ae0a   0x00000004   Code   RO        11546    i.USBD_LL_IsoOUTIncomplete  usbd_core.o
    0x0800ae0e   0x0800ae0e   0x00000018   Code   RO         1183    i.USBD_LL_OpenEP    usbd_conf.o
    0x0800ae26   0x0800ae26   0x00000012   Code   RO         1184    i.USBD_LL_PrepareReceive  usbd_conf.o
    0x0800ae38   0x0800ae38   0x00000050   Code   RO        11547    i.USBD_LL_Reset     usbd_core.o
    0x0800ae88   0x0800ae88   0x0000000c   Code   RO        11548    i.USBD_LL_Resume    usbd_core.o
    0x0800ae94   0x0800ae94   0x00000018   Code   RO        11549    i.USBD_LL_SOF       usbd_core.o
    0x0800aeac   0x0800aeac   0x00000006   Code   RO        11550    i.USBD_LL_SetSpeed  usbd_core.o
    0x0800aeb2   0x0800aeb2   0x00000012   Code   RO         1185    i.USBD_LL_SetUSBAddress  usbd_conf.o
    0x0800aec4   0x0800aec4   0x0000005a   Code   RO        11551    i.USBD_LL_SetupStage  usbd_core.o
    0x0800af1e   0x0800af1e   0x00000012   Code   RO         1186    i.USBD_LL_StallEP   usbd_conf.o
    0x0800af30   0x0800af30   0x00000012   Code   RO        11552    i.USBD_LL_Suspend   usbd_core.o
    0x0800af42   0x0800af42   0x00000012   Code   RO         1189    i.USBD_LL_Transmit  usbd_conf.o
    0x0800af54   0x0800af54   0x00000028   Code   RO        11679    i.USBD_ParseSetupRequest  usbd_ctlreq.o
    0x0800af7c   0x0800af7c   0x00000016   Code   RO        11555    i.USBD_SetClassConfig  usbd_core.o
    0x0800af92   0x0800af92   0x00000002   PAD
    0x0800af94   0x0800af94   0x00000084   Code   RO        11680    i.USBD_SetConfig    usbd_ctlreq.o
    0x0800b018   0x0800b018   0x00000112   Code   RO        11681    i.USBD_StdDevReq    usbd_ctlreq.o
    0x0800b12a   0x0800b12a   0x00000150   Code   RO        11682    i.USBD_StdEPReq     usbd_ctlreq.o
    0x0800b27a   0x0800b27a   0x0000004e   Code   RO        11683    i.USBD_StdItfReq    usbd_ctlreq.o
    0x0800b2c8   0x0800b2c8   0x00000080   Code   RO         5613    i.USB_ActivateEndpoint  stm32f4xx_ll_usb.o
    0x0800b348   0x0800b348   0x00000034   Code   RO         5615    i.USB_ActivateSetup  stm32f4xx_ll_usb.o
    0x0800b37c   0x0800b37c   0x00000118   Code   RO         5628    i.USB_EP0StartXfer  stm32f4xx_ll_usb.o
    0x0800b494   0x0800b494   0x00000058   Code   RO         5629    i.USB_EP0_OutStart  stm32f4xx_ll_usb.o
    0x0800b4ec   0x0800b4ec   0x00000058   Code   RO         5630    i.USB_EPClearStall  stm32f4xx_ll_usb.o
    0x0800b544   0x0800b544   0x00000058   Code   RO         5631    i.USB_EPSetStall    stm32f4xx_ll_usb.o
    0x0800b59c   0x0800b59c   0x000001e8   Code   RO         5632    i.USB_EPStartXfer   stm32f4xx_ll_usb.o
    0x0800b784   0x0800b784   0x00000024   Code   RO         5635    i.USB_FlushTxFifo   stm32f4xx_ll_usb.o
    0x0800b7a8   0x0800b7a8   0x0000001a   Code   RO         5637    i.USB_GetDevSpeed   stm32f4xx_ll_usb.o
    0x0800b7c2   0x0800b7c2   0x00000008   Code   RO         5639    i.USB_GetMode       stm32f4xx_ll_usb.o
    0x0800b7ca   0x0800b7ca   0x0000000e   Code   RO         5646    i.USB_ReadDevAllInEpInterrupt  stm32f4xx_ll_usb.o
    0x0800b7d8   0x0800b7d8   0x0000000e   Code   RO         5647    i.USB_ReadDevAllOutEpInterrupt  stm32f4xx_ll_usb.o
    0x0800b7e6   0x0800b7e6   0x00000024   Code   RO         5648    i.USB_ReadDevInEPInterrupt  stm32f4xx_ll_usb.o
    0x0800b80a   0x0800b80a   0x00000010   Code   RO         5649    i.USB_ReadDevOutEPInterrupt  stm32f4xx_ll_usb.o
    0x0800b81a   0x0800b81a   0x00000008   Code   RO         5650    i.USB_ReadInterrupts  stm32f4xx_ll_usb.o
    0x0800b822   0x0800b822   0x0000001c   Code   RO         5651    i.USB_ReadPacket    stm32f4xx_ll_usb.o
    0x0800b83e   0x0800b83e   0x00000022   Code   RO         5654    i.USB_SetDevAddress  stm32f4xx_ll_usb.o
    0x0800b860   0x0800b860   0x000000e8   Code   RO         5656    i.USB_SetTurnaroundTime  stm32f4xx_ll_usb.o
    0x0800b948   0x0800b948   0x00000024   Code   RO         5659    i.USB_WritePacket   stm32f4xx_ll_usb.o
    0x0800b96c   0x0800b96c   0x00000002   Code   RO         1511    i.UsageFault_Handler  stm32f4xx_it.o
    0x0800b96e   0x0800b96e   0x00000030   Code   RO        12770    i.__ARM_fpclassify  m_wm.l(fpclassify.o)
    0x0800b99e   0x0800b99e   0x00000026   Code   RO        12666    i.__ARM_fpclassifyf  m_wm.l(fpclassifyf.o)
    0x0800b9c4   0x0800b9c4   0x00000020   Code   RO         6669    i.__NVIC_SetPriority  stm32f4xx_hal_cortex.o
    0x0800b9e4   0x0800b9e4   0x00000118   Code   RO        12322    i.__hardfp_acosf    m_wm.l(acosf.o)
    0x0800bafc   0x0800bafc   0x0000012c   Code   RO        12334    i.__hardfp_asinf    m_wm.l(asinf.o)
    0x0800bc28   0x0800bc28   0x00000250   Code   RO        12346    i.__hardfp_atan2f   m_wm.l(atan2f.o)
    0x0800be78   0x0800be78   0x0000003a   Code   RO        12422    i.__hardfp_sqrtf    m_wm.l(sqrtf_full.o)
    0x0800beb2   0x0800beb2   0x00000006   Code   RO        12669    i.__mathlib_flt_infnan  m_wm.l(funder.o)
    0x0800beb8   0x0800beb8   0x00000006   Code   RO        12670    i.__mathlib_flt_infnan2  m_wm.l(funder.o)
    0x0800bebe   0x0800bebe   0x00000002   PAD
    0x0800bec0   0x0800bec0   0x00000010   Code   RO        12671    i.__mathlib_flt_invalid  m_wm.l(funder.o)
    0x0800bed0   0x0800bed0   0x00000010   Code   RO        12674    i.__mathlib_flt_underflow  m_wm.l(funder.o)
    0x0800bee0   0x0800bee0   0x0000000e   Code   RO        12532    i._is_digit         c_w.l(__printf_wp.o)
    0x0800beee   0x0800beee   0x00000002   PAD
    0x0800bef0   0x0800bef0   0x0000003c   Code   RO         2252    i.aRGB_led_show     bsp_led.o
    0x0800bf2c   0x0800bf2c   0x00000028   Code   RO         4874    i.append_CRC16_check_sum  crc8_crc16.o
    0x0800bf54   0x0800bf54   0x00000128   Code   RO         4441    i.bmi088_accel_init  bmi088driver.o
    0x0800c07c   0x0800c07c   0x000000fc   Code   RO         4442    i.bmi088_gyro_init  bmi088driver.o
    0x0800c178   0x0800c178   0x00000030   Code   RO         2154    i.bsp_I2C_master_transmit  bsp_i2c.o
    0x0800c1a8   0x0800c1a8   0x0000004c   Code   RO         2155    i.bsp_I2C_reset     bsp_i2c.o
    0x0800c1f4   0x0800c1f4   0x00000088   Code   RO         3845    i.calcGiveCurrent1  naive_shoot_task.o
    0x0800c27c   0x0800c27c   0x00000138   Code   RO         3448    i.calcPID           naive_gimbal_task.o
    0x0800c3b4   0x0800c3b4   0x00000058   Code   RO         1914    i.can_filter_init   bsp_can.o
    0x0800c40c   0x0800c40c   0x000000d0   Code   RO         2681    i.communication_task  communication_task.o
    0x0800c4dc   0x0800c4dc   0x00000028   Code   RO         1982    i.delay_init        bsp_delay.o
    0x0800c504   0x0800c504   0x00000050   Code   RO         2598    i.detect_hook       detect_task.o
    0x0800c554   0x0800c554   0x00000088   Code   RO         2599    i.detect_init       detect_task.o
    0x0800c5dc   0x0800c5dc   0x000000f8   Code   RO         2600    i.detect_task       detect_task.o
    0x0800c6d4   0x0800c6d4   0x000000b2   Code   RO         5255    i.f_Changing_Integration_Rate  controller.o
    0x0800c786   0x0800c786   0x00000002   PAD
    0x0800c788   0x0800c788   0x000000ba   Code   RO         5256    i.f_Derivative_On_Measurement  controller.o
    0x0800c842   0x0800c842   0x0000009a   Code   RO         5257    i.f_Integral_Limit  controller.o
    0x0800c8dc   0x0800c8dc   0x0000007c   Code   RO         4961    i.fifo_s_puts       fifo.o
    0x0800c958   0x0800c958   0x0000004e   Code   RO         4578    i.first_order_filter_cali  user_lib.o
    0x0800c9a6   0x0800c9a6   0x00000012   Code   RO         4579    i.first_order_filter_init  user_lib.o
    0x0800c9b8   0x0800c9b8   0x00000020   Code   RO         4580    i.float_constrain   user_lib.o
    0x0800c9d8   0x0800c9d8   0x00000022   Code   RO         4581    i.float_rounding    user_lib.o
    0x0800c9fa   0x0800c9fa   0x00000002   PAD
    0x0800c9fc   0x0800c9fc   0x0000019c   Code   RO         3450    i.getControlAngles  naive_gimbal_task.o
    0x0800cb98   0x0800cb98   0x000000ec   Code   RO         3846    i.getInstructionAndBuff  naive_shoot_task.o
    0x0800cc84   0x0800cc84   0x00000008   Code   RO         3935    i.getRobotPresentMode  robot_total_mode.o
    0x0800cc8c   0x0800cc8c   0x00000008   Code   RO         3847    i.getTriggerCurrentP  naive_shoot_task.o
    0x0800cc94   0x0800cc94   0x0000002c   Code   RO         4876    i.get_CRC16_check_sum  crc8_crc16.o
    0x0800ccc0   0x0800ccc0   0x00000008   Code   RO         2857    i.get_INS           ins_task.o
    0x0800ccc8   0x0800ccc8   0x0000000c   Code   RO         3848    i.get_fric          naive_shoot_task.o
    0x0800ccd4   0x0800ccd4   0x00000008   Code   RO         3754    i.get_nuc_control_point  nuccommu.o
    0x0800ccdc   0x0800ccdc   0x00000008   Code   RO         3994    i.get_pitch_gimbal_motor_measure_point  can_receive.o
    0x0800cce4   0x0800cce4   0x00000008   Code   RO         3995    i.get_refree_point  can_receive.o
    0x0800ccec   0x0800ccec   0x00000008   Code   RO         3095    i.get_remote_control_point  remote_control.o
    0x0800ccf4   0x0800ccf4   0x0000000c   Code   RO         3392    i.get_servo_state   servo_task.o
    0x0800cd00   0x0800cd00   0x00000014   Code   RO         3996    i.get_shoot_motor_measure_point  can_receive.o
    0x0800cd14   0x0800cd14   0x00000008   Code   RO         3997    i.get_trigger_motor_measure_point  can_receive.o
    0x0800cd1c   0x0800cd1c   0x00000008   Code   RO         3998    i.get_yaw_gimbal_motor_measure_point  can_receive.o
    0x0800cd24   0x0800cd24   0x00000174   Code   RO         3453    i.gimbal_PID_calc   naive_gimbal_task.o
    0x0800ce98   0x0800ce98   0x00000104   Code   RO         3454    i.gimbal_task       naive_gimbal_task.o
    0x0800cf9c   0x0800cf9c   0x00000150   Code   RO         3455    i.initGimbalCtrls   naive_gimbal_task.o
    0x0800d0ec   0x0800d0ec   0x0000002c   Code   RO         4816    i.invSqrt           quaternionekf.o
    0x0800d118   0x0800d118   0x00000010   Code   RO         2219    i.laser_on          bsp_laser.o
    0x0800d128   0x0800d128   0x00000118   Code   RO         3359    i.led_RGB_flow_task  led_flow_task.o
    0x0800d240   0x0800d240   0x00000038   Code   RO         3457    i.limitAnglesSecond  naive_gimbal_task.o
    0x0800d278   0x0800d278   0x00000098   Code   RO           15    i.main              main.o
    0x0800d310   0x0800d310   0x0000000c   Code   RO        11030    i.makeFreeRtosPriority  cmsis_os.o
    0x0800d31c   0x0800d31c   0x000000aa   Code   RO         3458    i.monitorRounds     naive_gimbal_task.o
    0x0800d3c6   0x0800d3c6   0x00000002   PAD
    0x0800d3c8   0x0800d3c8   0x000000ac   Code   RO         3849    i.monitorTriggerECDRound  naive_shoot_task.o
    0x0800d474   0x0800d474   0x00000010   Code   RO         3755    i.nuc_control_init  nuccommu.o
    0x0800d484   0x0800d484   0x00000020   Code   RO         4138    i.oled_write_byte   oled.o
    0x0800d4a4   0x0800d4a4   0x0000000e   Code   RO        11032    i.osDelay           cmsis_os.o
    0x0800d4b2   0x0800d4b2   0x0000000a   Code   RO        11035    i.osKernelStart     cmsis_os.o
    0x0800d4bc   0x0800d4bc   0x00000054   Code   RO        11069    i.osThreadCreate    cmsis_os.o
    0x0800d510   0x0800d510   0x00000078   Code   RO        10554    i.prvAddCurrentTaskToDelayedList  tasks.o
    0x0800d588   0x0800d588   0x000000d0   Code   RO        10555    i.prvAddNewTaskToReadyList  tasks.o
    0x0800d658   0x0800d658   0x00000058   Code   RO        10887    i.prvCheckForValidListAndQueue  timers.o
    0x0800d6b0   0x0800d6b0   0x00000026   Code   RO        10226    i.prvCopyDataFromQueue  queue.o
    0x0800d6d6   0x0800d6d6   0x0000006c   Code   RO        10227    i.prvCopyDataToQueue  queue.o
    0x0800d742   0x0800d742   0x00000034   Code   RO        10556    i.prvDeleteTCB      tasks.o
    0x0800d776   0x0800d776   0x00000002   PAD
    0x0800d778   0x0800d778   0x0000004c   Code   RO        11409    i.prvHeapInit       heap_4.o
    0x0800d7c4   0x0800d7c4   0x00000060   Code   RO        10557    i.prvIdleTask       tasks.o
    0x0800d824   0x0800d824   0x00000016   Code   RO        10229    i.prvInitialiseNewQueue  queue.o
    0x0800d83a   0x0800d83a   0x000000a0   Code   RO        10558    i.prvInitialiseNewTask  tasks.o
    0x0800d8da   0x0800d8da   0x00000002   PAD
    0x0800d8dc   0x0800d8dc   0x0000004c   Code   RO        11410    i.prvInsertBlockIntoFreeList  heap_4.o
    0x0800d928   0x0800d928   0x00000038   Code   RO        10889    i.prvInsertTimerInActiveList  timers.o
    0x0800d960   0x0800d960   0x0000001c   Code   RO        10230    i.prvIsQueueEmpty   queue.o
    0x0800d97c   0x0800d97c   0x000000cc   Code   RO        10890    i.prvProcessReceivedCommands  timers.o
    0x0800da48   0x0800da48   0x000000b4   Code   RO        10891    i.prvProcessTimerOrBlockTask  timers.o
    0x0800dafc   0x0800dafc   0x00000020   Code   RO        10559    i.prvResetNextTaskUnblockTime  tasks.o
    0x0800db1c   0x0800db1c   0x00000028   Code   RO        10892    i.prvSampleTimeNow  timers.o
    0x0800db44   0x0800db44   0x0000006c   Code   RO        10893    i.prvSwitchTimerLists  timers.o
    0x0800dbb0   0x0800dbb0   0x00000028   Code   RO        11459    i.prvTaskExitError  port.o
    0x0800dbd8   0x0800dbd8   0x00000024   Code   RO        10894    i.prvTimerTask      timers.o
    0x0800dbfc   0x0800dbfc   0x0000006a   Code   RO        10231    i.prvUnlockQueue    queue.o
    0x0800dc66   0x0800dc66   0x00000002   PAD
    0x0800dc68   0x0800dc68   0x000000d8   Code   RO        11411    i.pvPortMalloc      heap_4.o
    0x0800dd40   0x0800dd40   0x0000002c   Code   RO        11460    i.pxPortInitialiseStack  port.o
    0x0800dd6c   0x0800dd6c   0x00000034   Code   RO         3459    i.radFormat         naive_gimbal_task.o
    0x0800dda0   0x0800dda0   0x00000078   Code   RO         3460    i.refreshAngleStates  naive_gimbal_task.o
    0x0800de18   0x0800de18   0x00000010   Code   RO         3096    i.remote_control_init  remote_control.o
    0x0800de28   0x0800de28   0x0000000c   Code   RO         3936    i.robotIsAuto       robot_total_mode.o
    0x0800de34   0x0800de34   0x0000012c   Code   RO         3937    i.robot_total_mode_task  robot_total_mode.o
    0x0800df60   0x0800df60   0x00000034   Code   RO         3756    i.sbus_to_nucCtrl   nuccommu.o
    0x0800df94   0x0800df94   0x000000b4   Code   RO         3097    i.sbus_to_rc        remote_control.o
    0x0800e048   0x0800e048   0x00000038   Code   RO         3393    i.servo_init        servo_task.o
    0x0800e080   0x0800e080   0x0000005c   Code   RO         3394    i.servo_task        servo_task.o
    0x0800e0dc   0x0800e0dc   0x0000005c   Code   RO         3850    i.setSpeedByMode    naive_shoot_task.o
    0x0800e138   0x0800e138   0x00000010   Code   RO         3851    i.shootTaskTrggMonitor  naive_shoot_task.o
    0x0800e148   0x0800e148   0x00000144   Code   RO         3852    i.shoot_task        naive_shoot_task.o
    0x0800e28c   0x0800e28c   0x0000003e   Code   RO         2435    i.single_servo_ctrl  bsp_servo_pwm.o
    0x0800e2ca   0x0800e2ca   0x0000003e   Code   RO        12424    i.sqrtf             m_wm.l(sqrtf_full.o)
    0x0800e308   0x0800e308   0x00000010   Code   RO          542    i.start_INS_task    freertos.o
    0x0800e318   0x0800e318   0x00000018   Code   RO         2602    i.toe_is_error      detect_task.o
    0x0800e330   0x0800e330   0x00000070   Code   RO         3853    i.triggerModeChange  naive_shoot_task.o
    0x0800e3a0   0x0800e3a0   0x00000064   Code   RO         2389    i.usart1_tx_dma_enable  bsp_usart.o
    0x0800e404   0x0800e404   0x00000048   Code   RO         2390    i.usart1_tx_dma_init  bsp_usart.o
    0x0800e44c   0x0800e44c   0x00000064   Code   RO         2392    i.usart6_tx_dma_enable  bsp_usart.o
    0x0800e4b0   0x0800e4b0   0x00000040   Code   RO           16    i.usart_printf      main.o
    0x0800e4f0   0x0800e4f0   0x00000026   Code   RO        10189    i.uxListRemove      list.o
    0x0800e516   0x0800e516   0x00000002   PAD
    0x0800e518   0x0800e518   0x00000020   Code   RO        10565    i.uxTaskGetStackHighWaterMark  tasks.o
    0x0800e538   0x0800e538   0x00000014   Code   RO          544    i.vApplicationGetIdleTaskMemory  freertos.o
    0x0800e54c   0x0800e54c   0x00000018   Code   RO          545    i.vApplicationGetTimerTaskMemory  freertos.o
    0x0800e564   0x0800e564   0x00000016   Code   RO        10190    i.vListInitialise   list.o
    0x0800e57a   0x0800e57a   0x00000006   Code   RO        10191    i.vListInitialiseItem  list.o
    0x0800e580   0x0800e580   0x00000030   Code   RO        10192    i.vListInsert       list.o
    0x0800e5b0   0x0800e5b0   0x00000018   Code   RO        10193    i.vListInsertEnd    list.o
    0x0800e5c8   0x0800e5c8   0x00000040   Code   RO        11462    i.vPortEnterCritical  port.o
    0x0800e608   0x0800e608   0x00000028   Code   RO        11463    i.vPortExitCritical  port.o
    0x0800e630   0x0800e630   0x0000005c   Code   RO        11412    i.vPortFree         heap_4.o
    0x0800e68c   0x0800e68c   0x00000024   Code   RO        11464    i.vPortSetupTimerInterrupt  port.o
    0x0800e6b0   0x0800e6b0   0x00000054   Code   RO        11465    i.vPortValidateInterruptPriority  port.o
    0x0800e704   0x0800e704   0x00000028   Code   RO        10235    i.vQueueAddToRegistry  queue.o
    0x0800e72c   0x0800e72c   0x00000044   Code   RO        10238    i.vQueueWaitForMessageRestricted  queue.o
    0x0800e770   0x0800e770   0x0000004c   Code   RO        10569    i.vTaskDelay        tasks.o
    0x0800e7bc   0x0800e7bc   0x00000010   Code   RO        10573    i.vTaskInternalSetTimeOutState  tasks.o
    0x0800e7cc   0x0800e7cc   0x0000000c   Code   RO        10574    i.vTaskMissedYield  tasks.o
    0x0800e7d8   0x0800e7d8   0x00000030   Code   RO        10576    i.vTaskPlaceOnEventList  tasks.o
    0x0800e808   0x0800e808   0x00000038   Code   RO        10577    i.vTaskPlaceOnEventListRestricted  tasks.o
    0x0800e840   0x0800e840   0x00000088   Code   RO        10584    i.vTaskStartScheduler  tasks.o
    0x0800e8c8   0x0800e8c8   0x00000010   Code   RO        10586    i.vTaskSuspendAll   tasks.o
    0x0800e8d8   0x0800e8d8   0x0000005c   Code   RO        10587    i.vTaskSwitchContext  tasks.o
    0x0800e934   0x0800e934   0x0000003c   Code   RO         4878    i.verify_CRC16_check_sum  crc8_crc16.o
    0x0800e970   0x0800e970   0x000000f4   Code   RO        11466    i.xPortStartScheduler  port.o
    0x0800ea64   0x0800ea64   0x0000002c   Code   RO        11467    i.xPortSysTickHandler  port.o
    0x0800ea90   0x0800ea90   0x00000066   Code   RO        10242    i.xQueueGenericCreateStatic  queue.o
    0x0800eaf6   0x0800eaf6   0x00000002   PAD
    0x0800eaf8   0x0800eaf8   0x00000088   Code   RO        10243    i.xQueueGenericReset  queue.o
    0x0800eb80   0x0800eb80   0x00000160   Code   RO        10244    i.xQueueGenericSend  queue.o
    0x0800ece0   0x0800ece0   0x000000bc   Code   RO        10245    i.xQueueGenericSendFromISR  queue.o
    0x0800ed9c   0x0800ed9c   0x00000138   Code   RO        10253    i.xQueueReceive     queue.o
    0x0800eed4   0x0800eed4   0x00000088   Code   RO        10589    i.xTaskCheckForTimeOut  tasks.o
    0x0800ef5c   0x0800ef5c   0x0000005a   Code   RO        10590    i.xTaskCreate       tasks.o
    0x0800efb6   0x0800efb6   0x00000056   Code   RO        10591    i.xTaskCreateStatic  tasks.o
    0x0800f00c   0x0800f00c   0x0000001c   Code   RO        10596    i.xTaskGetSchedulerState  tasks.o
    0x0800f028   0x0800f028   0x0000000c   Code   RO        10597    i.xTaskGetTickCount  tasks.o
    0x0800f034   0x0800f034   0x000000c8   Code   RO        10599    i.xTaskIncrementTick  tasks.o
    0x0800f0fc   0x0800f0fc   0x00000098   Code   RO        10602    i.xTaskPriorityDisinherit  tasks.o
    0x0800f194   0x0800f194   0x00000074   Code   RO        10604    i.xTaskRemoveFromEventList  tasks.o
    0x0800f208   0x0800f208   0x000000c4   Code   RO        10605    i.xTaskResumeAll    tasks.o
    0x0800f2cc   0x0800f2cc   0x00000060   Code   RO        10899    i.xTimerCreateTimerTask  timers.o
    0x0800f32c   0x0800f32c   0x00000068   Code   RO        10900    i.xTimerGenericCommand  timers.o
    0x0800f394   0x0800f394   0x0000002c   Code   RO        12816    locale$$code        c_w.l(lc_numeric_c.o)
    0x0800f3c0   0x0800f3c0   0x0000002c   Code   RO        12847    locale$$code        c_w.l(lc_ctype_c.o)
    0x0800f3ec   0x0800f3ec   0x000002c4   Code   RO        12298    x$fpl$d2f           g_wm.l(d2f_clz.o)
    0x0800f6b0   0x0800f6b0   0x00000018   Code   RO        12760    x$fpl$dcmpinf       g_wm.l(dcmpi.o)
    0x0800f6c8   0x0800f6c8   0x0000001a   Code   RO        12312    x$fpl$dfltn         g_wm.l(dflt_clz.o)
    0x0800f6e2   0x0800f6e2   0x00000002   PAD
    0x0800f6e4   0x0800f6e4   0x00000078   Code   RO        12616    x$fpl$dleqf         g_wm.l(dleqf.o)
    0x0800f75c   0x0800f75c   0x00000102   Code   RO        12618    x$fpl$dnaninf       g_wm.l(dnaninf.o)
    0x0800f85e   0x0800f85e   0x00000070   Code   RO        12620    x$fpl$drenorm       g_wm.l(drenorm_clz.o)
    0x0800f8ce   0x0800f8ce   0x0000000c   Code   RO        12622    x$fpl$dretinf       g_wm.l(dretinf.o)
    0x0800f8da   0x0800f8da   0x00000062   Code   RO        12318    x$fpl$drleqf        g_wm.l(drleqf.o)
    0x0800f93c   0x0800f93c   0x0000017a   Code   RO        12626    x$fpl$dunder        g_wm.l(dunder_clz.o)
    0x0800fab6   0x0800fab6   0x00000002   PAD
    0x0800fab8   0x0800fab8   0x000001ec   Code   RO        12628    x$fpl$exception     g_wm.l(except.o)
    0x0800fca4   0x0800fca4   0x0000007a   Code   RO        12320    x$fpl$f2d           g_wm.l(f2d.o)
    0x0800fd1e   0x0800fd1e   0x000000f2   Code   RO        12630    x$fpl$fnaninf       g_wm.l(fnaninf.o)
    0x0800fe10   0x0800fe10   0x0000000a   Code   RO        12766    x$fpl$fpinit        g_wm.l(fpinit.o)
    0x0800fe1a   0x0800fe1a   0x0000000a   Code   RO        12632    x$fpl$fretinf       g_wm.l(fretinf.o)
    0x0800fe24   0x0800fe24   0x0000013c   Code   RO        12634    x$fpl$funder        g_wm.l(funder_clz.o)
    0x0800ff60   0x0800ff60   0x00000020   Code   RO        12636    x$fpl$ieeestatus    g_wm.l(istatus.o)
    0x0800ff80   0x0800ff80   0x00000004   Code   RO        12638    x$fpl$printf1       g_wm.l(printf1.o)
    0x0800ff84   0x0800ff84   0x00000004   Code   RO        12640    x$fpl$printf2       g_wm.l(printf2.o)
    0x0800ff88   0x0800ff88   0x000000b2   Code   RO        12768    x$fpl$retnan        g_wm.l(retnan.o)
    0x0801003a   0x0801003a   0x0000007e   Code   RO        12646    x$fpl$trapveneer    g_wm.l(trapv.o)
    0x080100b8   0x080100b8   0x00000000   Code   RO        12648    x$fpl$usenofp       g_wm.l(usenofp.o)
    0x080100b8   0x080100b8   0x000000fc   Data   RO          547    .constdata          freertos.o
    0x080101b4   0x080101b4   0x00000010   Data   RO         1697    .constdata          system_stm32f4xx.o
    0x080101c4   0x080101c4   0x00000008   Data   RO         1698    .constdata          system_stm32f4xx.o
    0x080101cc   0x080101cc   0x0000005a   Data   RO         2604    .constdata          detect_task.o
    0x08010226   0x08010226   0x00000002   PAD
    0x08010228   0x08010228   0x00000030   Data   RO         2859    .constdata          ins_task.o
    0x08010258   0x08010258   0x00000008   Data   RO         3462    .constdata          naive_gimbal_task.o
    0x08010260   0x08010260   0x00000018   Data   RO         3855    .constdata          naive_shoot_task.o
    0x08010278   0x08010278   0x00000874   Data   RO         4140    .constdata          oled.o
    0x08010aec   0x08010aec   0x00000090   Data   RO         4818    .constdata          quaternionekf.o
    0x08010b7c   0x08010b7c   0x00000300   Data   RO         4881    .constdata          crc8_crc16.o
    0x08010e7c   0x08010e7c   0x00000008   Data   RO         6386    .constdata          stm32f4xx_hal_dma.o
    0x08010e84   0x08010e84   0x00000804   Data   RO        12184    .constdata          arm_cortexM4lf_math.lib(arm_common_tables.o)
    0x08011688   0x08011688   0x00000008   Data   RO        12491    .constdata          c_w.l(_printf_wctomb.o)
    0x08011690   0x08011690   0x00000028   Data   RO        12520    .constdata          c_w.l(_printf_hex_int_ll_ptr.o)
    0x080116b8   0x080116b8   0x00000011   Data   RO        12540    .constdata          c_w.l(__printf_flags_ss_wp.o)
    0x080116c9   0x080116c9   0x00000026   Data   RO        12740    .constdata          c_w.l(_printf_fp_hex.o)
    0x080116ef   0x080116ef   0x00000001   PAD
    0x080116f0   0x080116f0   0x00000094   Data   RO        12791    .constdata          c_w.l(bigflt0.o)
    0x08011784   0x08011784   0x00000064   Data   RO          548    .conststring        freertos.o
    0x080117e8   0x080117e8   0x00000020   Data   RO        12901    Region$$Table       anon$$obj.o
    0x08011808   0x08011808   0x0000001c   Data   RO        12815    locale$$data        c_w.l(lc_numeric_c.o)
    0x08011824   0x08011824   0x00000110   Data   RO        12846    locale$$data        c_w.l(lc_ctype_c.o)


    Execution Region RW_IRAM1 (Exec base: 0x20000000, Load base: 0x08011934, Size: 0x0000d200, Max: 0x00020000, ABSOLUTE, COMPRESSED[0x000000a4])

    Exec Addr    Load Addr    Size         Type   Attr      Idx    E Section Name        Object

    0x20000000   COMPRESSED   0x00000008   Data   RW           18    .data               main.o
    0x20000008   COMPRESSED   0x00000024   Data   RW          549    .data               freertos.o
    0x2000002c   COMPRESSED   0x00000004   Data   RW          669    .data               can.o
    0x20000030   COMPRESSED   0x00000008   Data   RW          716    .data               crc.o
    0x20000038   COMPRESSED   0x00000004   Data   RW         1699    .data               system_stm32f4xx.o
    0x2000003c   COMPRESSED   0x00000008   Data   RW         1985    .data               bsp_delay.o
    0x20000044   COMPRESSED   0x00000008   Data   RW         2253    .data               bsp_led.o
    0x2000004c   COMPRESSED   0x00000004   PAD
    0x20000050   COMPRESSED   0x00000040   Data   RW         2502    .data               bsp_dwt.o
    0x20000090   COMPRESSED   0x0000000c   Data   RW         2605    .data               detect_task.o
    0x2000009c   COMPRESSED   0x00000044   Data   RW         2860    .data               ins_task.o
    0x200000e0   COMPRESSED   0x00000002   Data   RW         3041    .data               referee_usart_task.o
    0x200000e2   COMPRESSED   0x00000004   Data   RW         3102    .data               remote_control.o
    0x200000e6   COMPRESSED   0x00000002   PAD
    0x200000e8   COMPRESSED   0x0000001c   Data   RW         3360    .data               led_flow_task.o
    0x20000104   COMPRESSED   0x00000008   Data   RW         3396    .data               servo_task.o
    0x2000010c   COMPRESSED   0x00000004   PAD
    0x20000110   COMPRESSED   0x00000060   Data   RW         3463    .data               naive_gimbal_task.o
    0x20000170   COMPRESSED   0x0000000c   Data   RW         3760    .data               nuccommu.o
    0x2000017c   COMPRESSED   0x0000004c   Data   RW         3856    .data               naive_shoot_task.o
    0x200001c8   COMPRESSED   0x00000014   Data   RW         3938    .data               robot_total_mode.o
    0x200001dc   COMPRESSED   0x00000048   Data   RW         4000    .data               can_receive.o
    0x20000224   COMPRESSED   0x00000008   Data   RW         4141    .data               oled.o
    0x2000022c   COMPRESSED   0x00000048   Data   RW         4444    .data               bmi088driver.o
    0x20000274   COMPRESSED   0x00000004   Data   RW         4521    .data               bmi088middleware.o
    0x20000278   COMPRESSED   0x00000014   Data   RW         4591    .data               user_lib.o
    0x2000028c   COMPRESSED   0x00000004   Data   RW         4736    .data               kalman_filter.o
    0x20000290   COMPRESSED   0x000000d4   Data   RW         4819    .data               quaternionekf.o
    0x20000364   COMPRESSED   0x00000002   Data   RW         4882    .data               crc8_crc16.o
    0x20000366   COMPRESSED   0x00000002   PAD
    0x20000368   COMPRESSED   0x0000000c   Data   RW         6813    .data               stm32f4xx_hal.o
    0x20000374   COMPRESSED   0x0000003c   Data   RW        10608    .data               tasks.o
    0x200003b0   COMPRESSED   0x00000014   Data   RW        10908    .data               timers.o
    0x200003c4   COMPRESSED   0x00000018   Data   RW        11417    .data               heap_4.o
    0x200003dc   COMPRESSED   0x0000000c   Data   RW        11468    .data               port.o
    0x200003e8   COMPRESSED   0x00000001   Data   RW        11684    .data               usbd_ctlreq.o
    0x200003e9   COMPRESSED   0x00000003   PAD
    0x200003ec        -       0x00000100   Zero   RW           17    .bss                main.o
    0x200004ec        -       0x000006a8   Zero   RW          546    .bss                freertos.o
    0x20000b94        -       0x00000090   Zero   RW          620    .bss                adc.o
    0x20000c24        -       0x00000050   Zero   RW          668    .bss                can.o
    0x20000c74        -       0x0000015c   Zero   RW          787    .bss                i2c.o
    0x20000dd0        -       0x00000010   Zero   RW          839    .bss                rng.o
    0x20000de0        -       0x00000020   Zero   RW          881    .bss                rtc.o
    0x20000e00        -       0x00000170   Zero   RW          924    .bss                spi.o
    0x20000f70        -       0x00000180   Zero   RW          977    .bss                tim.o
    0x200010f0        -       0x000002a0   Zero   RW         1051    .bss                usart.o
    0x20001390        -       0x00000408   Zero   RW         1190    .bss                usbd_conf.o
    0x20001798        -       0x00000240   Zero   RW         2603    .bss                detect_task.o
    0x200019d8        -       0x00000028   Zero   RW         2682    .bss                communication_task.o
    0x20001a00        -       0x00000148   Zero   RW         2858    .bss                ins_task.o
    0x20001b48        -       0x000008a1   Zero   RW         3040    .bss                referee_usart_task.o
    0x200023e9        -       0x00000072   Zero   RW         3101    .bss                remote_control.o
    0x2000245b   COMPRESSED   0x00000001   PAD
    0x2000245c        -       0x00000048   Zero   RW         3395    .bss                servo_task.o
    0x200024a4        -       0x000001b0   Zero   RW         3461    .bss                naive_gimbal_task.o
    0x20002654        -       0x00000054   Zero   RW         3759    .bss                nuccommu.o
    0x200026a8        -       0x000000ec   Zero   RW         3854    .bss                naive_shoot_task.o
    0x20002794        -       0x00000104   Zero   RW         3999    .bss                can_receive.o
    0x20002898        -       0x00000417   Zero   RW         4139    .bss                oled.o
    0x20002caf   COMPRESSED   0x00000001   PAD
    0x20002cb0        -       0x00000040   Zero   RW         4443    .bss                bmi088driver.o
    0x20002cf0        -       0x00000270   Zero   RW         4817    .bss                quaternionekf.o
    0x20002f60        -       0x00000040   Zero   RW        10256    .bss                queue.o
    0x20002fa0        -       0x000000f0   Zero   RW        10607    .bss                tasks.o
    0x20003090        -       0x00000110   Zero   RW        10907    .bss                timers.o
    0x200031a0        -       0x00006000   Zero   RW        11416    .bss                heap_4.o
    0x200091a0        -       0x00000060   Zero   RW        12699    .bss                c_w.l(libspace.o)
    0x20009200        -       0x00002000   Zero   RW            2    HEAP                startup_stm32f407xx.o
    0x2000b200        -       0x00002000   Zero   RW            1    STACK               startup_stm32f407xx.o


==============================================================================

Image component sizes


      Code (inc. data)   RO Data    RW Data    ZI Data      Debug   Object Name

       324         40          0          0        144       2302   adc.o
      2208        108          0         72         64      10921   bmi088driver.o
       100         30          0          4          0       3308   bmi088middleware.o
         0          0          0          0          0     600416   bsp_adc.o
        88          8          0          0          0        582   bsp_can.o
        40         14          0          8          0        661   bsp_delay.o
       448         68          0         64          0       4554   bsp_dwt.o
       528         64          0          0          0       4418   bsp_i2c.o
        16          4          0          0          0        451   bsp_laser.o
        60          8          0          8          0        616   bsp_led.o
        96         12          0          0          0       1119   bsp_nuccom.o
        42          0          0          0          0        914   bsp_pwm.o
        96         12          0          0          0       1014   bsp_rc.o
        62          0          0          0          0       2212   bsp_servo_pwm.o
       272         36          0          0          0       2248   bsp_usart.o
       388         42          0          4         80       2434   can.o
       668         72          0         72        260       9980   can_receive.o
       120          0          0          0          0      22293   cmsis_os.o
       208         10          0          0         40       2097   communication_task.o
      1728         12          0          0          0       9391   controller.o
        76         18          0          8          0       1487   crc.o
       144         16        768          2          0       3068   crc8_crc16.o
       488         36         90         12        576       4998   detect_task.o
       172          4          0          0          0        846   dma.o
         0          0          0          0          0      16364   event_groups.o
       124          0          0          0          0       7718   fifo.o
       276         20        352         36       1704       4273   freertos.o
       460         30          0          0          0     746299   gpio.o
       460         24          0         24      24576       4787   heap_4.o
       548         82          0          0        348       3120   i2c.o
      1832        120         48         68        328      26697   ins_task.o
      2222         20          0          4          0       9635   kalman_filter.o
       280          8          0         28          0       1645   led_flow_task.o
       138          0          0          0          0       3558   list.o
       374         28          0          8        256     675975   main.o
      2124        188          8         96        432     626246   naive_gimbal_task.o
      1142         82         24         76        236      10310   naive_shoot_task.o
       334         32          0         12         84       6087   nuccommu.o
       432         42       2164          8       1047       7644   oled.o
       484         18          0          0          0       3130   pid.o
       786         82          0         12          0      11957   port.o
      2856        172        144        212        624       8670   quaternionekf.o
      1500         20          0          0         64      14696   queue.o
       152         20          0          2       2209       4287   referee_usart_task.o
       392         34          0          4        114     586772   remote_control.o
        76         18          0          0         16       1487   rng.o
       320         64          0         20          0       2950   robot_total_mode.o
        80         18          0          0         32       1439   rtc.o
       160         22          0          8         72       5032   servo_task.o
       472         44          0          0        368       2576   spi.o
        64         26        392          0      16384        844   startup_stm32f407xx.o
       180         28          0         12          0       4581   stm32f4xx_hal.o
       712         28          0          0          0       2883   stm32f4xx_hal_adc.o
      1638          6          0          0          0      14287   stm32f4xx_hal_can.o
       234         24          0          0          0      34578   stm32f4xx_hal_cortex.o
        38          0          0          0          0       1055   stm32f4xx_hal_crc.o
       752         16          8          0          0       4080   stm32f4xx_hal_dma.o
       468         50          0          0          0       3600   stm32f4xx_hal_gpio.o
      1260         30          0          0          0       8933   stm32f4xx_hal_i2c.o
        56          4          0          0          0        838   stm32f4xx_hal_msp.o
      1986         18          0          0          0       9743   stm32f4xx_hal_pcd.o
         2          0          0          0          0        937   stm32f4xx_hal_pcd_ex.o
      1276         86          0          0          0       5632   stm32f4xx_hal_rcc.o
       316         20          0          0          0       1392   stm32f4xx_hal_rcc_ex.o
        50          0          0          0          0       1079   stm32f4xx_hal_rng.o
       284          6          0          0          0       2864   stm32f4xx_hal_rtc.o
       846          8          0          0          0       4741   stm32f4xx_hal_spi.o
      1356         90          0          0          0      13349   stm32f4xx_hal_tim.o
       150          0          0          0          0       2144   stm32f4xx_hal_tim_ex.o
      1068          8          0          0          0       4108   stm32f4xx_hal_uart.o
       146         42          0          0          0      23117   stm32f4xx_it.o
      1700         98          0          0          0      15575   stm32f4xx_ll_usb.o
        84         18         24          4          0       1159   system_stm32f4xx.o
      2168        162          0         60        240      24710   tasks.o
      1748        142          0          0        384       6671   tim.o
       912         82          0         20        272      26407   timers.o
         0          0          0          0          0       1492   transfer_function.o
       792         78          0          0        672       3579   usart.o
         0          0          0          0          0       4540   usb_device.o
       362          4          0          0       1032      11861   usbd_conf.o
       628          0          0          0          0      10195   usbd_core.o
      1114         28          0          1          0       7247   usbd_ctlreq.o
       102          0          0          0          0       3808   usbd_ioreq.o
       728          4          0         20          0       8145   user_lib.o

    ----------------------------------------------------------------------
     49688       2908       4056       1004      52660    3755858   Object Totals
         0          0         32          0          0          0   (incl. Generated)
        72          0          2         15          2          0   (incl. Padding)

    ----------------------------------------------------------------------

      Code (inc. data)   RO Data    RW Data    ZI Data      Debug   Library Member Name

         0          0       2052          0          0       4636   arm_common_tables.o
       120         12          0          0          0      16970   arm_cos_f32.o
       264          0          0          0          0       1482   arm_mat_add_f32.o
         8          0          0          0          0        843   arm_mat_init_f32.o
      1328          4          0          0          0       2718   arm_mat_inverse_f32.o
       316          4          0          0          0       1627   arm_mat_mult_f32.o
       264          0          0          0          0       1482   arm_mat_sub_f32.o
       276          0          0          0          0       1516   arm_mat_trans_f32.o
       116         12          0          0          0        658   arm_sin_f32.o
        90          0          0          0          0          0   __dczerorl2.o
         8          0          0          0          0         68   __main.o
       392          4         17          0          0         92   __printf_flags_ss_wp.o
        14          0          0          0          0         68   __printf_wp.o
         0          0          0          0          0          0   __rtentry.o
        12          0          0          0          0          0   __rtentry2.o
         6          0          0          0          0          0   __rtentry4.o
        52          8          0          0          0          0   __scatter.o
        28          0          0          0          0          0   __scatter_zi.o
        48          4          0          0          0         84   _fptrap.o
         6          0          0          0          0          0   _printf_a.o
         6          0          0          0          0          0   _printf_c.o
        44          0          0          0          0        108   _printf_char.o
        48          6          0          0          0         96   _printf_char_common.o
        40          0          0          0          0         68   _printf_charcount.o
         6          0          0          0          0          0   _printf_d.o
       120         16          0          0          0         92   _printf_dec.o
         6          0          0          0          0          0   _printf_e.o
         6          0          0          0          0          0   _printf_f.o
      1054          0          0          0          0        216   _printf_fp_dec.o
       764          8         38          0          0        100   _printf_fp_hex.o
       128         16          0          0          0         84   _printf_fp_infnan.o
         6          0          0          0          0          0   _printf_g.o
       148          4         40          0          0        160   _printf_hex_int_ll_ptr.o
         6          0          0          0          0          0   _printf_i.o
       178          0          0          0          0         88   _printf_intcommon.o
        10          0          0          0          0          0   _printf_l.o
         6          0          0          0          0          0   _printf_lc.o
        10          0          0          0          0          0   _printf_ll.o
         6          0          0          0          0          0   _printf_lld.o
         6          0          0          0          0          0   _printf_lli.o
         6          0          0          0          0          0   _printf_llo.o
         6          0          0          0          0          0   _printf_llu.o
         6          0          0          0          0          0   _printf_llx.o
       124         16          0          0          0         92   _printf_longlong_dec.o
         6          0          0          0          0          0   _printf_ls.o
         6          0          0          0          0          0   _printf_n.o
         6          0          0          0          0          0   _printf_o.o
       112         10          0          0          0        124   _printf_oct_int_ll.o
         6          0          0          0          0          0   _printf_p.o
        78          0          0          0          0        108   _printf_pad.o
         0          0          0          0          0          0   _printf_percent.o
         4          0          0          0          0          0   _printf_percent_end.o
         6          0          0          0          0          0   _printf_s.o
        82          0          0          0          0         80   _printf_str.o
        36          0          0          0          0         84   _printf_truncate.o
         6          0          0          0          0          0   _printf_u.o
        44          0          0          0          0        108   _printf_wchar.o
       188          6          8          0          0         92   _printf_wctomb.o
         6          0          0          0          0          0   _printf_x.o
        22          0          0          0          0        100   _rserrno.o
        10          0          0          0          0         68   _sputc.o
        64          0          0          0          0         92   _wcrtomb.o
        16          0          0          0          0         68   aeabi_memset.o
       228          4        148          0          0         96   bigflt0.o
      1936        128          0          0          0        672   btod.o
        10          0          0          0          0         68   defsig_exit.o
       172        110          0          0          0         76   defsig_fpe_inner.o
        14          0          0          0          0         80   defsig_fpe_outer.o
        50          0          0          0          0         88   defsig_general.o
        80         58          0          0          0         76   defsig_rtmem_inner.o
        14          0          0          0          0         80   defsig_rtmem_outer.o
        18          0          0          0          0         80   exit.o
        94          0          0          0          0         80   h1_alloc.o
        52          0          0          0          0         68   h1_extend.o
        78          0          0          0          0         80   h1_free.o
        14          0          0          0          0         84   h1_init.o
         6          0          0          0          0        152   heapauxi.o
         4          0          0          0          0        136   hguard.o
         0          0          0          0          0          0   indicate_semi.o
       138          0          0          0          0        168   init_alloc.o
        44         10        272          0          0         76   lc_ctype_c.o
        44         10         28          0          0         76   lc_numeric_c.o
         2          0          0          0          0          0   libinit.o
        42          0          0          0          0          0   libinit2.o
         2          0          0          0          0          0   libshutdown.o
         2          0          0          0          0          0   libshutdown2.o
         8          4          0          0         96         68   libspace.o
       138          0          0          0          0         80   lludiv10.o
       238          0          0          0          0        100   lludivv7m.o
         0          0          0          0          0          0   maybetermalloc1.o
        16          4          0          0          0         76   rt_ctype_table.o
         8          4          0          0          0         68   rt_errno_addr_intlibspace.o
         8          4          0          0          0         68   rt_heap_descriptor_intlibspace.o
         8          4          0          0          0         68   rt_locale_intlibspace.o
        68          0          0          0          0         68   rt_memclr.o
        78          0          0          0          0         80   rt_memclr_w.o
       138          0          0          0          0         68   rt_memcpy_v6.o
       100          0          0          0          0         80   rt_memcpy_w.o
         2          0          0          0          0          0   rtexit.o
        10          0          0          0          0          0   rtexit2.o
       128          0          0          0          0         68   strcmpv7m.o
        12          4          0          0          0         68   sys_exit.o
        74          0          0          0          0         80   sys_stackheap_outer.o
        14          0          0          0          0         76   sys_wrch.o
         2          0          0          0          0         68   use_no_semi.o
        36          4          0          0          0         76   vsprintf.o
       708         16          0          0          0        140   d2f_clz.o
        24          0          0          0          0        116   dcmpi.o
        26          0          0          0          0        116   dflt_clz.o
       120          8          0          0          0        140   dleqf.o
       258          4          0          0          0        156   dnaninf.o
       112          0          0          0          0        160   drenorm_clz.o
        12          0          0          0          0        116   dretinf.o
        98          0          0          0          0        128   drleqf.o
       378          0          0          0          0        168   dunder_clz.o
       492         36          0          0          0        148   except.o
       122          8          0          0          0        132   f2d.o
       242          4          0          0          0        144   fnaninf.o
        10          0          0          0          0        116   fpinit.o
        10          0          0          0          0        116   fretinf.o
       316          0          0          0          0        132   funder_clz.o
        32          4          0          0          0        116   istatus.o
         4          0          0          0          0        116   printf1.o
         4          0          0          0          0        116   printf2.o
       178          0          0          0          0        116   retnan.o
       126          0          0          0          0        148   trapv.o
         0          0          0          0          0          0   usenofp.o
       280         46          0          0          0        176   acosf.o
       300         42          0          0          0        176   asinf.o
       592         90          0          0          0        184   atan2f.o
        48          0          0          0          0        124   fpclassify.o
        38          0          0          0          0        116   fpclassifyf.o
        44         12          0          0          0        464   funder.o
       120          0          0          0          0        272   sqrtf_full.o

    ----------------------------------------------------------------------
     15640        748       2604          0         96      41920   Library Totals
        30          0          1          0          0          0   (incl. Padding)

    ----------------------------------------------------------------------

      Code (inc. data)   RO Data    RW Data    ZI Data      Debug   Library Name

      2692         32       2052          0          0      31932   arm_cortexM4lf_math.lib
      8224        446        551          0         96       5836   c_w.l
      3272         80          0          0          0       2640   g_wm.l
      1422        190          0          0          0       1512   m_wm.l

    ----------------------------------------------------------------------
     15640        748       2604          0         96      41920   Library Totals

    ----------------------------------------------------------------------

==============================================================================


      Code (inc. data)   RO Data    RW Data    ZI Data      Debug   

     65328       3656       6660       1004      52756    3749950   Grand Totals
     65328       3656       6660        164      52756    3749950   ELF Image Totals (compressed)
     65328       3656       6660        164          0          0   ROM Totals

==============================================================================

    Total RO  Size (Code + RO Data)                71988 (  70.30kB)
    Total RW  Size (RW Data + ZI Data)             53760 (  52.50kB)
    Total ROM Size (Code + RO Data + RW Data)      72152 (  70.46kB)

==============================================================================

