Component: ARM Compiler 5.06 update 5 (build 528) Tool: armlink [4d35e2]

==============================================================================

Section Cross References

    startup_stm32f407xx.o(STACK) refers (Special) to heapauxi.o(.text) for __use_two_region_memory
    startup_stm32f407xx.o(HEAP) refers (Special) to heapauxi.o(.text) for __use_two_region_memory
    startup_stm32f407xx.o(RESET) refers (Special) to heapauxi.o(.text) for __use_two_region_memory
    startup_stm32f407xx.o(RESET) refers to startup_stm32f407xx.o(STACK) for __initial_sp
    startup_stm32f407xx.o(RESET) refers to startup_stm32f407xx.o(.text) for Reset_Handler
    startup_stm32f407xx.o(RESET) refers to stm32f4xx_it.o(i.NMI_Handler) for NMI_Handler
    startup_stm32f407xx.o(RESET) refers to stm32f4xx_it.o(i.HardFault_Handler) for HardFault_Handler
    startup_stm32f407xx.o(RESET) refers to stm32f4xx_it.o(i.MemManage_Handler) for MemManage_Handler
    startup_stm32f407xx.o(RESET) refers to stm32f4xx_it.o(i.BusFault_Handler) for BusFault_Handler
    startup_stm32f407xx.o(RESET) refers to stm32f4xx_it.o(i.UsageFault_Handler) for UsageFault_Handler
    startup_stm32f407xx.o(RESET) refers to port.o(.emb_text) for SVC_Handler
    startup_stm32f407xx.o(RESET) refers to stm32f4xx_it.o(i.DebugMon_Handler) for DebugMon_Handler
    startup_stm32f407xx.o(RESET) refers to stm32f4xx_it.o(i.SysTick_Handler) for SysTick_Handler
    startup_stm32f407xx.o(RESET) refers to stm32f4xx_it.o(i.EXTI0_IRQHandler) for EXTI0_IRQHandler
    startup_stm32f407xx.o(RESET) refers to stm32f4xx_it.o(i.EXTI3_IRQHandler) for EXTI3_IRQHandler
    startup_stm32f407xx.o(RESET) refers to stm32f4xx_it.o(i.EXTI4_IRQHandler) for EXTI4_IRQHandler
    startup_stm32f407xx.o(RESET) refers to stm32f4xx_it.o(i.CAN1_RX0_IRQHandler) for CAN1_RX0_IRQHandler
    startup_stm32f407xx.o(RESET) refers to stm32f4xx_it.o(i.EXTI9_5_IRQHandler) for EXTI9_5_IRQHandler
    startup_stm32f407xx.o(RESET) refers to nuccommu.o(i.USART1_IRQHandler) for USART1_IRQHandler
    startup_stm32f407xx.o(RESET) refers to remote_control.o(i.USART3_IRQHandler) for USART3_IRQHandler
    startup_stm32f407xx.o(RESET) refers to bsp_i2c.o(i.DMA1_Stream7_IRQHandler) for DMA1_Stream7_IRQHandler
    startup_stm32f407xx.o(RESET) refers to stm32f4xx_it.o(i.DMA2_Stream1_IRQHandler) for DMA2_Stream1_IRQHandler
    startup_stm32f407xx.o(RESET) refers to stm32f4xx_it.o(i.CAN2_RX0_IRQHandler) for CAN2_RX0_IRQHandler
    startup_stm32f407xx.o(RESET) refers to stm32f4xx_it.o(i.OTG_FS_IRQHandler) for OTG_FS_IRQHandler
    startup_stm32f407xx.o(RESET) refers to stm32f4xx_it.o(i.DMA2_Stream5_IRQHandler) for DMA2_Stream5_IRQHandler
    startup_stm32f407xx.o(RESET) refers to stm32f4xx_it.o(i.DMA2_Stream6_IRQHandler) for DMA2_Stream6_IRQHandler
    startup_stm32f407xx.o(RESET) refers to stm32f4xx_it.o(i.DMA2_Stream7_IRQHandler) for DMA2_Stream7_IRQHandler
    startup_stm32f407xx.o(RESET) refers to referee_usart_task.o(i.USART6_IRQHandler) for USART6_IRQHandler
    startup_stm32f407xx.o(.text) refers (Special) to heapauxi.o(.text) for __use_two_region_memory
    startup_stm32f407xx.o(.text) refers to system_stm32f4xx.o(i.SystemInit) for SystemInit
    startup_stm32f407xx.o(.text) refers to __main.o(!!!main) for __main
    startup_stm32f407xx.o(.text) refers to startup_stm32f407xx.o(HEAP) for Heap_Mem
    startup_stm32f407xx.o(.text) refers to startup_stm32f407xx.o(STACK) for Stack_Mem
    main.o(i.SystemClock_Config) refers to rt_memclr_w.o(.text) for __aeabi_memclr4
    main.o(i.SystemClock_Config) refers to stm32f4xx_hal_rcc.o(i.HAL_RCC_OscConfig) for HAL_RCC_OscConfig
    main.o(i.SystemClock_Config) refers to stm32f4xx_hal_rcc.o(i.HAL_RCC_ClockConfig) for HAL_RCC_ClockConfig
    main.o(i.SystemClock_Config) refers to stm32f4xx_hal_rcc_ex.o(i.HAL_RCCEx_PeriphCLKConfig) for HAL_RCCEx_PeriphCLKConfig
    main.o(i.main) refers to stm32f4xx_hal.o(i.HAL_Init) for HAL_Init
    main.o(i.main) refers to main.o(i.SystemClock_Config) for SystemClock_Config
    main.o(i.main) refers to gpio.o(i.MX_GPIO_Init) for MX_GPIO_Init
    main.o(i.main) refers to dma.o(i.MX_DMA_Init) for MX_DMA_Init
    main.o(i.main) refers to adc.o(i.MX_ADC1_Init) for MX_ADC1_Init
    main.o(i.main) refers to adc.o(i.MX_ADC3_Init) for MX_ADC3_Init
    main.o(i.main) refers to can.o(i.MX_CAN1_Init) for MX_CAN1_Init
    main.o(i.main) refers to can.o(i.MX_CAN2_Init) for MX_CAN2_Init
    main.o(i.main) refers to i2c.o(i.MX_I2C1_Init) for MX_I2C1_Init
    main.o(i.main) refers to spi.o(i.MX_SPI1_Init) for MX_SPI1_Init
    main.o(i.main) refers to tim.o(i.MX_TIM4_Init) for MX_TIM4_Init
    main.o(i.main) refers to tim.o(i.MX_TIM5_Init) for MX_TIM5_Init
    main.o(i.main) refers to usart.o(i.MX_USART3_UART_Init) for MX_USART3_UART_Init
    main.o(i.main) refers to tim.o(i.MX_TIM8_Init) for MX_TIM8_Init
    main.o(i.main) refers to crc.o(i.MX_CRC_Init) for MX_CRC_Init
    main.o(i.main) refers to rng.o(i.MX_RNG_Init) for MX_RNG_Init
[...]
    0x080002b6   0x080002b6   0x00000006   Code   RO        12532    .ARM.Collect$$_printf_percent$$00000014  c_w.l(_printf_s.o)
    0x080002bc   0x080002bc   0x00000006   Code   RO        12550    .ARM.Collect$$_printf_percent$$00000015  c_w.l(_printf_lc.o)
    0x080002c2   0x080002c2   0x00000006   Code   RO        12551    .ARM.Collect$$_printf_percent$$00000016  c_w.l(_printf_ls.o)
    0x080002c8   0x080002c8   0x00000004   Code   RO        12737    .ARM.Collect$$_printf_percent$$00000017  c_w.l(_printf_percent_end.o)
    0x080002cc   0x080002cc   0x00000002   Code   RO        12824    .ARM.Collect$$libinit$$00000000  c_w.l(libinit.o)
    0x080002ce   0x080002ce   0x00000004   Code   RO        12556    .ARM.Collect$$libinit$$00000001  c_w.l(libinit2.o)
    0x080002d2   0x080002d2   0x00000000   Code   RO        12559    .ARM.Collect$$libinit$$00000004  c_w.l(libinit2.o)
    0x080002d2   0x080002d2   0x00000008   Code   RO        12560    .ARM.Collect$$libinit$$00000005  c_w.l(libinit2.o)
    0x080002da   0x080002da   0x00000000   Code   RO        12562    .ARM.Collect$$libinit$$0000000A  c_w.l(libinit2.o)
    0x080002da   0x080002da   0x00000000   Code   RO        12564    .ARM.Collect$$libinit$$0000000C  c_w.l(libinit2.o)
    0x080002da   0x080002da   0x00000000   Code   RO        12566    .ARM.Collect$$libinit$$0000000E  c_w.l(libinit2.o)
    0x080002da   0x080002da   0x00000006   Code   RO        12567    .ARM.Collect$$libinit$$0000000F  c_w.l(libinit2.o)
    0x080002e0   0x080002e0   0x00000000   Code   RO        12569    .ARM.Collect$$libinit$$00000011  c_w.l(libinit2.o)
    0x080002e0   0x080002e0   0x0000000c   Code   RO        12570    .ARM.Collect$$libinit$$00000012  c_w.l(libinit2.o)
    0x080002ec   0x080002ec   0x00000000   Code   RO        12571    .ARM.Collect$$libinit$$00000013  c_w.l(libinit2.o)
    0x080002ec   0x080002ec   0x00000000   Code   RO        12573    .ARM.Collect$$libinit$$00000015  c_w.l(libinit2.o)
    0x080002ec   0x080002ec   0x0000000a   Code   RO        12574    .ARM.Collect$$libinit$$00000016  c_w.l(libinit2.o)
    0x080002f6   0x080002f6   0x00000000   Code   RO        12575    .ARM.Collect$$libinit$$00000017  c_w.l(libinit2.o)
    0x080002f6   0x080002f6   0x00000000   Code   RO        12577    .ARM.Collect$$libinit$$00000019  c_w.l(libinit2.o)
    0x080002f6   0x080002f6   0x00000000   Code   RO        12579    .ARM.Collect$$libinit$$0000001B  c_w.l(libinit2.o)
    0x080002f6   0x080002f6   0x00000000   Code   RO        12581    .ARM.Collect$$libinit$$0000001D  c_w.l(libinit2.o)
    0x080002f6   0x080002f6   0x00000000   Code   RO        12583    .ARM.Collect$$libinit$$0000001F  c_w.l(libinit2.o)
    0x080002f6   0x080002f6   0x00000000   Code   RO        12585    .ARM.Collect$$libinit$$00000021  c_w.l(libinit2.o)
    0x080002f6   0x080002f6   0x00000000   Code   RO        12587    .ARM.Collect$$libinit$$00000023  c_w.l(libinit2.o)
    0x080002f6   0x080002f6   0x00000000   Code   RO        12589    .ARM.Collect$$libinit$$00000025  c_w.l(libinit2.o)
    0x080002f6   0x080002f6   0x00000000   Code   RO        12593    .ARM.Collect$$libinit$$0000002C  c_w.l(libinit2.o)
    0x080002f6   0x080002f6   0x00000000   Code   RO        12595    .ARM.Collect$$libinit$$0000002E  c_w.l(libinit2.o)
    0x080002f6   0x080002f6   0x00000000   Code   RO        12597    .ARM.Collect$$libinit$$00000030  c_w.l(libinit2.o)
    0x080002f6   0x080002f6   0x00000000   Code   RO        12599    .ARM.Collect$$libinit$$00000032  c_w.l(libinit2.o)
    0x080002f6   0x080002f6   0x00000002   Code   RO        12600    .ARM.Collect$$libinit$$00000033  c_w.l(libinit2.o)
    0x080002f8   0x080002f8   0x00000002   Code   RO        12887    .ARM.Collect$$libshutdown$$00000000  c_w.l(libshutdown.o)
    0x080002fa   0x080002fa   0x00000000   Code   RO        12845    .ARM.Collect$$libshutdown$$00000002  c_w.l(libshutdown2.o)
    0x080002fa   0x080002fa   0x00000000   Code   RO        12847    .ARM.Collect$$libshutdown$$00000004  c_w.l(libshutdown2.o)
    0x080002fa   0x080002fa   0x00000000   Code   RO        12850    .ARM.Collect$$libshutdown$$00000007  c_w.l(libshutdown2.o)
    0x080002fa   0x080002fa   0x00000000   Code   RO        12853    .ARM.Collect$$libshutdown$$0000000A  c_w.l(libshutdown2.o)
    0x080002fa   0x080002fa   0x00000000   Code   RO        12855    .ARM.Collect$$libshutdown$$0000000C  c_w.l(libshutdown2.o)
    0x080002fa   0x080002fa   0x00000000   Code   RO        12858    .ARM.Collect$$libshutdown$$0000000F  c_w.l(libshutdown2.o)
    0x080002fa   0x080002fa   0x00000002   Code   RO        12859    .ARM.Collect$$libshutdown$$00000010  c_w.l(libshutdown2.o)
    0x080002fc   0x080002fc   0x00000000   Code   RO        12431    .ARM.Collect$$rtentry$$00000000  c_w.l(__rtentry.o)
    0x080002fc   0x080002fc   0x00000000   Code   RO        12691    .ARM.Collect$$rtentry$$00000002  c_w.l(__rtentry2.o)
    0x080002fc   0x080002fc   0x00000006   Code   RO        12703    .ARM.Collect$$rtentry$$00000004  c_w.l(__rtentry4.o)
    0x08000302   0x08000302   0x00000000   Code   RO        12693    .ARM.Collect$$rtentry$$00000009  c_w.l(__rtentry2.o)
    0x08000302   0x08000302   0x00000004   Code   RO        12694    .ARM.Collect$$rtentry$$0000000A  c_w.l(__rtentry2.o)
    0x08000306   0x08000306   0x00000000   Code   RO        12696    .ARM.Collect$$rtentry$$0000000C  c_w.l(__rtentry2.o)
    0x08000306   0x08000306   0x00000008   Code   RO        12697    .ARM.Collect$$rtentry$$0000000D  c_w.l(__rtentry2.o)
    0x0800030e   0x0800030e   0x00000002   Code   RO        12827    .ARM.Collect$$rtexit$$00000000  c_w.l(rtexit.o)
    0x08000310   0x08000310   0x00000000   Code   RO        12863    .ARM.Collect$$rtexit$$00000002  c_w.l(rtexit2.o)
    0x08000310   0x08000310   0x00000004   Code   RO        12864    .ARM.Collect$$rtexit$$00000003  c_w.l(rtexit2.o)
    0x08000314   0x08000314   0x00000006   Code   RO        12865    .ARM.Collect$$rtexit$$00000004  c_w.l(rtexit2.o)
    0x0800031a   0x0800031a   0x00000002   PAD
    0x0800031c   0x0800031c   0x000000be   Code   RO        11445    .emb_text           port.o
    0x080003da   0x080003da   0x00000002   PAD
    0x080003dc   0x080003dc   0x00000000   Code   RO        12714    .emb_text           c_w.l(maybetermalloc1.o)
    0x080003dc   0x080003dc   0x00000040   Code   RO            4    .text               startup_stm32f407xx.o
    0x0800041c   0x0800041c   0x00000078   Code   RO        11894    .text               arm_cortexM4lf_math.lib(arm_cos_f32.o)
    0x08000494   0x08000494   0x00000074   Code   RO        11947    .text               arm_cortexM4lf_math.lib(arm_sin_f32.o)
    0x08000508   0x08000508   0x00000108   Code   RO        11971    .text               arm_cortexM4lf_math.lib(arm_mat_add_f32.o)
    0x08000610   0x08000610   0x00000008   Code   RO        11995    .text               arm_cortexM4lf_math.lib(arm_mat_init_f32.o)
    0x08000618   0x08000618   0x00000530   Code   RO        12019    .text               arm_cortexM4lf_math.lib(arm_mat_inverse_f32.o)
    0x08000b48   0x08000b48   0x0000013c   Code   RO        12043    .text               arm_cortexM4lf_math.lib(arm_mat_mult_f32.o)
    0x08000c84   0x08000c84   0x00000108   Code   RO        12067    .text               arm_cortexM4lf_math.lib(arm_mat_sub_f32.o)
    0x08000d8c   0x08000d8c   0x00000114   Code   RO        12091    .text               arm_cortexM4lf_math.lib(arm_mat_trans_f32.o)
    0x08000ea0   0x08000ea0   0x0000005e   Code   RO        12200    .text               c_w.l(h1_alloc.o)
    0x08000efe   0x08000efe   0x0000004e   Code   RO        12202    .text               c_w.l(h1_free.o)
    0x08000f4c   0x08000f4c   0x000000ee   Code   RO        12258    .text               c_w.l(lludivv7m.o)
    0x0800103a   0x0800103a   0x00000002   PAD
    0x0800103c   0x0800103c   0x00000024   Code   RO        12260    .text               c_w.l(vsprintf.o)
    0x08001060   0x08001060   0x0000008a   Code   RO        12269    .text               c_w.l(rt_memcpy_v6.o)
    0x080010ea   0x080010ea   0x00000064   Code   RO        12271    .text               c_w.l(rt_memcpy_w.o)
    0x0800114e   0x0800114e   0x00000010   Code   RO        12275    .text               c_w.l(aeabi_memset.o)
    0x0800115e   0x0800115e   0x00000044   Code   RO        12277    .text               c_w.l(rt_memclr.o)
    0x080011a2   0x080011a2   0x0000004e   Code   RO        12279    .text               c_w.l(rt_memclr_w.o)
    0x080011f0   0x080011f0   0x00000006   Code   RO        12281    .text               c_w.l(heapauxi.o)
    0x080011f6   0x080011f6   0x00000002   PAD
    0x080011f8   0x080011f8   0x00000008   Code   RO        12439    .text               c_w.l(rt_heap_descriptor_intlibspace.o)
    0x08001200   0x08001200   0x00000004   Code   RO        12441    .text               c_w.l(hguard.o)
    0x08001204   0x08001204   0x0000008a   Code   RO        12443    .text               c_w.l(init_alloc.o)
    0x0800128e   0x0800128e   0x0000000e   Code   RO        12447    .text               c_w.l(h1_init.o)
    0x0800129c   0x0800129c   0x00000016   Code   RO        12461    .text               c_w.l(_rserrno.o)
    0x080012b2   0x080012b2   0x0000004e   Code   RO        12465    .text               c_w.l(_printf_pad.o)
    0x08001300   0x08001300   0x00000024   Code   RO        12467    .text               c_w.l(_printf_truncate.o)
    0x08001324   0x08001324   0x00000052   Code   RO        12469    .text               c_w.l(_printf_str.o)
    0x08001376   0x08001376   0x00000002   PAD
    0x08001378   0x08001378   0x00000078   Code   RO        12471    .text               c_w.l(_printf_dec.o)
    0x080013f0   0x080013f0   0x00000028   Code   RO        12473    .text               c_w.l(_printf_charcount.o)
    0x08001418   0x08001418   0x00000030   Code   RO        12475    .text               c_w.l(_printf_char_common.o)
    0x08001448   0x08001448   0x0000000a   Code   RO        12477    .text               c_w.l(_sputc.o)
    0x08001452   0x08001452   0x00000002   PAD
    0x08001454   0x08001454   0x000000bc   Code   RO        12479    .text               c_w.l(_printf_wctomb.o)
    0x08001510   0x08001510   0x0000007c   Code   RO        12482    .text               c_w.l(_printf_longlong_dec.o)
    0x0800158c   0x0800158c   0x00000070   Code   RO        12488    .text               c_w.l(_printf_oct_int_ll.o)
    0x080015fc   0x080015fc   0x00000094   Code   RO        12508    .text               c_w.l(_printf_hex_int_ll_ptr.o)
    0x08001690   0x08001690   0x00000188   Code   RO        12528    .text               c_w.l(__printf_flags_ss_wp.o)
    0x08001818   0x08001818   0x00000008   Code   RO        12687    .text               c_w.l(libspace.o)
    0x08001820   0x08001820   0x00000008   Code   RO        12710    .text               c_w.l(rt_errno_addr_intlibspace.o)
    0x08001828   0x08001828   0x00000034   Code   RO        12716    .text               c_w.l(h1_extend.o)
    0x0800185c   0x0800185c   0x0000008a   Code   RO        12720    .text               c_w.l(lludiv10.o)
    0x080018e6   0x080018e6   0x00000002   PAD
    0x080018e8   0x080018e8   0x00000030   Code   RO        12722    .text               c_w.l(_fptrap.o)
    0x08001918   0x08001918   0x000000b2   Code   RO        12724    .text               c_w.l(_printf_intcommon.o)
    0x080019ca   0x080019ca   0x0000041e   Code   RO        12726    .text               c_w.l(_printf_fp_dec.o)
    0x08001de8   0x08001de8   0x000002fc   Code   RO        12728    .text               c_w.l(_printf_fp_hex.o)
    0x080020e4   0x080020e4   0x0000002c   Code   RO        12733    .text               c_w.l(_printf_char.o)
    0x08002110   0x08002110   0x0000002c   Code   RO        12735    .text               c_w.l(_printf_wchar.o)
    0x0800213c   0x0800213c   0x00000040   Code   RO        12738    .text               c_w.l(_wcrtomb.o)
    0x0800217c   0x0800217c   0x0000000e   Code   RO        12740    .text               c_w.l(defsig_rtmem_outer.o)
    0x0800218a   0x0800218a   0x00000002   Code   RO        12759    .text               c_w.l(use_no_semi.o)
    0x0800218c   0x0800218c   0x00000000   Code   RO        12761    .text               c_w.l(indicate_semi.o)
    0x0800218c   0x0800218c   0x0000004a   Code   RO        12762    .text               c_w.l(sys_stackheap_outer.o)
    0x080021d6   0x080021d6   0x00000002   PAD
    0x080021d8   0x080021d8   0x00000010   Code   RO        12764    .text               c_w.l(rt_ctype_table.o)
    0x080021e8   0x080021e8   0x00000008   Code   RO        12771    .text               c_w.l(rt_locale_intlibspace.o)
    0x080021f0   0x080021f0   0x00000080   Code   RO        12775    .text               c_w.l(_printf_fp_infnan.o)
    0x08002270   0x08002270   0x000000e4   Code   RO        12777    .text               c_w.l(bigflt0.o)
    0x08002354   0x08002354   0x00000012   Code   RO        12805    .text               c_w.l(exit.o)
    0x08002366   0x08002366   0x0000000a   Code   RO        12807    .text               c_w.l(defsig_exit.o)
    0x08002370   0x08002370   0x0000000e   Code   RO        12809    .text               c_w.l(defsig_fpe_outer.o)
    0x0800237e   0x0800237e   0x00000002   PAD
    0x08002380   0x08002380   0x00000050   Code   RO        12813    .text               c_w.l(defsig_rtmem_inner.o)
    0x080023d0   0x080023d0   0x0000000c   Code   RO        12825    .text               c_w.l(sys_exit.o)
    0x080023dc   0x080023dc   0x00000032   Code   RO        12838    .text               c_w.l(defsig_general.o)
    0x0800240e   0x0800240e   0x00000002   PAD
    0x08002410   0x08002410   0x000000ac   Code   RO        12840    .text               c_w.l(defsig_fpe_inner.o)
    0x080024bc   0x080024bc   0x00000080   Code   RO        12842    .text               c_w.l(strcmpv7m.o)
    0x0800253c   0x0800253c   0x0000000e   Code   RO        12860    .text               c_w.l(sys_wrch.o)
    0x0800254a   0x0800254a   0x0000003e   Code   RO        12780    CL$$btod_d2e        c_w.l(btod.o)
    0x08002588   0x08002588   0x00000046   Code   RO        12782    CL$$btod_d2e_denorm_low  c_w.l(btod.o)
    0x080025ce   0x080025ce   0x00000060   Code   RO        12781    CL$$btod_d2e_norm_op1  c_w.l(btod.o)
    0x0800262e   0x0800262e   0x00000338   Code   RO        12790    CL$$btod_div_common  c_w.l(btod.o)
    0x08002966   0x08002966   0x000000dc   Code   RO        12787    CL$$btod_e2e        c_w.l(btod.o)
    0x08002a42   0x08002a42   0x0000002a   Code   RO        12784    CL$$btod_ediv       c_w.l(btod.o)
    0x08002a6c   0x08002a6c   0x0000002a   Code   RO        12783    CL$$btod_emul       c_w.l(btod.o)
    0x08002a96   0x08002a96   0x00000244   Code   RO        12789    CL$$btod_mult_common  c_w.l(btod.o)
    0x08002cda   0x08002cda   0x00000002   PAD
    0x08002cdc   0x08002cdc   0x00000128   Code   RO         7035    i.ADC_Init          stm32f4xx_hal_adc.o
    0x08002e04   0x08002e04   0x00000010   Code   RO         4514    i.BMI088_ACCEL_NS_H  bmi088middleware.o
    0x08002e14   0x08002e14   0x00000010   Code   RO         4515    i.BMI088_ACCEL_NS_L  bmi088middleware.o
    0x08002e24   0x08002e24   0x00000010   Code   RO         4516    i.BMI088_GYRO_NS_H  bmi088middleware.o
    0x08002e34   0x08002e34   0x00000010   Code   RO         4517    i.BMI088_GYRO_NS_L  bmi088middleware.o
    0x08002e44   0x08002e44   0x000001ac   Code   RO         4433    i.BMI088_Read       bmi088driver.o
    0x08002ff0   0x08002ff0   0x00000080   Code   RO         4434    i.BMI088_init       bmi088driver.o
    0x08003070   0x08003070   0x00000024   Code   RO         4435    i.BMI088_read_muli_reg  bmi088driver.o
    0x08003094   0x08003094   0x00000016   Code   RO         4436    i.BMI088_read_single_reg  bmi088driver.o
    0x080030aa   0x080030aa   0x00000002   PAD
    0x080030ac   0x080030ac   0x00000024   Code   RO         4518    i.BMI088_read_write_byte  bmi088middleware.o
    0x080030d0   0x080030d0   0x00000012   Code   RO         4437    i.BMI088_write_single_reg  bmi088driver.o
    0x080030e2   0x080030e2   0x000000ea   Code   RO         2729    i.BodyFrameToEarthFrame  ins_task.o
    0x080031cc   0x080031cc   0x00000002   Code   RO         1350    i.BusFault_Handler  stm32f4xx_it.o
    0x080031ce   0x080031ce   0x00000002   PAD
    0x080031d0   0x080031d0   0x0000000c   Code   RO         1351    i.CAN1_RX0_IRQHandler  stm32f4xx_it.o
    0x080031dc   0x080031dc   0x000000f4   Code   RO         3995    i.CAN1_send_channel  can_receive.o
    0x080032d0   0x080032d0   0x0000000c   Code   RO         1352    i.CAN2_RX0_IRQHandler  stm32f4xx_it.o
    0x080032dc   0x080032dc   0x00000048   Code   RO         4001    i.CAN_cmd_gimbal    can_receive.o
    0x08003324   0x08003324   0x00000044   Code   RO         4002    i.CAN_cmd_shoot     can_receive.o
    0x08003368   0x08003368   0x00000404   Code   RO         4438    i.Calibrate_MPU_Offset  bmi088driver.o
    0x0800376c   0x0800376c   0x00000058   Code   RO         1966    i.DMA1_Stream7_IRQHandler  bsp_i2c.o
    0x080037c4   0x080037c4   0x0000000c   Code   RO         1353    i.DMA2_Stream1_IRQHandler  stm32f4xx_it.o
    0x080037d0   0x080037d0   0x0000000c   Code   RO         1354    i.DMA2_Stream5_IRQHandler  stm32f4xx_it.o
    0x080037dc   0x080037dc   0x0000000c   Code   RO         1355    i.DMA2_Stream6_IRQHandler  stm32f4xx_it.o
    0x080037e8   0x080037e8   0x0000000c   Code   RO         1356    i.DMA2_Stream7_IRQHandler  stm32f4xx_it.o
    0x080037f4   0x080037f4   0x00000028   Code   RO         6362    i.DMA_CalcBaseAndBitshift  stm32f4xx_hal_dma.o
    0x0800381c   0x0800381c   0x00000054   Code   RO         6363    i.DMA_CheckFifoParam  stm32f4xx_hal_dma.o
    0x08003870   0x08003870   0x00000028   Code   RO         2308    i.DWT_CNT_Update    bsp_dwt.o
    0x08003898   0x08003898   0x00000034   Code   RO         2309    i.DWT_Delay         bsp_dwt.o
    0x080038cc   0x080038cc   0x00000044   Code   RO         2310    i.DWT_GetDeltaT     bsp_dwt.o
    0x08003910   0x08003910   0x00000044   Code   RO         2313    i.DWT_GetTimeline_s  bsp_dwt.o
    0x08003954   0x08003954   0x00000048   Code   RO         2315    i.DWT_Init          bsp_dwt.o
    0x0800399c   0x0800399c   0x00000094   Code   RO         2316    i.DWT_SysTimeUpdate  bsp_dwt.o
    0x08003a30   0x08003a30   0x00000002   Code   RO         1357    i.DebugMon_Handler  stm32f4xx_it.o
    0x08003a32   0x08003a32   0x00000002   PAD
    0x08003a34   0x08003a34   0x00000022   Code   RO         3313    i.ECDFormat         naive_gimbal_task.o
    0x08003a56   0x08003a56   0x00000002   PAD
    0x08003a58   0x08003a58   0x00000022   Code   RO         3718    i.ECDFormat         naive_shoot_task.o
    0x08003a7a   0x08003a7a   0x00000006   Code   RO         1358    i.EXTI0_IRQHandler  stm32f4xx_it.o
    0x08003a80   0x08003a80   0x00000006   Code   RO         1359    i.EXTI3_IRQHandler  stm32f4xx_it.o
    0x08003a86   0x08003a86   0x00000006   Code   RO         1360    i.EXTI4_IRQHandler  stm32f4xx_it.o
    0x08003a8c   0x08003a8c   0x00000006   Code   RO         1361    i.EXTI9_5_IRQHandler  stm32f4xx_it.o
    0x08003a92   0x08003a92   0x000000ea   Code   RO         2730    i.EarthFrameToBodyFrame  ins_task.o
    0x08003b7c   0x08003b7c   0x0000002e   Code   RO         3623    i.Encode1           nuccommu.o
    0x08003baa   0x08003baa   0x00000020   Code   RO         3624    i.Encode2           nuccommu.o
    0x08003bca   0x08003bca   0x00000002   Code   RO           13    i.Error_Handler     main.o
    0x08003bcc   0x08003bcc   0x0000014c   Code   RO         7037    i.HAL_ADC_ConfigChannel  stm32f4xx_hal_adc.o
    0x08003d18   0x08003d18   0x00000054   Code   RO         7046    i.HAL_ADC_Init      stm32f4xx_hal_adc.o
    0x08003d6c   0x08003d6c   0x0000007c   Code   RO          486    i.HAL_ADC_MspInit   adc.o
    0x08003de8   0x08003de8   0x00000024   Code   RO         7308    i.HAL_CAN_ActivateNotification  stm32f4xx_hal_can.o
    0x08003e0c   0x08003e0c   0x000000c8   Code   RO         7309    i.HAL_CAN_AddTxMessage  stm32f4xx_hal_can.o
    0x08003ed4   0x08003ed4   0x0000010c   Code   RO         7310    i.HAL_CAN_ConfigFilter  stm32f4xx_hal_can.o
    0x08003fe0   0x08003fe0   0x00000002   Code   RO         7313    i.HAL_CAN_ErrorCallback  stm32f4xx_hal_can.o
    0x08003fe2   0x08003fe2   0x000000e8   Code   RO         7316    i.HAL_CAN_GetRxMessage  stm32f4xx_hal_can.o
    0x080040ca   0x080040ca   0x000001fc   Code   RO         7320    i.HAL_CAN_IRQHandler  stm32f4xx_hal_can.o
    0x080042c6   0x080042c6   0x0000011a   Code   RO         7321    i.HAL_CAN_Init      stm32f4xx_hal_can.o
    0x080043e0   0x080043e0   0x000000fc   Code   RO          534    i.HAL_CAN_MspInit   can.o
    0x080044dc   0x080044dc   0x00000002   Code   RO         7328    i.HAL_CAN_RxFifo0FullCallback  stm32f4xx_hal_can.o
    0x080044de   0x080044de   0x00000002   PAD
    0x080044e0   0x080044e0   0x000000e8   Code   RO         4005    i.HAL_CAN_RxFifo0MsgPendingCallback  can_receive.o
    0x080045c8   0x080045c8   0x00000002   Code   RO         7330    i.HAL_CAN_RxFifo1FullCallback  stm32f4xx_hal_can.o
    0x080045ca   0x080045ca   0x00000002   Code   RO         7331    i.HAL_CAN_RxFifo1MsgPendingCallback  stm32f4xx_hal_can.o
    0x080045cc   0x080045cc   0x00000002   Code   RO         7332    i.HAL_CAN_SleepCallback  stm32f4xx_hal_can.o
    0x080045ce   0x080045ce   0x00000002   PAD
    0x080045d0   0x080045d0   0x00000058   Code   RO         7333    i.HAL_CAN_Start     stm32f4xx_hal_can.o
    0x08004628   0x08004628   0x00000002   Code   RO         7335    i.HAL_CAN_TxMailbox0AbortCallback  stm32f4xx_hal_can.o
    0x0800462a   0x0800462a   0x00000002   Code   RO         7336    i.HAL_CAN_TxMailbox0CompleteCallback  stm32f4xx_hal_can.o
    0x0800462c   0x0800462c   0x00000002   Code   RO         7337    i.HAL_CAN_TxMailbox1AbortCallback  stm32f4xx_hal_can.o
    0x0800462e   0x0800462e   0x00000002   Code   RO         7338    i.HAL_CAN_TxMailbox1CompleteCallback  stm32f4xx_hal_can.o
    0x08004630   0x08004630   0x00000002   Code   RO         7339    i.HAL_CAN_TxMailbox2AbortCallback  stm32f4xx_hal_can.o
    0x08004632   0x08004632   0x00000002   Code   RO         7340    i.HAL_CAN_TxMailbox2CompleteCallback  stm32f4xx_hal_can.o
    0x08004634   0x08004634   0x00000002   Code   RO         7342    i.HAL_CAN_WakeUpFromRxMsgCallback  stm32f4xx_hal_can.o
    0x08004636   0x08004636   0x00000026   Code   RO         7545    i.HAL_CRC_Init      stm32f4xx_hal_crc.o
    0x0800465c   0x0800465c   0x00000028   Code   RO          583    i.HAL_CRC_MspInit   crc.o
    0x08004684   0x08004684   0x000001a0   Code   RO         6370    i.HAL_DMA_IRQHandler  stm32f4xx_hal_dma.o
    0x08004824   0x08004824   0x000000d4   Code   RO         6371    i.HAL_DMA_Init      stm32f4xx_hal_dma.o
    0x080048f8   0x080048f8   0x00000024   Code   RO         6784    i.HAL_Delay         stm32f4xx_hal.o
    0x0800491c   0x0800491c   0x00000002   Code   RO         6256    i.HAL_GPIO_EXTI_Callback  stm32f4xx_hal_gpio.o
    0x0800491e   0x0800491e   0x00000002   PAD
    0x08004920   0x08004920   0x00000018   Code   RO         6257    i.HAL_GPIO_EXTI_IRQHandler  stm32f4xx_hal_gpio.o
    0x08004938   0x08004938   0x000001b0   Code   RO         6258    i.HAL_GPIO_Init     stm32f4xx_hal_gpio.o
    0x08004ae8   0x08004ae8   0x0000000a   Code   RO         6262    i.HAL_GPIO_WritePin  stm32f4xx_hal_gpio.o
    0x08004af2   0x08004af2   0x00000002   PAD
    0x08004af4   0x08004af4   0x0000000c   Code   RO         6790    i.HAL_GetTick       stm32f4xx_hal.o
    0x08004b00   0x08004b00   0x00000174   Code   RO         7612    i.HAL_I2C_Init      stm32f4xx_hal_i2c.o
    0x08004c74   0x08004c74   0x0000012c   Code   RO         7625    i.HAL_I2C_Master_Transmit  stm32f4xx_hal_i2c.o
    0x08004da0   0x08004da0   0x00000164   Code   RO          649    i.HAL_I2C_MspInit   i2c.o
    0x08004f04   0x08004f04   0x00000010   Code   RO         6796    i.HAL_IncTick       stm32f4xx_hal.o
    0x08004f14   0x08004f14   0x00000034   Code   RO         6797    i.HAL_Init          stm32f4xx_hal.o
    0x08004f48   0x08004f48   0x00000040   Code   RO         6798    i.HAL_InitTick      stm32f4xx_hal.o
    0x08004f88   0x08004f88   0x00000038   Code   RO         1489    i.HAL_MspInit       stm32f4xx_hal_msp.o
    0x08004fc0   0x08004fc0   0x0000001a   Code   RO         6647    i.HAL_NVIC_EnableIRQ  stm32f4xx_hal_cortex.o
    0x08004fda   0x08004fda   0x00000002   PAD
    0x08004fdc   0x08004fdc   0x00000040   Code   RO         6653    i.HAL_NVIC_SetPriority  stm32f4xx_hal_cortex.o
    0x0800501c   0x0800501c   0x00000024   Code   RO         6654    i.HAL_NVIC_SetPriorityGrouping  stm32f4xx_hal_cortex.o
    0x08005040   0x08005040   0x00000024   Code   RO         6655    i.HAL_NVIC_SystemReset  stm32f4xx_hal_cortex.o
    0x08005064   0x08005064   0x00000002   Code   RO         5562    i.HAL_PCDEx_LPM_Callback  stm32f4xx_hal_pcd_ex.o
    0x08005066   0x08005066   0x00000008   Code   RO         1018    i.HAL_PCD_ConnectCallback  usbd_conf.o
    0x0800506e   0x0800506e   0x00000012   Code   RO         1019    i.HAL_PCD_DataInStageCallback  usbd_conf.o
    0x08005080   0x08005080   0x00000014   Code   RO         1020    i.HAL_PCD_DataOutStageCallback  usbd_conf.o
    0x08005094   0x08005094   0x00000008   Code   RO         1021    i.HAL_PCD_DisconnectCallback  usbd_conf.o
    0x0800509c   0x0800509c   0x0000005c   Code   RO         5351    i.HAL_PCD_EP_ClrStall  stm32f4xx_hal_pcd.o
    0x080050f8   0x080050f8   0x00000060   Code   RO         5354    i.HAL_PCD_EP_Open   stm32f4xx_hal_pcd.o
    0x08005158   0x08005158   0x00000048   Code   RO         5355    i.HAL_PCD_EP_Receive  stm32f4xx_hal_pcd.o
    0x080051a0   0x080051a0   0x00000074   Code   RO         5356    i.HAL_PCD_EP_SetStall  stm32f4xx_hal_pcd.o
    0x08005214   0x08005214   0x00000040   Code   RO         5357    i.HAL_PCD_EP_Transmit  stm32f4xx_hal_pcd.o
    0x08005254   0x08005254   0x00000464   Code   RO         5359    i.HAL_PCD_IRQHandler  stm32f4xx_hal_pcd.o
    0x080056b8   0x080056b8   0x00000008   Code   RO         1022    i.HAL_PCD_ISOINIncompleteCallback  usbd_conf.o
    0x080056c0   0x080056c0   0x00000008   Code   RO         1023    i.HAL_PCD_ISOOUTIncompleteCallback  usbd_conf.o
    0x080056c8   0x080056c8   0x0000002c   Code   RO         1026    i.HAL_PCD_ResetCallback  usbd_conf.o
    0x080056f4   0x080056f4   0x00000008   Code   RO         1027    i.HAL_PCD_ResumeCallback  usbd_conf.o
    0x080056fc   0x080056fc   0x00000008   Code   RO         1028    i.HAL_PCD_SOFCallback  usbd_conf.o
    0x08005704   0x08005704   0x00000028   Code   RO         5368    i.HAL_PCD_SetAddress  stm32f4xx_hal_pcd.o
    0x0800572c   0x0800572c   0x0000000e   Code   RO         1029    i.HAL_PCD_SetupStageCallback  usbd_conf.o
    0x0800573a   0x0800573a   0x00000002   PAD
    0x0800573c   0x0800573c   0x00000030   Code   RO         1030    i.HAL_PCD_SuspendCallback  usbd_conf.o
    0x0800576c   0x0800576c   0x0000013c   Code   RO         6009    i.HAL_RCCEx_PeriphCLKConfig  stm32f4xx_hal_rcc_ex.o
    0x080058a8   0x080058a8   0x00000130   Code   RO         5904    i.HAL_RCC_ClockConfig  stm32f4xx_hal_rcc.o
    0x080059d8   0x080059d8   0x0000000c   Code   RO         5909    i.HAL_RCC_GetHCLKFreq  stm32f4xx_hal_rcc.o
    0x080059e4   0x080059e4   0x00000020   Code   RO         5911    i.HAL_RCC_GetPCLK1Freq  stm32f4xx_hal_rcc.o
    0x08005a04   0x08005a04   0x00000020   Code   RO         5912    i.HAL_RCC_GetPCLK2Freq  stm32f4xx_hal_rcc.o
    0x08005a24   0x08005a24   0x00000064   Code   RO         5913    i.HAL_RCC_GetSysClockFreq  stm32f4xx_hal_rcc.o
    0x08005a88   0x08005a88   0x0000031c   Code   RO         5916    i.HAL_RCC_OscConfig  stm32f4xx_hal_rcc.o
    0x08005da4   0x08005da4   0x00000032   Code   RO         8050    i.HAL_RNG_Init      stm32f4xx_hal_rng.o
    0x08005dd6   0x08005dd6   0x00000002   PAD
    0x08005dd8   0x08005dd8   0x00000028   Code   RO          703    i.HAL_RNG_MspInit   rng.o
    0x08005e00   0x08005e00   0x000000ac   Code   RO         8151    i.HAL_RTC_Init      stm32f4xx_hal_rtc.o
    0x08005eac   0x08005eac   0x00000018   Code   RO          745    i.HAL_RTC_MspInit   rtc.o
    0x08005ec4   0x08005ec4   0x00000036   Code   RO         8159    i.HAL_RTC_WaitForSynchro  stm32f4xx_hal_rtc.o
    0x08005efa   0x08005efa   0x00000080   Code   RO         8519    i.HAL_SPI_Init      stm32f4xx_hal_spi.o
    0x08005f7a   0x08005f7a   0x00000002   PAD
    0x08005f7c   0x08005f7c   0x00000148   Code   RO          787    i.HAL_SPI_MspInit   spi.o
    0x080060c4   0x080060c4   0x000001e2   Code   RO         8528    i.HAL_SPI_TransmitReceive  stm32f4xx_hal_spi.o
    0x080062a6   0x080062a6   0x00000028   Code   RO         6658    i.HAL_SYSTICK_Config  stm32f4xx_hal_cortex.o
    0x080062ce   0x080062ce   0x00000054   Code   RO         9510    i.HAL_TIMEx_ConfigBreakDeadTime  stm32f4xx_hal_tim_ex.o
    0x08006322   0x08006322   0x00000042   Code   RO         9525    i.HAL_TIMEx_MasterConfigSynchronization  stm32f4xx_hal_tim_ex.o
    0x08006364   0x08006364   0x00000036   Code   RO         8832    i.HAL_TIM_Base_Init  stm32f4xx_hal_tim.o
    0x0800639a   0x0800639a   0x00000002   PAD
    0x0800639c   0x0800639c   0x000000ac   Code   RO          835    i.HAL_TIM_Base_MspInit  tim.o
    0x08006448   0x08006448   0x00000024   Code   RO         8835    i.HAL_TIM_Base_Start  stm32f4xx_hal_tim.o
    0x0800646c   0x0800646c   0x000000d6   Code   RO         8841    i.HAL_TIM_ConfigClockSource  stm32f4xx_hal_tim.o
    0x08006542   0x08006542   0x00000002   PAD
    0x08006544   0x08006544   0x00000204   Code   RO          836    i.HAL_TIM_MspPostInit  tim.o
    0x08006748   0x08006748   0x000000d0   Code   RO         8899    i.HAL_TIM_PWM_ConfigChannel  stm32f4xx_hal_tim.o
    0x08006818   0x08006818   0x00000036   Code   RO         8902    i.HAL_TIM_PWM_Init  stm32f4xx_hal_tim.o
    0x0800684e   0x0800684e   0x00000002   Code   RO         8904    i.HAL_TIM_PWM_MspInit  stm32f4xx_hal_tim.o
    0x08006850   0x08006850   0x00000044   Code   RO         8907    i.HAL_TIM_PWM_Start  stm32f4xx_hal_tim.o
    0x08006894   0x08006894   0x00000062   Code   RO         9783    i.HAL_UART_Init     stm32f4xx_hal_uart.o
    0x080068f6   0x080068f6   0x00000002   PAD
    0x080068f8   0x080068f8   0x00000268   Code   RO          913    i.HAL_UART_MspInit  usart.o
    0x08006b60   0x08006b60   0x000000ba   Code   RO         9791    i.HAL_UART_Transmit  stm32f4xx_hal_uart.o
    0x08006c1a   0x08006c1a   0x00000002   PAD
    0x08006c1c   0x08006c1c   0x000000fc   Code   RO         4725    i.H_K_R_Adjustment  kalman_filter.o
    0x08006d18   0x08006d18   0x00000004   Code   RO         1362    i.HardFault_Handler  stm32f4xx_it.o
    0x08006d1c   0x08006d1c   0x00000024   Code   RO         1967    i.I2C2_DMA_transmit  bsp_i2c.o
    0x08006d40   0x08006d40   0x00000070   Code   RO         1968    i.I2C2_tx_DMA_enable  bsp_i2c.o
    0x08006db0   0x08006db0   0x0000002e   Code   RO         7654    i.I2C_IsAcknowledgeFailed  stm32f4xx_hal_i2c.o
    0x08006dde   0x08006dde   0x00000002   PAD
    0x08006de0   0x08006de0   0x00000088   Code   RO         7658    i.I2C_MasterRequestWrite  stm32f4xx_hal_i2c.o
    0x08006e68   0x08006e68   0x000000a8   Code   RO         1970    i.I2C_TX_DMA_START  bsp_i2c.o
    0x08006f10   0x08006f10   0x0000004c   Code   RO         7667    i.I2C_WaitOnBTFFlagUntilTimeout  stm32f4xx_hal_i2c.o
    0x08006f5c   0x08006f5c   0x00000068   Code   RO         7668    i.I2C_WaitOnFlagUntilTimeout  stm32f4xx_hal_i2c.o
    0x08006fc4   0x08006fc4   0x00000096   Code   RO         7669    i.I2C_WaitOnMasterAddressFlagUntilTimeout  stm32f4xx_hal_i2c.o
    0x0800705a   0x0800705a   0x0000004c   Code   RO         7671    i.I2C_WaitOnTXEFlagUntilTimeout  stm32f4xx_hal_i2c.o
    0x080070a6   0x080070a6   0x00000002   PAD
    0x080070a8   0x080070a8   0x00000244   Code   RO         2732    i.IMU_Param_Correction  ins_task.o
    0x080072ec   0x080072ec   0x00000158   Code   RO         4808    i.IMU_QuaternionEKF_F_Linearization_P_Fading  quaternionekf.o
    0x08007444   0x08007444   0x000000dc   Code   RO         4809    i.IMU_QuaternionEKF_Init  quaternionekf.o
    0x08007520   0x08007520   0x00000034   Code   RO         4810    i.IMU_QuaternionEKF_Observe  quaternionekf.o
    0x08007554   0x08007554   0x000000c4   Code   RO         4811    i.IMU_QuaternionEKF_SetH  quaternionekf.o
    0x08007618   0x08007618   0x00000418   Code   RO         4812    i.IMU_QuaternionEKF_Update  quaternionekf.o
    0x08007a30   0x08007a30   0x000003b8   Code   RO         4813    i.IMU_QuaternionEKF_xhatUpdate  quaternionekf.o
    0x08007de8   0x08007de8   0x00000060   Code   RO         2733    i.IMU_Temperature_Ctrl  ins_task.o
    0x08007e48   0x08007e48   0x000000b8   Code   RO         2734    i.INS_Init          ins_task.o
    0x08007f00   0x08007f00   0x000001f0   Code   RO         2735    i.INS_Task          ins_task.o
    0x080080f0   0x080080f0   0x000003e8   Code   RO         4726    i.Kalman_Filter_Init  kalman_filter.o
    0x080084d8   0x080084d8   0x00000048   Code   RO         4727    i.Kalman_Filter_Measure  kalman_filter.o
    0x08008520   0x08008520   0x0000006a   Code   RO         4728    i.Kalman_Filter_P_Update  kalman_filter.o
    0x0800858a   0x0800858a   0x0000006c   Code   RO         4729    i.Kalman_Filter_PminusUpdate  kalman_filter.o
    0x080085f6   0x080085f6   0x000000cc   Code   RO         4730    i.Kalman_Filter_SetK  kalman_filter.o
    0x080086c2   0x080086c2   0x00000002   PAD
    0x080086c4   0x080086c4   0x000000e8   Code   RO         4731    i.Kalman_Filter_Update  kalman_filter.o
    0x080087ac   0x080087ac   0x00000074   Code   RO         4732    i.Kalman_Filter_xhatMinusUpdate  kalman_filter.o
    0x08008820   0x08008820   0x00000084   Code   RO         4733    i.Kalman_Filter_xhatUpdate  kalman_filter.o
    0x080088a4   0x080088a4   0x00000064   Code   RO          487    i.MX_ADC1_Init      adc.o
    0x08008908   0x08008908   0x00000064   Code   RO          488    i.MX_ADC3_Init      adc.o
    0x0800896c   0x0800896c   0x00000044   Code   RO          535    i.MX_CAN1_Init      can.o
    0x080089b0   0x080089b0   0x00000044   Code   RO          536    i.MX_CAN2_Init      can.o
    0x080089f4   0x080089f4   0x00000024   Code   RO          584    i.MX_CRC_Init       crc.o
    0x08008a18   0x08008a18   0x000000ac   Code   RO          624    i.MX_DMA_Init       dma.o
    0x08008ac4   0x08008ac4   0x000000d8   Code   RO          410    i.MX_FREERTOS_Init  freertos.o
    0x08008b9c   0x08008b9c   0x000001cc   Code   RO          386    i.MX_GPIO_Init      gpio.o
    0x08008d68   0x08008d68   0x00000040   Code   RO          650    i.MX_I2C1_Init      i2c.o
    0x08008da8   0x08008da8   0x00000040   Code   RO          651    i.MX_I2C2_Init      i2c.o
    0x08008de8   0x08008de8   0x00000040   Code   RO          652    i.MX_I2C3_Init      i2c.o
    0x08008e28   0x08008e28   0x00000024   Code   RO          704    i.MX_RNG_Init       rng.o
    0x08008e4c   0x08008e4c   0x00000038   Code   RO          746    i.MX_RTC_Init       rtc.o
    0x08008e84   0x08008e84   0x00000048   Code   RO          788    i.MX_SPI1_Init      spi.o
    0x08008ecc   0x08008ecc   0x00000048   Code   RO          789    i.MX_SPI2_Init      spi.o
    0x08008f14   0x08008f14   0x00000064   Code   RO          837    i.MX_TIM10_Init     tim.o
    0x08008f78   0x08008f78   0x000000fc   Code   RO          838    i.MX_TIM1_Init      tim.o
    0x08009074   0x08009074   0x00000098   Code   RO          839    i.MX_TIM3_Init      tim.o
    0x0800910c   0x0800910c   0x00000098   Code   RO          840    i.MX_TIM4_Init      tim.o
    0x080091a4   0x080091a4   0x000000b8   Code   RO          841    i.MX_TIM5_Init      tim.o
    0x0800925c   0x0800925c   0x000000dc   Code   RO          842    i.MX_TIM8_Init      tim.o
    0x08009338   0x08009338   0x00000038   Code   RO          914    i.MX_USART1_UART_Init  usart.o
    0x08009370   0x08009370   0x00000040   Code   RO          915    i.MX_USART3_UART_Init  usart.o
    0x080093b0   0x080093b0   0x00000038   Code   RO          916    i.MX_USART6_UART_Init  usart.o
    0x080093e8   0x080093e8   0x00000002   Code   RO         1363    i.MemManage_Handler  stm32f4xx_it.o
    0x080093ea   0x080093ea   0x00000002   Code   RO         1364    i.NMI_Handler       stm32f4xx_it.o
    0x080093ec   0x080093ec   0x00000060   Code   RO         2280    i.NUC_com_init      bsp_nuccom.o
    0x0800944c   0x0800944c   0x00000024   Code   RO         4126    i.OLED_com_reset    oled.o
    0x08009470   0x08009470   0x0000003c   Code   RO         4130    i.OLED_draw_point   oled.o
    0x080094ac   0x080094ac   0x00000038   Code   RO         4133    i.OLED_printf       oled.o
    0x080094e4   0x080094e4   0x00000024   Code   RO         4134    i.OLED_refresh_gram  oled.o
    0x08009508   0x08009508   0x0000003e   Code   RO         4135    i.OLED_set_pos      oled.o
    0x08009546   0x08009546   0x00000002   PAD
    0x08009548   0x08009548   0x00000068   Code   RO         4136    i.OLED_show_char    oled.o
    0x080095b0   0x080095b0   0x0000002e   Code   RO         4138    i.OLED_show_string  oled.o
    0x080095de   0x080095de   0x00000002   PAD
    0x080095e0   0x080095e0   0x000001f4   Code   RO         4570    i.OLS_Derivative    user_lib.o
    0x080097d4   0x080097d4   0x00000042   Code   RO         4571    i.OLS_Init          user_lib.o
    0x08009816   0x08009816   0x00000002   PAD
    0x08009818   0x08009818   0x0000000c   Code   RO         1365    i.OTG_FS_IRQHandler  stm32f4xx_it.o
    0x08009824   0x08009824   0x000000dc   Code   RO         5373    i.PCD_EP_OutXfrComplete_int  stm32f4xx_hal_pcd.o
    0x08009900   0x08009900   0x000000a2   Code   RO         5374    i.PCD_WriteEmptyTxFifo  stm32f4xx_hal_pcd.o
    0x080099a2   0x080099a2   0x00000002   PAD
    0x080099a4   0x080099a4   0x00000148   Code   RO         5204    i.PID_calc          pid.o
    0x08009aec   0x08009aec   0x00000040   Code   RO         5205    i.PID_clear         pid.o
    0x08009b2c   0x08009b2c   0x0000005c   Code   RO         5206    i.PID_init          pid.o
    0x08009b88   0x08009b88   0x0000044c   Code   RO         5249    i.PID_plus_Calculate  controller.o
    0x08009fd4   0x08009fd4   0x0000006e   Code   RO         5250    i.PID_plus_Init     controller.o
    0x0800a042   0x0800a042   0x00000002   PAD
    0x0800a044   0x0800a044   0x00000060   Code   RO         2099    i.RC_Init           bsp_rc.o
    0x0800a0a4   0x0800a0a4   0x0000003a   Code   RO         8162    i.RTC_EnterInitMode  stm32f4xx_hal_rtc.o
    0x0800a0de   0x0800a0de   0x00000002   PAD
    0x0800a0e0   0x0800a0e0   0x00000058   Code   RO         8557    i.SPI_EndRxTxTransaction  stm32f4xx_hal_spi.o
    0x0800a138   0x0800a138   0x00000094   Code   RO         8562    i.SPI_WaitFlagStateUntilTimeout  stm32f4xx_hal_spi.o
    0x0800a1cc   0x0800a1cc   0x00000018   Code   RO         1366    i.SysTick_Handler   stm32f4xx_it.o
    0x0800a1e4   0x0800a1e4   0x0000009c   Code   RO           14    i.SystemClock_Config  main.o
    0x0800a280   0x0800a280   0x00000054   Code   RO         1514    i.SystemInit        system_stm32f4xx.o
    0x0800a2d4   0x0800a2d4   0x000000c8   Code   RO         8920    i.TIM_Base_SetConfig  stm32f4xx_hal_tim.o
    0x0800a39c   0x0800a39c   0x0000001a   Code   RO         8921    i.TIM_CCxChannelCmd  stm32f4xx_hal_tim.o
    0x0800a3b6   0x0800a3b6   0x00000014   Code   RO         8931    i.TIM_ETR_SetConfig  stm32f4xx_hal_tim.o
    0x0800a3ca   0x0800a3ca   0x00000010   Code   RO         8932    i.TIM_ITRx_SetConfig  stm32f4xx_hal_tim.o
    0x0800a3da   0x0800a3da   0x00000002   PAD
    0x0800a3dc   0x0800a3dc   0x00000060   Code   RO         8933    i.TIM_OC1_SetConfig  stm32f4xx_hal_tim.o
    0x0800a43c   0x0800a43c   0x0000006c   Code   RO         8934    i.TIM_OC2_SetConfig  stm32f4xx_hal_tim.o
    0x0800a4a8   0x0800a4a8   0x00000068   Code   RO         8935    i.TIM_OC3_SetConfig  stm32f4xx_hal_tim.o
    0x0800a510   0x0800a510   0x00000050   Code   RO         8936    i.TIM_OC4_SetConfig  stm32f4xx_hal_tim.o
    0x0800a560   0x0800a560   0x0000002a   Code   RO         2385    i.TIM_Set_PWM       bsp_pwm.o
    0x0800a58a   0x0800a58a   0x00000022   Code   RO         8938    i.TIM_TI1_ConfigInputStage  stm32f4xx_hal_tim.o
    0x0800a5ac   0x0800a5ac   0x00000024   Code   RO         8940    i.TIM_TI2_ConfigInputStage  stm32f4xx_hal_tim.o
    0x0800a5d0   0x0800a5d0   0x000002ac   Code   RO         9809    i.UART_SetConfig    stm32f4xx_hal_uart.o
    0x0800a87c   0x0800a87c   0x00000064   Code   RO         9811    i.UART_WaitOnFlagUntilTimeout  stm32f4xx_hal_uart.o
    0x0800a8e0   0x0800a8e0   0x000000b4   Code   RO         3626    i.USART1_IRQHandler  nuccommu.o
    0x0800a994   0x0800a994   0x000000bc   Code   RO         2964    i.USART3_IRQHandler  remote_control.o
    0x0800aa50   0x0800aa50   0x00000098   Code   RO         2910    i.USART6_IRQHandler  referee_usart_task.o
    0x0800aae8   0x0800aae8   0x0000000e   Code   RO        11525    i.USBD_ClrClassConfig  usbd_core.o
    0x0800aaf6   0x0800aaf6   0x00000010   Code   RO        11728    i.USBD_CtlContinueRx  usbd_ioreq.o
    0x0800ab06   0x0800ab06   0x00000010   Code   RO        11729    i.USBD_CtlContinueSendData  usbd_ioreq.o
    0x0800ab16   0x0800ab16   0x00000016   Code   RO        11663    i.USBD_CtlError     usbd_ctlreq.o
    0x0800ab2c   0x0800ab2c   0x00000016   Code   RO        11731    i.USBD_CtlReceiveStatus  usbd_ioreq.o
    0x0800ab42   0x0800ab42   0x0000001a   Code   RO        11732    i.USBD_CtlSendData  usbd_ioreq.o
    0x0800ab5c   0x0800ab5c   0x00000016   Code   RO        11733    i.USBD_CtlSendStatus  usbd_ioreq.o
    0x0800ab72   0x0800ab72   0x000000e8   Code   RO        11664    i.USBD_GetDescriptor  usbd_ctlreq.o
    0x0800ac5a   0x0800ac5a   0x00000018   Code   RO         1031    i.USBD_Get_USB_Status  usbd_conf.o
    0x0800ac72   0x0800ac72   0x00000012   Code   RO         1032    i.USBD_LL_ClearStallEP  usbd_conf.o
    0x0800ac84   0x0800ac84   0x000000c6   Code   RO        11528    i.USBD_LL_DataInStage  usbd_core.o
    0x0800ad4a   0x0800ad4a   0x00000082   Code   RO        11529    i.USBD_LL_DataOutStage  usbd_core.o
    0x0800adcc   0x0800adcc   0x00000004   Code   RO        11530    i.USBD_LL_DevConnected  usbd_core.o
    0x0800add0   0x0800add0   0x00000016   Code   RO        11531    i.USBD_LL_DevDisconnected  usbd_core.o
    0x0800ade6   0x0800ade6   0x00000020   Code   RO         1039    i.USBD_LL_IsStallEP  usbd_conf.o
    0x0800ae06   0x0800ae06   0x00000004   Code   RO        11532    i.USBD_LL_IsoINIncomplete  usbd_core.o
    0x0800ae0a   0x0800ae0a   0x00000004   Code   RO        11533    i.USBD_LL_IsoOUTIncomplete  usbd_core.o
    0x0800ae0e   0x0800ae0e   0x00000018   Code   RO         1040    i.USBD_LL_OpenEP    usbd_conf.o
    0x0800ae26   0x0800ae26   0x00000012   Code   RO         1041    i.USBD_LL_PrepareReceive  usbd_conf.o
    0x0800ae38   0x0800ae38   0x00000050   Code   RO        11534    i.USBD_LL_Reset     usbd_core.o
    0x0800ae88   0x0800ae88   0x0000000c   Code   RO        11535    i.USBD_LL_Resume    usbd_core.o
    0x0800ae94   0x0800ae94   0x00000018   Code   RO        11536    i.USBD_LL_SOF       usbd_core.o
    0x0800aeac   0x0800aeac   0x00000006   Code   RO        11537    i.USBD_LL_SetSpeed  usbd_core.o
    0x0800aeb2   0x0800aeb2   0x00000012   Code   RO         1042    i.USBD_LL_SetUSBAddress  usbd_conf.o
    0x0800aec4   0x0800aec4   0x0000005a   Code   RO        11538    i.USBD_LL_SetupStage  usbd_core.o
    0x0800af1e   0x0800af1e   0x00000012   Code   RO         1043    i.USBD_LL_StallEP   usbd_conf.o
    0x0800af30   0x0800af30   0x00000012   Code   RO        11539    i.USBD_LL_Suspend   usbd_core.o
    0x0800af42   0x0800af42   0x00000012   Code   RO         1046    i.USBD_LL_Transmit  usbd_conf.o
    0x0800af54   0x0800af54   0x00000028   Code   RO        11666    i.USBD_ParseSetupRequest  usbd_ctlreq.o
    0x0800af7c   0x0800af7c   0x00000016   Code   RO        11542    i.USBD_SetClassConfig  usbd_core.o
    0x0800af92   0x0800af92   0x00000002   PAD
    0x0800af94   0x0800af94   0x00000084   Code   RO        11667    i.USBD_SetConfig    usbd_ctlreq.o
    0x0800b018   0x0800b018   0x00000112   Code   RO        11668    i.USBD_StdDevReq    usbd_ctlreq.o
    0x0800b12a   0x0800b12a   0x00000150   Code   RO        11669    i.USBD_StdEPReq     usbd_ctlreq.o
    0x0800b27a   0x0800b27a   0x0000004e   Code   RO        11670    i.USBD_StdItfReq    usbd_ctlreq.o
    0x0800b2c8   0x0800b2c8   0x00000080   Code   RO         5604    i.USB_ActivateEndpoint  stm32f4xx_ll_usb.o
    0x0800b348   0x0800b348   0x00000034   Code   RO         5606    i.USB_ActivateSetup  stm32f4xx_ll_usb.o
    0x0800b37c   0x0800b37c   0x00000118   Code   RO         5619    i.USB_EP0StartXfer  stm32f4xx_ll_usb.o
    0x0800b494   0x0800b494   0x00000058   Code   RO         5620    i.USB_EP0_OutStart  stm32f4xx_ll_usb.o
    0x0800b4ec   0x0800b4ec   0x00000058   Code   RO         5621    i.USB_EPClearStall  stm32f4xx_ll_usb.o
    0x0800b544   0x0800b544   0x00000058   Code   RO         5622    i.USB_EPSetStall    stm32f4xx_ll_usb.o
    0x0800b59c   0x0800b59c   0x000001e8   Code   RO         5623    i.USB_EPStartXfer   stm32f4xx_ll_usb.o
    0x0800b784   0x0800b784   0x00000024   Code   RO         5626    i.USB_FlushTxFifo   stm32f4xx_ll_usb.o
    0x0800b7a8   0x0800b7a8   0x0000001a   Code   RO         5628    i.USB_GetDevSpeed   stm32f4xx_ll_usb.o
    0x0800b7c2   0x0800b7c2   0x00000008   Code   RO         5630    i.USB_GetMode       stm32f4xx_ll_usb.o
    0x0800b7ca   0x0800b7ca   0x0000000e   Code   RO         5637    i.USB_ReadDevAllInEpInterrupt  stm32f4xx_ll_usb.o
    0x0800b7d8   0x0800b7d8   0x0000000e   Code   RO         5638    i.USB_ReadDevAllOutEpInterrupt  stm32f4xx_ll_usb.o
    0x0800b7e6   0x0800b7e6   0x00000024   Code   RO         5639    i.USB_ReadDevInEPInterrupt  stm32f4xx_ll_usb.o
    0x0800b80a   0x0800b80a   0x00000010   Code   RO         5640    i.USB_ReadDevOutEPInterrupt  stm32f4xx_ll_usb.o
    0x0800b81a   0x0800b81a   0x00000008   Code   RO         5641    i.USB_ReadInterrupts  stm32f4xx_ll_usb.o
    0x0800b822   0x0800b822   0x0000001c   Code   RO         5642    i.USB_ReadPacket    stm32f4xx_ll_usb.o
    0x0800b83e   0x0800b83e   0x00000022   Code   RO         5645    i.USB_SetDevAddress  stm32f4xx_ll_usb.o
    0x0800b860   0x0800b860   0x000000e8   Code   RO         5647    i.USB_SetTurnaroundTime  stm32f4xx_ll_usb.o
    0x0800b948   0x0800b948   0x00000024   Code   RO         5650    i.USB_WritePacket   stm32f4xx_ll_usb.o
    0x0800b96c   0x0800b96c   0x00000002   Code   RO         1368    i.UsageFault_Handler  stm32f4xx_it.o
    0x0800b96e   0x0800b96e   0x00000030   Code   RO        12757    i.__ARM_fpclassify  m_wm.l(fpclassify.o)
    0x0800b99e   0x0800b99e   0x00000026   Code   RO        12655    i.__ARM_fpclassifyf  m_wm.l(fpclassifyf.o)
    0x0800b9c4   0x0800b9c4   0x00000020   Code   RO         6660    i.__NVIC_SetPriority  stm32f4xx_hal_cortex.o
    0x0800b9e4   0x0800b9e4   0x00000118   Code   RO        12311    i.__hardfp_acosf    m_wm.l(acosf.o)
    0x0800bafc   0x0800bafc   0x0000012c   Code   RO        12323    i.__hardfp_asinf    m_wm.l(asinf.o)
    0x0800bc28   0x0800bc28   0x00000250   Code   RO        12335    i.__hardfp_atan2f   m_wm.l(atan2f.o)
    0x0800be78   0x0800be78   0x0000003a   Code   RO        12411    i.__hardfp_sqrtf    m_wm.l(sqrtf_full.o)
    0x0800beb2   0x0800beb2   0x00000006   Code   RO        12658    i.__mathlib_flt_infnan  m_wm.l(funder.o)
    0x0800beb8   0x0800beb8   0x00000006   Code   RO        12659    i.__mathlib_flt_infnan2  m_wm.l(funder.o)
    0x0800bebe   0x0800bebe   0x00000002   PAD
    0x0800bec0   0x0800bec0   0x00000010   Code   RO        12660    i.__mathlib_flt_invalid  m_wm.l(funder.o)
    0x0800bed0   0x0800bed0   0x00000010   Code   RO        12663    i.__mathlib_flt_underflow  m_wm.l(funder.o)
    0x0800bee0   0x0800bee0   0x0000000e   Code   RO        12521    i._is_digit         c_w.l(__printf_wp.o)
    0x0800beee   0x0800beee   0x00000002   PAD
    0x0800bef0   0x0800bef0   0x0000003c   Code   RO         2070    i.aRGB_led_show     bsp_led.o
    0x0800bf2c   0x0800bf2c   0x00000028   Code   RO         4872    i.append_CRC16_check_sum  crc8_crc16.o
    0x0800bf54   0x0800bf54   0x00000128   Code   RO         4439    i.bmi088_accel_init  bmi088driver.o
    0x0800c07c   0x0800c07c   0x000000fc   Code   RO         4440    i.bmi088_gyro_init  bmi088driver.o
    0x0800c178   0x0800c178   0x00000030   Code   RO         1972    i.bsp_I2C_master_transmit  bsp_i2c.o
    0x0800c1a8   0x0800c1a8   0x0000004c   Code   RO         1973    i.bsp_I2C_reset     bsp_i2c.o
    0x0800c1f4   0x0800c1f4   0x00000088   Code   RO         3719    i.calcGiveCurrent1  naive_shoot_task.o
    0x0800c27c   0x0800c27c   0x00000130   Code   RO         3315    i.calcPID           naive_gimbal_task.o
    0x0800c3ac   0x0800c3ac   0x00000058   Code   RO         1732    i.can_filter_init   bsp_can.o
    0x0800c404   0x0800c404   0x000000d4   Code   RO         2492    i.communication_task  communication_task.o
    0x0800c4d8   0x0800c4d8   0x00000028   Code   RO         1800    i.delay_init        bsp_delay.o
    0x0800c500   0x0800c500   0x00000050   Code   RO         2409    i.detect_hook       detect_task.o
    0x0800c550   0x0800c550   0x00000088   Code   RO         2410    i.detect_init       detect_task.o
    0x0800c5d8   0x0800c5d8   0x000000f8   Code   RO         2411    i.detect_task       detect_task.o
    0x0800c6d0   0x0800c6d0   0x000000b2   Code   RO         5253    i.f_Changing_Integration_Rate  controller.o
    0x0800c782   0x0800c782   0x00000002   PAD
    0x0800c784   0x0800c784   0x000000ba   Code   RO         5254    i.f_Derivative_On_Measurement  controller.o
    0x0800c83e   0x0800c83e   0x0000009a   Code   RO         5255    i.f_Integral_Limit  controller.o
    0x0800c8d8   0x0800c8d8   0x0000007c   Code   RO         4959    i.fifo_s_puts       fifo.o
    0x0800c954   0x0800c954   0x0000004e   Code   RO         4576    i.first_order_filter_cali  user_lib.o
    0x0800c9a2   0x0800c9a2   0x00000012   Code   RO         4577    i.first_order_filter_init  user_lib.o
    0x0800c9b4   0x0800c9b4   0x00000020   Code   RO         4578    i.float_constrain   user_lib.o
    0x0800c9d4   0x0800c9d4   0x00000022   Code   RO         4579    i.float_rounding    user_lib.o
    0x0800c9f6   0x0800c9f6   0x00000002   PAD
    0x0800c9f8   0x0800c9f8   0x000001e8   Code   RO         3317    i.getControlAngles  naive_gimbal_task.o
    0x0800cbe0   0x0800cbe0   0x000000e0   Code   RO         3720    i.getInstructionAndBuff  naive_shoot_task.o
    0x0800ccc0   0x0800ccc0   0x00000008   Code   RO         3936    i.getRobotPresentMode  robot_total_mode.o
    0x0800ccc8   0x0800ccc8   0x00000008   Code   RO         3721    i.getTriggerCurrentP  naive_shoot_task.o
    0x0800ccd0   0x0800ccd0   0x0000002c   Code   RO         4874    i.get_CRC16_check_sum  crc8_crc16.o
    0x0800ccfc   0x0800ccfc   0x00000008   Code   RO         2738    i.get_INS           ins_task.o
    0x0800cd04   0x0800cd04   0x0000000c   Code   RO         3722    i.get_fric          naive_shoot_task.o
    0x0800cd10   0x0800cd10   0x00000008   Code   RO         3628    i.get_nuc_control_point  nuccommu.o
    0x0800cd18   0x0800cd18   0x00000008   Code   RO         4007    i.get_pitch_gimbal_motor_measure_point  can_receive.o
    0x0800cd20   0x0800cd20   0x00000008   Code   RO         4008    i.get_refree_point  can_receive.o
    0x0800cd28   0x0800cd28   0x00000008   Code   RO         2965    i.get_remote_control_point  remote_control.o
    0x0800cd30   0x0800cd30   0x0000000c   Code   RO         3259    i.get_servo_state   servo_task.o
    0x0800cd3c   0x0800cd3c   0x00000014   Code   RO         4009    i.get_shoot_motor_measure_point  can_receive.o
    0x0800cd50   0x0800cd50   0x00000008   Code   RO         4010    i.get_trigger_motor_measure_point  can_receive.o
    0x0800cd58   0x0800cd58   0x00000008   Code   RO         4011    i.get_yaw_gimbal_motor_measure_point  can_receive.o
    0x0800cd60   0x0800cd60   0x00000174   Code   RO         3320    i.gimbal_PID_calc   naive_gimbal_task.o
    0x0800ced4   0x0800ced4   0x000000d0   Code   RO         3321    i.gimbal_task       naive_gimbal_task.o
    0x0800cfa4   0x0800cfa4   0x00000150   Code   RO         3322    i.initGimbalCtrls   naive_gimbal_task.o
    0x0800d0f4   0x0800d0f4   0x0000002c   Code   RO         4814    i.invSqrt           quaternionekf.o
    0x0800d120   0x0800d120   0x00000010   Code   RO         2037    i.laser_on          bsp_laser.o
    0x0800d130   0x0800d130   0x00000118   Code   RO         3226    i.led_RGB_flow_task  led_flow_task.o
    0x0800d248   0x0800d248   0x00000038   Code   RO         3324    i.limitAnglesSecond  naive_gimbal_task.o
    0x0800d280   0x0800d280   0x00000098   Code   RO           15    i.main              main.o
    0x0800d318   0x0800d318   0x0000000c   Code   RO        11017    i.makeFreeRtosPriority  cmsis_os.o
    0x0800d324   0x0800d324   0x000000aa   Code   RO         3325    i.monitorRounds     naive_gimbal_task.o
    0x0800d3ce   0x0800d3ce   0x00000002   PAD
    0x0800d3d0   0x0800d3d0   0x000000ac   Code   RO         3723    i.monitorTriggerECDRound  naive_shoot_task.o
    0x0800d47c   0x0800d47c   0x00000010   Code   RO         3629    i.nuc_control_init  nuccommu.o
    0x0800d48c   0x0800d48c   0x00000020   Code   RO         4139    i.oled_write_byte   oled.o
    0x0800d4ac   0x0800d4ac   0x0000000e   Code   RO        11019    i.osDelay           cmsis_os.o
    0x0800d4ba   0x0800d4ba   0x0000000a   Code   RO        11022    i.osKernelStart     cmsis_os.o
    0x0800d4c4   0x0800d4c4   0x00000054   Code   RO        11056    i.osThreadCreate    cmsis_os.o
    0x0800d518   0x0800d518   0x00000078   Code   RO        10541    i.prvAddCurrentTaskToDelayedList  tasks.o
    0x0800d590   0x0800d590   0x000000d0   Code   RO        10542    i.prvAddNewTaskToReadyList  tasks.o
    0x0800d660   0x0800d660   0x00000058   Code   RO        10874    i.prvCheckForValidListAndQueue  timers.o
    0x0800d6b8   0x0800d6b8   0x00000026   Code   RO        10213    i.prvCopyDataFromQueue  queue.o
    0x0800d6de   0x0800d6de   0x0000006c   Code   RO        10214    i.prvCopyDataToQueue  queue.o
    0x0800d74a   0x0800d74a   0x00000034   Code   RO        10543    i.prvDeleteTCB      tasks.o
    0x0800d77e   0x0800d77e   0x00000002   PAD
    0x0800d780   0x0800d780   0x0000004c   Code   RO        11396    i.prvHeapInit       heap_4.o
    0x0800d7cc   0x0800d7cc   0x00000060   Code   RO        10544    i.prvIdleTask       tasks.o
    0x0800d82c   0x0800d82c   0x00000016   Code   RO        10216    i.prvInitialiseNewQueue  queue.o
    0x0800d842   0x0800d842   0x000000a0   Code   RO        10545    i.prvInitialiseNewTask  tasks.o
    0x0800d8e2   0x0800d8e2   0x00000002   PAD
    0x0800d8e4   0x0800d8e4   0x0000004c   Code   RO        11397    i.prvInsertBlockIntoFreeList  heap_4.o
    0x0800d930   0x0800d930   0x00000038   Code   RO        10876    i.prvInsertTimerInActiveList  timers.o
    0x0800d968   0x0800d968   0x0000001c   Code   RO        10217    i.prvIsQueueEmpty   queue.o
    0x0800d984   0x0800d984   0x000000cc   Code   RO        10877    i.prvProcessReceivedCommands  timers.o
    0x0800da50   0x0800da50   0x000000b4   Code   RO        10878    i.prvProcessTimerOrBlockTask  timers.o
    0x0800db04   0x0800db04   0x00000020   Code   RO        10546    i.prvResetNextTaskUnblockTime  tasks.o
    0x0800db24   0x0800db24   0x00000028   Code   RO        10879    i.prvSampleTimeNow  timers.o
    0x0800db4c   0x0800db4c   0x0000006c   Code   RO        10880    i.prvSwitchTimerLists  timers.o
    0x0800dbb8   0x0800dbb8   0x00000028   Code   RO        11446    i.prvTaskExitError  port.o
    0x0800dbe0   0x0800dbe0   0x00000024   Code   RO        10881    i.prvTimerTask      timers.o
    0x0800dc04   0x0800dc04   0x0000006a   Code   RO        10218    i.prvUnlockQueue    queue.o
    0x0800dc6e   0x0800dc6e   0x00000002   PAD
    0x0800dc70   0x0800dc70   0x000000d8   Code   RO        11398    i.pvPortMalloc      heap_4.o
    0x0800dd48   0x0800dd48   0x0000002c   Code   RO        11447    i.pxPortInitialiseStack  port.o
    0x0800dd74   0x0800dd74   0x00000034   Code   RO         3326    i.radFormat         naive_gimbal_task.o
    0x0800dda8   0x0800dda8   0x00000078   Code   RO         3327    i.refreshAngleStates  naive_gimbal_task.o
    0x0800de20   0x0800de20   0x00000010   Code   RO         2966    i.remote_control_init  remote_control.o
    0x0800de30   0x0800de30   0x0000000c   Code   RO         3937    i.robotIsAuto       robot_total_mode.o
    0x0800de3c   0x0800de3c   0x0000012c   Code   RO         3938    i.robot_total_mode_task  robot_total_mode.o
    0x0800df68   0x0800df68   0x00000034   Code   RO         3630    i.sbus_to_nucCtrl   nuccommu.o
    0x0800df9c   0x0800df9c   0x000000b4   Code   RO         2967    i.sbus_to_rc        remote_control.o
    0x0800e050   0x0800e050   0x00000038   Code   RO         3260    i.servo_init        servo_task.o
    0x0800e088   0x0800e088   0x0000005c   Code   RO         3261    i.servo_task        servo_task.o
    0x0800e0e4   0x0800e0e4   0x0000006c   Code   RO         3724    i.setSpeedByMode    naive_shoot_task.o
    0x0800e150   0x0800e150   0x00000010   Code   RO         3725    i.shootTaskTrggMonitor  naive_shoot_task.o
    0x0800e160   0x0800e160   0x00000144   Code   RO         3726    i.shoot_task        naive_shoot_task.o
    0x0800e2a4   0x0800e2a4   0x0000003e   Code   RO         2253    i.single_servo_ctrl  bsp_servo_pwm.o
    0x0800e2e2   0x0800e2e2   0x0000003e   Code   RO        12413    i.sqrtf             m_wm.l(sqrtf_full.o)
    0x0800e320   0x0800e320   0x00000010   Code   RO          411    i.start_INS_task    freertos.o
    0x0800e330   0x0800e330   0x00000018   Code   RO         2413    i.toe_is_error      detect_task.o
    0x0800e348   0x0800e348   0x00000070   Code   RO         3727    i.triggerModeChange  naive_shoot_task.o
    0x0800e3b8   0x0800e3b8   0x00000064   Code   RO         2207    i.usart1_tx_dma_enable  bsp_usart.o
    0x0800e41c   0x0800e41c   0x00000048   Code   RO         2208    i.usart1_tx_dma_init  bsp_usart.o
    0x0800e464   0x0800e464   0x00000026   Code   RO        10176    i.uxListRemove      list.o
    0x0800e48a   0x0800e48a   0x00000002   PAD
    0x0800e48c   0x0800e48c   0x00000020   Code   RO        10552    i.uxTaskGetStackHighWaterMark  tasks.o
    0x0800e4ac   0x0800e4ac   0x00000014   Code   RO          413    i.vApplicationGetIdleTaskMemory  freertos.o
    0x0800e4c0   0x0800e4c0   0x00000018   Code   RO          414    i.vApplicationGetTimerTaskMemory  freertos.o
    0x0800e4d8   0x0800e4d8   0x00000016   Code   RO        10177    i.vListInitialise   list.o
    0x0800e4ee   0x0800e4ee   0x00000006   Code   RO        10178    i.vListInitialiseItem  list.o
    0x0800e4f4   0x0800e4f4   0x00000030   Code   RO        10179    i.vListInsert       list.o
    0x0800e524   0x0800e524   0x00000018   Code   RO        10180    i.vListInsertEnd    list.o
    0x0800e53c   0x0800e53c   0x00000040   Code   RO        11449    i.vPortEnterCritical  port.o
    0x0800e57c   0x0800e57c   0x00000028   Code   RO        11450    i.vPortExitCritical  port.o
    0x0800e5a4   0x0800e5a4   0x0000005c   Code   RO        11399    i.vPortFree         heap_4.o
    0x0800e600   0x0800e600   0x00000024   Code   RO        11451    i.vPortSetupTimerInterrupt  port.o
    0x0800e624   0x0800e624   0x00000054   Code   RO        11452    i.vPortValidateInterruptPriority  port.o
    0x0800e678   0x0800e678   0x00000028   Code   RO        10222    i.vQueueAddToRegistry  queue.o
    0x0800e6a0   0x0800e6a0   0x00000044   Code   RO        10225    i.vQueueWaitForMessageRestricted  queue.o
    0x0800e6e4   0x0800e6e4   0x0000004c   Code   RO        10556    i.vTaskDelay        tasks.o
    0x0800e730   0x0800e730   0x00000010   Code   RO        10560    i.vTaskInternalSetTimeOutState  tasks.o
    0x0800e740   0x0800e740   0x0000000c   Code   RO        10561    i.vTaskMissedYield  tasks.o
    0x0800e74c   0x0800e74c   0x00000030   Code   RO        10563    i.vTaskPlaceOnEventList  tasks.o
    0x0800e77c   0x0800e77c   0x00000038   Code   RO        10564    i.vTaskPlaceOnEventListRestricted  tasks.o
    0x0800e7b4   0x0800e7b4   0x00000088   Code   RO        10571    i.vTaskStartScheduler  tasks.o
    0x0800e83c   0x0800e83c   0x00000010   Code   RO        10573    i.vTaskSuspendAll   tasks.o
    0x0800e84c   0x0800e84c   0x0000005c   Code   RO        10574    i.vTaskSwitchContext  tasks.o
    0x0800e8a8   0x0800e8a8   0x0000003c   Code   RO         4876    i.verify_CRC16_check_sum  crc8_crc16.o
    0x0800e8e4   0x0800e8e4   0x000000f4   Code   RO        11453    i.xPortStartScheduler  port.o
    0x0800e9d8   0x0800e9d8   0x0000002c   Code   RO        11454    i.xPortSysTickHandler  port.o
    0x0800ea04   0x0800ea04   0x00000066   Code   RO        10229    i.xQueueGenericCreateStatic  queue.o
    0x0800ea6a   0x0800ea6a   0x00000002   PAD
    0x0800ea6c   0x0800ea6c   0x00000088   Code   RO        10230    i.xQueueGenericReset  queue.o
    0x0800eaf4   0x0800eaf4   0x00000160   Code   RO        10231    i.xQueueGenericSend  queue.o
    0x0800ec54   0x0800ec54   0x000000bc   Code   RO        10232    i.xQueueGenericSendFromISR  queue.o
    0x0800ed10   0x0800ed10   0x00000138   Code   RO        10240    i.xQueueReceive     queue.o
    0x0800ee48   0x0800ee48   0x00000088   Code   RO        10576    i.xTaskCheckForTimeOut  tasks.o
    0x0800eed0   0x0800eed0   0x0000005a   Code   RO        10577    i.xTaskCreate       tasks.o
    0x0800ef2a   0x0800ef2a   0x00000056   Code   RO        10578    i.xTaskCreateStatic  tasks.o
    0x0800ef80   0x0800ef80   0x0000001c   Code   RO        10583    i.xTaskGetSchedulerState  tasks.o
    0x0800ef9c   0x0800ef9c   0x0000000c   Code   RO        10584    i.xTaskGetTickCount  tasks.o
    0x0800efa8   0x0800efa8   0x000000c8   Code   RO        10586    i.xTaskIncrementTick  tasks.o
    0x0800f070   0x0800f070   0x00000098   Code   RO        10589    i.xTaskPriorityDisinherit  tasks.o
    0x0800f108   0x0800f108   0x00000074   Code   RO        10591    i.xTaskRemoveFromEventList  tasks.o
    0x0800f17c   0x0800f17c   0x000000c4   Code   RO        10592    i.xTaskResumeAll    tasks.o
    0x0800f240   0x0800f240   0x00000060   Code   RO        10886    i.xTimerCreateTimerTask  timers.o
    0x0800f2a0   0x0800f2a0   0x00000068   Code   RO        10887    i.xTimerGenericCommand  timers.o
    0x0800f308   0x0800f308   0x0000002c   Code   RO        12803    locale$$code        c_w.l(lc_numeric_c.o)
    0x0800f334   0x0800f334   0x0000002c   Code   RO        12834    locale$$code        c_w.l(lc_ctype_c.o)
    0x0800f360   0x0800f360   0x000002c4   Code   RO        12285    x$fpl$d2f           g_wm.l(d2f_clz.o)
    0x0800f624   0x0800f624   0x00000018   Code   RO        12603    x$fpl$dcmpinf       g_wm.l(dcmpi.o)
    0x0800f63c   0x0800f63c   0x0000001a   Code   RO        12299    x$fpl$dfltn         g_wm.l(dflt_clz.o)
    0x0800f656   0x0800f656   0x00000002   PAD
    0x0800f658   0x0800f658   0x00000078   Code   RO        12303    x$fpl$dleqf         g_wm.l(dleqf.o)
    0x0800f6d0   0x0800f6d0   0x00000102   Code   RO        12607    x$fpl$dnaninf       g_wm.l(dnaninf.o)
    0x0800f7d2   0x0800f7d2   0x00000070   Code   RO        12609    x$fpl$drenorm       g_wm.l(drenorm_clz.o)
    0x0800f842   0x0800f842   0x0000000c   Code   RO        12611    x$fpl$dretinf       g_wm.l(dretinf.o)
    0x0800f84e   0x0800f84e   0x00000062   Code   RO        12307    x$fpl$drleqf        g_wm.l(drleqf.o)
    0x0800f8b0   0x0800f8b0   0x0000017a   Code   RO        12615    x$fpl$dunder        g_wm.l(dunder_clz.o)
    0x0800fa2a   0x0800fa2a   0x00000002   PAD
    0x0800fa2c   0x0800fa2c   0x000001ec   Code   RO        12617    x$fpl$exception     g_wm.l(except.o)
    0x0800fc18   0x0800fc18   0x0000007a   Code   RO        12309    x$fpl$f2d           g_wm.l(f2d.o)
    0x0800fc92   0x0800fc92   0x000000f2   Code   RO        12619    x$fpl$fnaninf       g_wm.l(fnaninf.o)
    0x0800fd84   0x0800fd84   0x0000000a   Code   RO        12753    x$fpl$fpinit        g_wm.l(fpinit.o)
    0x0800fd8e   0x0800fd8e   0x0000000a   Code   RO        12621    x$fpl$fretinf       g_wm.l(fretinf.o)
    0x0800fd98   0x0800fd98   0x0000013c   Code   RO        12623    x$fpl$funder        g_wm.l(funder_clz.o)
    0x0800fed4   0x0800fed4   0x00000020   Code   RO        12625    x$fpl$ieeestatus    g_wm.l(istatus.o)
    0x0800fef4   0x0800fef4   0x00000004   Code   RO        12627    x$fpl$printf1       g_wm.l(printf1.o)
    0x0800fef8   0x0800fef8   0x00000004   Code   RO        12629    x$fpl$printf2       g_wm.l(printf2.o)
    0x0800fefc   0x0800fefc   0x000000b2   Code   RO        12755    x$fpl$retnan        g_wm.l(retnan.o)
    0x0800ffae   0x0800ffae   0x0000007e   Code   RO        12635    x$fpl$trapveneer    g_wm.l(trapv.o)
    0x0801002c   0x0801002c   0x00000000   Code   RO        12637    x$fpl$usenofp       g_wm.l(usenofp.o)
    0x0801002c   0x0801002c   0x000000fc   Data   RO          416    .constdata          freertos.o
    0x08010128   0x08010128   0x00000010   Data   RO         1515    .constdata          system_stm32f4xx.o
    0x08010138   0x08010138   0x00000008   Data   RO         1516    .constdata          system_stm32f4xx.o
    0x08010140   0x08010140   0x0000005a   Data   RO         2415    .constdata          detect_task.o
    0x0801019a   0x0801019a   0x00000002   PAD
    0x0801019c   0x0801019c   0x00000030   Data   RO         2740    .constdata          ins_task.o
    0x080101cc   0x080101cc   0x00000008   Data   RO         3329    .constdata          naive_gimbal_task.o
    0x080101d4   0x080101d4   0x00000018   Data   RO         3729    .constdata          naive_shoot_task.o
    0x080101ec   0x080101ec   0x00000874   Data   RO         4141    .constdata          oled.o
    0x08010a60   0x08010a60   0x00000090   Data   RO         4816    .constdata          quaternionekf.o
    0x08010af0   0x08010af0   0x00000300   Data   RO         4879    .constdata          crc8_crc16.o
    0x08010df0   0x08010df0   0x00000008   Data   RO         6377    .constdata          stm32f4xx_hal_dma.o
    0x08010df8   0x08010df8   0x00000804   Data   RO        12171    .constdata          arm_cortexM4lf_math.lib(arm_common_tables.o)
    0x080115fc   0x080115fc   0x00000008   Data   RO        12480    .constdata          c_w.l(_printf_wctomb.o)
    0x08011604   0x08011604   0x00000028   Data   RO        12509    .constdata          c_w.l(_printf_hex_int_ll_ptr.o)
    0x0801162c   0x0801162c   0x00000011   Data   RO        12529    .constdata          c_w.l(__printf_flags_ss_wp.o)
    0x0801163d   0x0801163d   0x00000026   Data   RO        12729    .constdata          c_w.l(_printf_fp_hex.o)
    0x08011663   0x08011663   0x00000001   PAD
    0x08011664   0x08011664   0x00000094   Data   RO        12778    .constdata          c_w.l(bigflt0.o)
    0x080116f8   0x080116f8   0x00000064   Data   RO          417    .conststring        freertos.o
    0x0801175c   0x0801175c   0x00000020   Data   RO        12888    Region$$Table       anon$$obj.o
    0x0801177c   0x0801177c   0x0000001c   Data   RO        12802    locale$$data        c_w.l(lc_numeric_c.o)
    0x08011798   0x08011798   0x00000110   Data   RO        12833    locale$$data        c_w.l(lc_ctype_c.o)


    Execution Region RW_IRAM1 (Exec base: 0x20000000, Load base: 0x080118a8, Size: 0x0000d0f8, Max: 0x00020000, ABSOLUTE, COMPRESSED[0x000000a4])

    Exec Addr    Load Addr    Size         Type   Attr      Idx    E Section Name        Object

    0x20000000   COMPRESSED   0x00000024   Data   RW          418    .data               freertos.o
    0x20000024   COMPRESSED   0x00000004   Data   RW          538    .data               can.o
    0x20000028   COMPRESSED   0x00000008   Data   RW          585    .data               crc.o
    0x20000030   COMPRESSED   0x00000004   Data   RW         1517    .data               system_stm32f4xx.o
    0x20000034   COMPRESSED   0x00000008   Data   RW         1803    .data               bsp_delay.o
    0x2000003c   COMPRESSED   0x00000008   Data   RW         2071    .data               bsp_led.o
    0x20000044   COMPRESSED   0x00000004   PAD
    0x20000048   COMPRESSED   0x00000040   Data   RW         2317    .data               bsp_dwt.o
    0x20000088   COMPRESSED   0x0000000c   Data   RW         2416    .data               detect_task.o
    0x20000094   COMPRESSED   0x00000044   Data   RW         2741    .data               ins_task.o
    0x200000d8   COMPRESSED   0x00000002   Data   RW         2914    .data               referee_usart_task.o
    0x200000da   COMPRESSED   0x00000004   Data   RW         2972    .data               remote_control.o
    0x200000de   COMPRESSED   0x00000002   PAD
    0x200000e0   COMPRESSED   0x0000001c   Data   RW         3227    .data               led_flow_task.o
    0x200000fc   COMPRESSED   0x00000008   Data   RW         3263    .data               servo_task.o
    0x20000104   COMPRESSED   0x00000004   PAD
    0x20000108   COMPRESSED   0x00000060   Data   RW         3330    .data               naive_gimbal_task.o
    0x20000168   COMPRESSED   0x0000000c   Data   RW         3634    .data               nuccommu.o
    0x20000174   COMPRESSED   0x0000004c   Data   RW         3730    .data               naive_shoot_task.o
    0x200001c0   COMPRESSED   0x00000014   Data   RW         3939    .data               robot_total_mode.o
    0x200001d4   COMPRESSED   0x00000048   Data   RW         4013    .data               can_receive.o
    0x2000021c   COMPRESSED   0x00000008   Data   RW         4142    .data               oled.o
    0x20000224   COMPRESSED   0x00000048   Data   RW         4442    .data               bmi088driver.o
    0x2000026c   COMPRESSED   0x00000004   Data   RW         4519    .data               bmi088middleware.o
    0x20000270   COMPRESSED   0x00000014   Data   RW         4589    .data               user_lib.o
    0x20000284   COMPRESSED   0x00000004   Data   RW         4734    .data               kalman_filter.o
    0x20000288   COMPRESSED   0x000000d4   Data   RW         4817    .data               quaternionekf.o
    0x2000035c   COMPRESSED   0x00000002   Data   RW         4880    .data               crc8_crc16.o
    0x2000035e   COMPRESSED   0x00000002   PAD
    0x20000360   COMPRESSED   0x0000000c   Data   RW         6804    .data               stm32f4xx_hal.o
    0x2000036c   COMPRESSED   0x0000003c   Data   RW        10595    .data               tasks.o
    0x200003a8   COMPRESSED   0x00000014   Data   RW        10895    .data               timers.o
    0x200003bc   COMPRESSED   0x00000018   Data   RW        11404    .data               heap_4.o
    0x200003d4   COMPRESSED   0x0000000c   Data   RW        11455    .data               port.o
    0x200003e0   COMPRESSED   0x00000001   Data   RW        11671    .data               usbd_ctlreq.o
    0x200003e1   COMPRESSED   0x00000003   PAD
    0x200003e4        -       0x000006a8   Zero   RW          415    .bss                freertos.o
    0x20000a8c        -       0x00000090   Zero   RW          489    .bss                adc.o
    0x20000b1c        -       0x00000050   Zero   RW          537    .bss                can.o
    0x20000b6c        -       0x0000015c   Zero   RW          653    .bss                i2c.o
    0x20000cc8        -       0x00000010   Zero   RW          705    .bss                rng.o
    0x20000cd8        -       0x00000020   Zero   RW          747    .bss                rtc.o
    0x20000cf8        -       0x00000170   Zero   RW          790    .bss                spi.o
    0x20000e68        -       0x00000180   Zero   RW          843    .bss                tim.o
    0x20000fe8        -       0x000002a0   Zero   RW          917    .bss                usart.o
    0x20001288        -       0x00000408   Zero   RW         1047    .bss                usbd_conf.o
    0x20001690        -       0x00000240   Zero   RW         2414    .bss                detect_task.o
    0x200018d0        -       0x00000028   Zero   RW         2493    .bss                communication_task.o
    0x200018f8        -       0x00000148   Zero   RW         2739    .bss                ins_task.o
    0x20001a40        -       0x000008a1   Zero   RW         2913    .bss                referee_usart_task.o
    0x200022e1        -       0x00000072   Zero   RW         2971    .bss                remote_control.o
    0x20002353   COMPRESSED   0x00000001   PAD
    0x20002354        -       0x00000048   Zero   RW         3262    .bss                servo_task.o
    0x2000239c        -       0x000001b0   Zero   RW         3328    .bss                naive_gimbal_task.o
    0x2000254c        -       0x00000054   Zero   RW         3633    .bss                nuccommu.o
    0x200025a0        -       0x000000ec   Zero   RW         3728    .bss                naive_shoot_task.o
    0x2000268c        -       0x00000104   Zero   RW         4012    .bss                can_receive.o
    0x20002790        -       0x00000417   Zero   RW         4140    .bss                oled.o
    0x20002ba7   COMPRESSED   0x00000001   PAD
    0x20002ba8        -       0x00000040   Zero   RW         4441    .bss                bmi088driver.o
    0x20002be8        -       0x00000270   Zero   RW         4815    .bss                quaternionekf.o
    0x20002e58        -       0x00000040   Zero   RW        10243    .bss                queue.o
    0x20002e98        -       0x000000f0   Zero   RW        10594    .bss                tasks.o
    0x20002f88        -       0x00000110   Zero   RW        10894    .bss                timers.o
    0x20003098        -       0x00006000   Zero   RW        11403    .bss                heap_4.o
    0x20009098        -       0x00000060   Zero   RW        12688    .bss                c_w.l(libspace.o)
    0x200090f8        -       0x00002000   Zero   RW            2    HEAP                startup_stm32f407xx.o
    0x2000b0f8        -       0x00002000   Zero   RW            1    STACK               startup_stm32f407xx.o


==============================================================================

Image component sizes


      Code (inc. data)   RO Data    RW Data    ZI Data      Debug   Object Name

       324         40          0          0        144       2302   adc.o
      2208        108          0         72         64      10921   bmi088driver.o
       100         30          0          4          0       3308   bmi088middleware.o
         0          0          0          0          0     600416   bsp_adc.o
        88          8          0          0          0        582   bsp_can.o
        40         14          0          8          0        661   bsp_delay.o
       448         68          0         64          0       4554   bsp_dwt.o
       528         64          0          0          0       4418   bsp_i2c.o
        16          4          0          0          0        451   bsp_laser.o
        60          8          0          8          0        616   bsp_led.o
        96         12          0          0          0       1119   bsp_nuccom.o
        42          0          0          0          0        914   bsp_pwm.o
        96         12          0          0          0       1014   bsp_rc.o
        62          0          0          0          0       1584   bsp_servo_pwm.o
       172         24          0          0          0       1625   bsp_usart.o
       388         42          0          4         80       2434   can.o
       668         72          0         72        260       9294   can_receive.o
       120          0          0          0          0      22293   cmsis_os.o
       212         10          0          0         40       3425   communication_task.o
      1728         12          0          0          0       7813   controller.o
        76         18          0          8          0       1487   crc.o
       144         16        768          2          0       3068   crc8_crc16.o
       488         36         90         12        576       4998   detect_task.o
       172          4          0          0          0        846   dma.o
         0          0          0          0          0      16364   event_groups.o
       124          0          0          0          0       7718   fifo.o
       276         20        352         36       1704       4273   freertos.o
       460         30          0          0          0       1227   gpio.o
       460         24          0         24      24576       4787   heap_4.o
       548         82          0          0        348       3120   i2c.o
      1832        120         48         68        328      26697   ins_task.o
      2222         20          0          4          0       9635   kalman_filter.o
       280          8          0         28          0       1645   led_flow_task.o
       138          0          0          0          0       3558   list.o
       310         16          0          0          0     793930   main.o
      2140        182          8         96        432     626362   naive_gimbal_task.o
      1146         94         24         76        236      13257   naive_shoot_task.o
       334         32          0         12         84       6087   nuccommu.o
       432         42       2164          8       1047       7644   oled.o
       484         18          0          0          0       3130   pid.o
       786         82          0         12          0      11957   port.o
      2856        172        144        212        624       8670   quaternionekf.o
      1500         20          0          0         64      14696   queue.o
       152         20          0          2       2209       4287   referee_usart_task.o
       392         34          0          4        114     586772   remote_control.o
        76         18          0          0         16       1487   rng.o
       320         64          0         20          0       3378   robot_total_mode.o
        80         18          0          0         32       1439   rtc.o
       160         22          0          8         72       5032   servo_task.o
       472         44          0          0        368       2576   spi.o
        64         26        392          0      16384        844   startup_stm32f407xx.o
       180         28          0         12          0       4581   stm32f4xx_hal.o
       712         28          0          0          0       2883   stm32f4xx_hal_adc.o
      1638          6          0          0          0      14287   stm32f4xx_hal_can.o
       234         24          0          0          0      34578   stm32f4xx_hal_cortex.o
        38          0          0          0          0       1055   stm32f4xx_hal_crc.o
       752         16          8          0          0       4080   stm32f4xx_hal_dma.o
       468         50          0          0          0       3600   stm32f4xx_hal_gpio.o
      1260         30          0          0          0       8933   stm32f4xx_hal_i2c.o
        56          4          0          0          0        838   stm32f4xx_hal_msp.o
      1986         18          0          0          0       9743   stm32f4xx_hal_pcd.o
         2          0          0          0          0        937   stm32f4xx_hal_pcd_ex.o
      1276         86          0          0          0       5632   stm32f4xx_hal_rcc.o
       316         20          0          0          0       1392   stm32f4xx_hal_rcc_ex.o
        50          0          0          0          0       1079   stm32f4xx_hal_rng.o
       284          6          0          0          0       2864   stm32f4xx_hal_rtc.o
       846          8          0          0          0       4741   stm32f4xx_hal_spi.o
      1356         90          0          0          0      13349   stm32f4xx_hal_tim.o
       150          0          0          0          0       2144   stm32f4xx_hal_tim_ex.o
      1068          8          0          0          0       4108   stm32f4xx_hal_uart.o
       146         42          0          0          0       8365   stm32f4xx_it.o
      1700         98          0          0          0      15575   stm32f4xx_ll_usb.o
        84         18         24          4          0       1159   system_stm32f4xx.o
      2168        162          0         60        240      24710   tasks.o
      1748        142          0          0        384       6671   tim.o
       912         82          0         20        272      26407   timers.o
         0          0          0          0          0       1492   transfer_function.o
       792         78          0          0        672       3579   usart.o
       362          4          0          0       1032      11861   usbd_conf.o
       628          0          0          0          0      10195   usbd_core.o
      1114         28          0          1          0       7247   usbd_ctlreq.o
       102          0          0          0          0       3808   usbd_ioreq.o
       728          4          0         20          0       8145   user_lib.o

    ----------------------------------------------------------------------
     49548       2890       4056        996      52404    3110753   Object Totals
         0          0         32          0          0          0   (incl. Generated)
        72          0          2         15          2          0   (incl. Padding)

    ----------------------------------------------------------------------

      Code (inc. data)   RO Data    RW Data    ZI Data      Debug   Library Member Name

         0          0       2052          0          0       4636   arm_common_tables.o
       120         12          0          0          0      16970   arm_cos_f32.o
       264          0          0          0          0       1482   arm_mat_add_f32.o
         8          0          0          0          0        843   arm_mat_init_f32.o
      1328          4          0          0          0       2718   arm_mat_inverse_f32.o
       316          4          0          0          0       1627   arm_mat_mult_f32.o
       264          0          0          0          0       1482   arm_mat_sub_f32.o
       276          0          0          0          0       1516   arm_mat_trans_f32.o
       116         12          0          0          0        658   arm_sin_f32.o
        90          0          0          0          0          0   __dczerorl2.o
         8          0          0          0          0         68   __main.o
       392          4         17          0          0         92   __printf_flags_ss_wp.o
        14          0          0          0          0         68   __printf_wp.o
         0          0          0          0          0          0   __rtentry.o
        12          0          0          0          0          0   __rtentry2.o
         6          0          0          0          0          0   __rtentry4.o
        52          8          0          0          0          0   __scatter.o
        28          0          0          0          0          0   __scatter_zi.o
        48          4          0          0          0         84   _fptrap.o
         6          0          0          0          0          0   _printf_a.o
         6          0          0          0          0          0   _printf_c.o
        44          0          0          0          0        108   _printf_char.o
        48          6          0          0          0         96   _printf_char_common.o
        40          0          0          0          0         68   _printf_charcount.o
         6          0          0          0          0          0   _printf_d.o
       120         16          0          0          0         92   _printf_dec.o
         6          0          0          0          0          0   _printf_e.o
         6          0          0          0          0          0   _printf_f.o
      1054          0          0          0          0        216   _printf_fp_dec.o
       764          8         38          0          0        100   _printf_fp_hex.o
       128         16          0          0          0         84   _printf_fp_infnan.o
         6          0          0          0          0          0   _printf_g.o
       148          4         40          0          0        160   _printf_hex_int_ll_ptr.o
         6          0          0          0          0          0   _printf_i.o
       178          0          0          0          0         88   _printf_intcommon.o
        10          0          0          0          0          0   _printf_l.o
         6          0          0          0          0          0   _printf_lc.o
        10          0          0          0          0          0   _printf_ll.o
         6          0          0          0          0          0   _printf_lld.o
         6          0          0          0          0          0   _printf_lli.o
         6          0          0          0          0          0   _printf_llo.o
         6          0          0          0          0          0   _printf_llu.o
         6          0          0          0          0          0   _printf_llx.o
       124         16          0          0          0         92   _printf_longlong_dec.o
         6          0          0          0          0          0   _printf_ls.o
         6          0          0          0          0          0   _printf_n.o
         6          0          0          0          0          0   _printf_o.o
       112         10          0          0          0        124   _printf_oct_int_ll.o
         6          0          0          0          0          0   _printf_p.o
        78          0          0          0          0        108   _printf_pad.o
         0          0          0          0          0          0   _printf_percent.o
         4          0          0          0          0          0   _printf_percent_end.o
         6          0          0          0          0          0   _printf_s.o
        82          0          0          0          0         80   _printf_str.o
        36          0          0          0          0         84   _printf_truncate.o
         6          0          0          0          0          0   _printf_u.o
        44          0          0          0          0        108   _printf_wchar.o
       188          6          8          0          0         92   _printf_wctomb.o
         6          0          0          0          0          0   _printf_x.o
        22          0          0          0          0        100   _rserrno.o
        10          0          0          0          0         68   _sputc.o
        64          0          0          0          0         92   _wcrtomb.o
        16          0          0          0          0         68   aeabi_memset.o
       228          4        148          0          0         96   bigflt0.o
      1936        128          0          0          0        672   btod.o
        10          0          0          0          0         68   defsig_exit.o
       172        110          0          0          0         76   defsig_fpe_inner.o
        14          0          0          0          0         80   defsig_fpe_outer.o
        50          0          0          0          0         88   defsig_general.o
        80         58          0          0          0         76   defsig_rtmem_inner.o
        14          0          0          0          0         80   defsig_rtmem_outer.o
        18          0          0          0          0         80   exit.o
        94          0          0          0          0         80   h1_alloc.o
        52          0          0          0          0         68   h1_extend.o
        78          0          0          0          0         80   h1_free.o
        14          0          0          0          0         84   h1_init.o
         6          0          0          0          0        152   heapauxi.o
         4          0          0          0          0        136   hguard.o
         0          0          0          0          0          0   indicate_semi.o
       138          0          0          0          0        168   init_alloc.o
        44         10        272          0          0         76   lc_ctype_c.o
        44         10         28          0          0         76   lc_numeric_c.o
         2          0          0          0          0          0   libinit.o
        42          0          0          0          0          0   libinit2.o
         2          0          0          0          0          0   libshutdown.o
         2          0          0          0          0          0   libshutdown2.o
         8          4          0          0         96         68   libspace.o
       138          0          0          0          0         80   lludiv10.o
       238          0          0          0          0        100   lludivv7m.o
         0          0          0          0          0          0   maybetermalloc1.o
        16          4          0          0          0         76   rt_ctype_table.o
         8          4          0          0          0         68   rt_errno_addr_intlibspace.o
         8          4          0          0          0         68   rt_heap_descriptor_intlibspace.o
         8          4          0          0          0         68   rt_locale_intlibspace.o
        68          0          0          0          0         68   rt_memclr.o
        78          0          0          0          0         80   rt_memclr_w.o
       138          0          0          0          0         68   rt_memcpy_v6.o
       100          0          0          0          0         80   rt_memcpy_w.o
         2          0          0          0          0          0   rtexit.o
        10          0          0          0          0          0   rtexit2.o
       128          0          0          0          0         68   strcmpv7m.o
        12          4          0          0          0         68   sys_exit.o
        74          0          0          0          0         80   sys_stackheap_outer.o
        14          0          0          0          0         76   sys_wrch.o
         2          0          0          0          0         68   use_no_semi.o
        36          4          0          0          0         76   vsprintf.o
       708         16          0          0          0        140   d2f_clz.o
        24          0          0          0          0        116   dcmpi.o
        26          0          0          0          0        116   dflt_clz.o
       120          8          0          0          0        140   dleqf.o
       258          4          0          0          0        156   dnaninf.o
       112          0          0          0          0        160   drenorm_clz.o
        12          0          0          0          0        116   dretinf.o
        98          0          0          0          0        128   drleqf.o
       378          0          0          0          0        168   dunder_clz.o
       492         36          0          0          0        148   except.o
       122          8          0          0          0        132   f2d.o
       242          4          0          0          0        144   fnaninf.o
        10          0          0          0          0        116   fpinit.o
        10          0          0          0          0        116   fretinf.o
       316          0          0          0          0        132   funder_clz.o
        32          4          0          0          0        116   istatus.o
         4          0          0          0          0        116   printf1.o
         4          0          0          0          0        116   printf2.o
       178          0          0          0          0        116   retnan.o
       126          0          0          0          0        148   trapv.o
         0          0          0          0          0          0   usenofp.o
       280         46          0          0          0        176   acosf.o
       300         42          0          0          0        176   asinf.o
       592         90          0          0          0        184   atan2f.o
        48          0          0          0          0        124   fpclassify.o
        38          0          0          0          0        116   fpclassifyf.o
        44         12          0          0          0        464   funder.o
       120          0          0          0          0        272   sqrtf_full.o

    ----------------------------------------------------------------------
     15640        748       2604          0         96      41920   Library Totals
        30          0          1          0          0          0   (incl. Padding)

    ----------------------------------------------------------------------

      Code (inc. data)   RO Data    RW Data    ZI Data      Debug   Library Name

      2692         32       2052          0          0      31932   arm_cortexM4lf_math.lib
      8224        446        551          0         96       5836   c_w.l
      3272         80          0          0          0       2640   g_wm.l
      1422        190          0          0          0       1512   m_wm.l

    ----------------------------------------------------------------------
     15640        748       2604          0         96      41920   Library Totals

    ----------------------------------------------------------------------

==============================================================================


      Code (inc. data)   RO Data    RW Data    ZI Data      Debug   

     65188       3638       6660        996      52500    3105045   Grand Totals
     65188       3638       6660        164      52500    3105045   ELF Image Totals (compressed)
     65188       3638       6660        164          0          0   ROM Totals

==============================================================================

    Total RO  Size (Code + RO Data)                71848 (  70.16kB)
    Total RW  Size (RW Data + ZI Data)             53496 (  52.24kB)
    Total ROM Size (Code + RO Data + RW Data)      72012 (  70.32kB)

==============================================================================

