<html>
<body>
<pre>
<h1>礦ision Build Log</h1>
<h2>Tool Versions:</h2>
IDE-Version: μVision V5.24.2.0
Copyright (C) 2017 ARM Ltd and ARM Germany GmbH. All rights reserved.
License Information:  ,  , LIC=CZLZX-H6T0Z-TG17T-R95BH-XARN2-GJDL0
 
Tool Versions:
Toolchain:       MDK-ARM Plus  Version: 5.24.1
Toolchain Path:  E:\Softwares\Keil_v5\ARM\ARMCC\Bin
C Compiler:      Armcc.exe V5.06 update 5 (build 528)
Assembler:       Armasm.exe V5.06 update 5 (build 528)
Linker/Locator:  ArmLink.exe V5.06 update 5 (build 528)
Library Manager: ArmAr.exe V5.06 update 5 (build 528)
Hex Converter:   FromElf.exe V5.06 update 5 (build 528)
CPU DLL:         SARMCM3.DLL V5.24.1
Dialog DLL:      DCM.DLL V1.16.0.0
Target DLL:      CMSIS_AGDI.dll V1.28.3.0
Dialog DLL:      TCM.DLL V1.32.0.0
 
<h2>Project:</h2>
E:\Documents\STM32 Projects\RM\new\v7\MDK-ARM\standard_robot.uvprojx
Project File Date:  01/16/2025

<h2>Output:</h2>
*** Using Compiler 'V5.06 update 5 (build 528)', folder: 'E:\Softwares\Keil_v5\ARM\ARMCC\Bin'
Build target 'standard_robot'
compiling nucCommu.c...
..\SAS_Code\NUC_communicate\nucCommu.c(273): warning:  #1-D: last line of file ends without a newline
  // }
..\SAS_Code\NUC_communicate\nucCommu.c(28): warning:  #177-D: variable "buzzer_time"  was declared but never referenced
  static int buzzer_time;
..\SAS_Code\NUC_communicate\nucCommu.c: 2 warnings, 0 errors
compiling naive_shoot_task.c...
..\SAS_Code\naive_shoot_task.c(275): warning:  #1035-D: single-precision operand implicitly converted to double-precision
  			if((nuc_p->confidence.data>0.9845)){
..\SAS_Code\naive_shoot_task.c(380): warning:  #177-D: variable "lastShootMultiTime"  was declared but never referenced
      static uint32_t lastShootMultiTime=0;
..\SAS_Code\naive_shoot_task.c(381): warning:  #550-D: variable "shootOneEnterTime"  was set but never used
      static uint32_t shootOneEnterTime = 0;  //进入发射一发的状态的时刻
..\SAS_Code\naive_shoot_task.c(383): warning:  #177-D: variable "solveStuckEnterTime"  was declared but never referenced
      static uint32_t solveStuckEnterTime = 0;   // 在发射一发的状态中停留的时间
..\SAS_Code\naive_shoot_task.c(128): warning:  #177-D: variable "highspeedshoot"  was declared but never referenced
  static int highspeedshoot=0;
..\SAS_Code\naive_shoot_task.c(139): warning:  #550-D: variable "pressTimeDebug"  was set but never used
  static uint32_t pressTimeDebug;
..\SAS_Code\naive_shoot_task.c: 6 warnings, 0 errors
linking...
Program Size: Code=65188 RO-data=6660 RW-data=996 ZI-data=52500  
"standard_tpye_c\standard_tpye_c.axf" - 0 Error(s), 8 Warning(s).

<h2>Software Packages used:</h2>

Package Vendor: ARM
                http://www.keil.com/pack/ARM.CMSIS.5.8.0.pack
                ARM.CMSIS.5.8.0
                CMSIS (Common Microcontroller Software Interface Standard)
   * Component: CORE Version: 5.5.0

Package Vendor: Keil
                https://www.keil.com/pack/Keil.STM32F4xx_DFP.2.17.1.pack
                Keil.STM32F4xx_DFP.2.17.1
                STMicroelectronics STM32F4 Series Device Support, Drivers and Examples

<h2>Collection of Component include folders:</h2>
  .\RTE\_standard_robot
  E:\Softwares\Keil_v5\ARM\PACK\ARM\CMSIS\5.8.0\CMSIS\Core\Include
  E:\Softwares\Keil_v5\ARM\PACK\Keil\STM32F4xx_DFP\2.17.1\Drivers\CMSIS\Device\ST\STM32F4xx\Include

<h2>Collection of Component Files used:</h2>

   * Component: ARM::CMSIS:CORE:5.5.0
Build Time Elapsed:  00:00:05
</pre>
</body>
</html>
